03-12 13:05:36.944 27625 27780 W System.err: 	at java.util.concurrent.Semaphore.acquire(Semaphore.java:284)
03-12 13:05:36.944 27625 27780 W System.err: 	at com.ftdi.j2xx.ProcessInCtrl.acquireReadableBuffer(FT_Device.java:2294)
03-12 13:05:36.944 27625 27780 W System.err: 	at com.ftdi.j2xx.ProcessRequestWorker.run(FT_Device.java:2764)
03-12 13:05:36.944 27625 27780 W System.err: 	at java.lang.Thread.run(Thread.java:818)
03-12 13:05:36.945 27625 27772 W RobotCore: could not write to Modern Robotics USB Servo Controller [A104OQZS]: FTDI Null Pointer Exception
03-12 13:05:36.945 27625 27772 E RobotCore: java.lang.NullPointerException: Attempt to invoke interface method 'void java.util.concurrent.locks.Lock.unlock()' on a null object reference
03-12 13:05:36.945 27625 27772 E RobotCore:     at com.ftdi.j2xx.ProcessInCtrl.readBulkInData(FT_Device.java:2520)
03-12 13:05:36.945 27625 27772 E RobotCore:     at com.ftdi.j2xx.FT_Device.read(FT_Device.java:666)
03-12 13:05:36.945 27625 27772 E RobotCore:     at com.qualcomm.robotcore.hardware.usb.ftdi.RobotUsbDeviceFtdi.read(RobotUsbDeviceFtdi.java:199)
03-12 13:05:36.945 27625 27772 E RobotCore:     at com.qualcomm.robotcore.hardware.usb.ftdi.RobotUsbDeviceFtdi.read(RobotUsbDeviceFtdi.java:176)
03-12 13:05:36.945 27625 27772 E RobotCore:     at com.qualcomm.modernrobotics.ReadWriteRunnableUsbHandler.b(SourceFile:109)
03-12 13:05:36.945 27625 27772 E RobotCore:     at com.qualcomm.modernrobotics.ReadWriteRunnableUsbHandler.write(SourceFile:98)
03-12 13:05:36.945 27625 27772 E RobotCore:     at com.qualcomm.hardware.modernrobotics.ReadWriteRunnableStandard$1.run(ReadWriteRunnableStandard.java:394)
03-12 13:05:36.945 27625 27772 E RobotCore:     at com.qualcomm.robotcore.util.ThreadPool.logThreadLifeCycle(ThreadPool.java:513)
03-12 13:05:36.945 27625 27772 E RobotCore:     at com.qualcomm.hardware.modernrobotics.ReadWriteRunnableStandard.run(ReadWriteRunnableStandard.java:302)
03-12 13:05:36.945 27625 27772 E RobotCore:     at java.util.concurrent.ThreadPoolExecutor.runWorker(ThreadPoolExecutor.java:1113)
03-12 13:05:36.945 27625 27772 E RobotCore:     at java.util.concurrent.ThreadPoolExecutor$Worker.run(ThreadPoolExecutor.java:588)
03-12 13:05:36.945 27625 27772 E RobotCore:     at java.lang.Thread.run(Thread.java:818)
03-12 13:05:36.945 27625 27779 D BulkIn::: Stop BulkIn thread
03-12 13:05:36.945 27625 27779 W System.err: java.lang.NullPointerException: Attempt to invoke virtual method 'int com.ftdi.j2xx.D2xxManager$DriverParameters.getBufferNumber()' on a null object reference
03-12 13:05:36.945 27625 27772 V RobotCore: thread: ...terminating 'r/w loop: Modern Robotics USB Servo Controller [A104OQZS]'
03-12 13:05:36.945 27625 27779 W System.err: 	at com.ftdi.j2xx.ProcessInCtrl.releaseWritableBuffers(FT_Device.java:2672)
03-12 13:05:36.945 27625 27779 W System.err: 	at com.ftdi.j2xx.BulkInWorker.run(FT_Device.java:2879)
03-12 13:05:36.946 27625 27758 D ProcessRequestThread::: Device has been closed.
03-12 13:05:36.946 27625 27789 D ProcessRequestThread::: Device has been closed.
03-12 13:05:36.946 27625 27793 W RobotCore: could not write to Modern Robotics USB Servo Controller [AL00XLHS]: FTDI Null Pointer Exception
03-12 13:05:36.946 27625 27793 E RobotCore: java.lang.NullPointerException: Attempt to invoke interface method 'void java.util.concurrent.locks.Lock.unlock()' on a null object reference
03-12 13:05:36.947 27625 27793 E RobotCore:     at com.ftdi.j2xx.ProcessInCtrl.readBulkInData(FT_Device.java:2520)
03-12 13:05:36.947 27625 27793 E RobotCore:     at com.ftdi.j2xx.FT_Device.read(FT_Device.java:666)
03-12 13:05:36.947 27625 27793 E RobotCore:     at com.qualcomm.robotcore.hardware.usb.ftdi.RobotUsbDeviceFtdi.read(RobotUsbDeviceFtdi.java:199)
03-12 13:05:36.947 27625 27793 E RobotCore:     at com.qualcomm.robotcore.hardware.usb.ftdi.RobotUsbDeviceFtdi.read(RobotUsbDeviceFtdi.java:176)
03-12 13:05:36.947 27625 27793 E RobotCore:     at com.qualcomm.modernrobotics.ReadWriteRunnableUsbHandler.b(SourceFile:109)
03-12 13:05:36.947 27625 27793 E RobotCore:     at com.qualcomm.modernrobotics.ReadWriteRunnableUsbHandler.write(SourceFile:98)
03-12 13:05:36.947 27625 27793 E RobotCore:     at com.qualcomm.hardware.modernrobotics.ReadWriteRunnableStandard$1.run(ReadWriteRunnableStandard.java:394)
03-12 13:05:36.947 27625 27793 E RobotCore:     at com.qualcomm.robotcore.util.ThreadPool.logThreadLifeCycle(ThreadPool.java:513)
03-12 13:05:36.947 27625 27793 E RobotCore:     at com.qualcomm.hardware.modernrobotics.ReadWriteRunnableStandard.run(ReadWriteRunnableStandard.java:302)
03-12 13:05:36.947 27625 27793 E RobotCore:     at java.util.concurrent.ThreadPoolExecutor.runWorker(ThreadPoolExecutor.java:1113)
03-12 13:05:36.947 27625 27793 E RobotCore:     at java.util.concurrent.ThreadPoolExecutor$Worker.run(ThreadPoolExecutor.java:588)
03-12 13:05:36.947 27625 27793 E RobotCore:     at java.lang.Thread.run(Thread.java:818)
03-12 13:05:36.947 27625 27793 V RobotCore: thread: ...terminating 'r/w loop: Modern Robotics USB Servo Controller [AL00XLHS]'
03-12 13:05:36.947 27625 27801 D RobotCore: system telemetry: key=$System$Warning$ msg="problem communicating with Modern Robotics USB Legacy Module [AL00XTZO]; problem communicating with Modern Robotics USB Servo Controller [A104OQZS]; problem communicating with Modern Robotics USB Servo Controller [AL00XLHS]; problem communicating with Modern Robotics USB DC Motor Controller [A104OQO9]; problem communicating with Modern Robotics USB Core Device Interface Module [AI041S26]; problem communicating with Modern Robotics USB DC Motor Controller [A7008L4K]"
03-12 13:05:36.948 27625 27801 V RobotCore: event loop: device has shutdown abnormally
03-12 13:05:36.948 27625 27801 V RobotCore: event loop: detaching device owner
03-12 13:05:36.948 27625 27801 I FIRST   : ======= MODULE DETACH RECOVERY: disarm Modern Robotics USB Servo Controller [A104OQZS]=======
03-12 13:05:36.949 27625 27801 D RobotCore: disarming modern servo controller "Modern Robotics USB Servo Controller [A104OQZS]"...
03-12 13:05:36.951 27625 27788 D BulkIn::: Stop BulkIn thread
03-12 13:05:36.951 27625 27779 W System.err: 	at java.lang.Thread.run(Thread.java:818)
03-12 13:05:36.951 27625 27758 W System.err: java.lang.InterruptedException
03-12 13:05:36.952 27625 27758 W System.err: 	at java.util.concurrent.locks.AbstractQueuedSynchronizer.doAcquireSharedInterruptibly(AbstractQueuedSynchronizer.java:972)
03-12 13:05:36.952 27625 27758 W System.err: 	at java.util.concurrent.locks.AbstractQueuedSynchronizer.acquireSharedInterruptibly(AbstractQueuedSynchronizer.java:1278)
03-12 13:05:36.952 27625 27758 W System.err: 	at java.util.concurrent.Semaphore.acquire(Semaphore.java:284)
03-12 13:05:36.952 27625 27758 W System.err: 	at com.ftdi.j2xx.ProcessInCtrl.acquireReadableBuffer(FT_Device.java:2294)
03-12 13:05:36.952 27625 27758 W System.err: 	at com.ftdi.j2xx.ProcessRequestWorker.run(FT_Device.java:2764)
03-12 13:05:36.952 27625 27758 W System.err: 	at java.lang.Thread.run(Thread.java:818)
03-12 13:05:36.953 27625 27757 W System.err: java.lang.NullPointerException: Attempt to invoke virtual method 'int com.ftdi.j2xx.D2xxManager$DriverParameters.getBufferNumber()' on a null object reference
03-12 13:05:36.953 27625 27757 W System.err: 	at com.ftdi.j2xx.ProcessInCtrl.releaseWritableBuffers(FT_Device.java:2672)
03-12 13:05:36.953 27625 27757 W System.err: 	at com.ftdi.j2xx.BulkInWorker.run(FT_Device.java:2879)
03-12 13:05:36.953 27625 27757 W System.err: 	at java.lang.Thread.run(Thread.java:818)
03-12 13:05:36.953 27625 27788 W System.err: java.lang.NullPointerException: Attempt to invoke virtual method 'int com.ftdi.j2xx.D2xxManager$DriverParameters.getBufferNumber()' on a null object reference
03-12 13:05:36.953 27625 27788 W System.err: 	at com.ftdi.j2xx.ProcessInCtrl.releaseWritableBuffers(FT_Device.java:2672)
03-12 13:05:36.954 27625 27788 W System.err: 	at com.ftdi.j2xx.BulkInWorker.run(FT_Device.java:2879)
03-12 13:05:36.954 27625 27788 W System.err: 	at java.lang.Thread.run(Thread.java:818)
03-12 13:05:36.954 27625 27789 W System.err: java.lang.InterruptedException
03-12 13:05:36.954 27625 27789 W System.err: 	at java.util.concurrent.locks.AbstractQueuedSynchronizer.doAcquireSharedInterruptibly(AbstractQueuedSynchronizer.java:972)
03-12 13:05:36.954 27625 27789 W System.err: 	at java.util.concurrent.locks.AbstractQueuedSynchronizer.acquireSharedInterruptibly(AbstractQueuedSynchronizer.java:1278)
03-12 13:05:36.954 27625 27789 W System.err: 	at java.util.concurrent.Semaphore.acquire(Semaphore.java:284)
03-12 13:05:36.954 27625 27789 W System.err: 	at com.ftdi.j2xx.ProcessInCtrl.acquireReadableBuffer(FT_Device.java:2294)
03-12 13:05:36.954 27625 27789 W System.err: 	at com.ftdi.j2xx.ProcessRequestWorker.run(FT_Device.java:2764)
03-12 13:05:36.954 27625 27789 W System.err: 	at java.lang.Thread.run(Thread.java:818)
03-12 13:05:36.955 27625 27801 V RobotCore: executive service ReadWriteRunnable for Modern Robotics USB Device is terminated
03-12 13:05:36.955 27625 27801 D RobotCore: ...disarming modern servo controller Modern Robotics USB Servo Controller [A104OQZS] complete
03-12 13:05:36.955 27625 27801 I FIRST   : ======= MODULE DETACH RECOVERY: pretend Modern Robotics USB Servo Controller [A104OQZS]=======
03-12 13:05:36.955 27625 27801 D RobotCore: arming modern servo controller Modern Robotics USB Servo Controller [A104OQZS] (pretend)...
03-12 13:05:36.955 27625 27801 V RobotCore: Starting up pretend device A104OQZS
03-12 13:05:36.955 27625 27727 D ProcessRequestThread::: Device has been closed.
03-12 13:05:36.956 27625 27727 W System.err: java.lang.InterruptedException
03-12 13:05:36.956 27625 27727 W System.err: 	at java.util.concurrent.locks.AbstractQueuedSynchronizer.doAcquireSharedInterruptibly(AbstractQueuedSynchronizer.java:972)
03-12 13:05:36.956 27625 27727 W System.err: 	at java.util.concurrent.locks.AbstractQueuedSynchronizer.acquireSharedInterruptibly(AbstractQueuedSynchronizer.java:1278)
03-12 13:05:36.956 27625 27727 W System.err: 	at java.util.concurrent.Semaphore.acquire(Semaphore.java:284)
03-12 13:05:36.956 27625 27727 W System.err: 	at com.ftdi.j2xx.ProcessInCtrl.acquireReadableBuffer(FT_Device.java:2294)
03-12 13:05:36.956 27625 27727 W System.err: 	at com.ftdi.j2xx.ProcessRequestWorker.run(FT_Device.java:2764)
03-12 13:05:36.956 27625 27727 W System.err: 	at java.lang.Thread.run(Thread.java:818)
03-12 13:05:36.957 27625 27625 D UsbDeviceConnectionJNI: close
03-12 13:05:36.958 27625 27750 W RobotCore: Modern Robotics USB header sync bytes are incorrect
03-12 13:05:36.958 27625 27750 W RobotCore: [55 aa 80 40 1e] -> [00 00 00 00 00]
03-12 13:05:36.958 27625 27750 W RobotCore: could not read Modern Robotics USB DC Motor Controller [A104OQW3]: comm timeout
03-12 13:05:36.959 27625 27750 W RobotCore: error: closed: FT_Device.read()=-1
03-12 13:05:36.959 27625 27750 V RobotCore: thread: ...terminating 'r/w loop: Modern Robotics USB DC Motor Controller [A104OQW3]'
03-12 13:05:36.961 27625 27999 V RobotCore: thread: 'r/w loop: Modern Robotics USB Servo Controller [A104OQZS]' starting...
03-12 13:05:36.962 27625 27801 D RobotCore: ...arming modern servo controller Modern Robotics USB Servo Controller [A104OQZS] complete
03-12 13:05:36.962 27625 27801 I FIRST   : ======= MODULE DETACH RECOVERY: complete Modern Robotics USB Servo Controller [A104OQZS]=======
03-12 13:05:36.962 27625 27801 V RobotCore: event loop: device has shutdown abnormally
03-12 13:05:36.963 27625 27801 V RobotCore: event loop: detaching device owner
03-12 13:05:36.963 27625 27801 I FIRST   : ======= MODULE DETACH RECOVERY: disarm Modern Robotics USB Legacy Module [AL00XTZO]=======
03-12 13:05:36.963 27625 27801 V RobotCore: waiting for service ReadWriteRunnable for Modern Robotics USB Device
03-12 13:05:36.964 27625 27801 V RobotCore: awaitTermination returned, isTerminated=true
03-12 13:05:36.964 27625 27801 V RobotCore: executive service ReadWriteRunnable for Modern Robotics USB Device is terminated
03-12 13:05:36.964 27625 27801 I FIRST   : ======= MODULE DETACH RECOVERY: pretend Modern Robotics USB Legacy Module [AL00XTZO]=======
03-12 13:05:36.964 27625 27801 V RobotCore: Starting up pretend device AL00XTZO
03-12 13:05:36.977 27625 28000 V RobotCore: thread: 'r/w loop: Modern Robotics USB Legacy Module [AL00XTZO]' starting...
03-12 13:05:36.978 27625 27801 I FIRST   : ======= MODULE DETACH RECOVERY: complete Modern Robotics USB Legacy Module [AL00XTZO]=======
03-12 13:05:36.978 27625 27801 V RobotCore: event loop: device has shutdown abnormally
03-12 13:05:36.978 27625 27801 V RobotCore: event loop: detaching device owner
03-12 13:05:36.978 27625 27801 I FIRST   : ======= MODULE DETACH RECOVERY: disarm Modern Robotics USB Servo Controller [AL00XLHS]=======
03-12 13:05:36.978 27625 27801 D RobotCore: disarming modern servo controller "Modern Robotics USB Servo Controller [AL00XLHS]"...
03-12 13:05:36.978 27625 27801 V RobotCore: waiting for service ReadWriteRunnable for Modern Robotics USB Device
03-12 13:05:36.978 27625 27801 V RobotCore: awaitTermination returned, isTerminated=true
03-12 13:05:36.978 27625 27801 V RobotCore: executive service ReadWriteRunnable for Modern Robotics USB Device is terminated
03-12 13:05:36.978 27625 27801 D RobotCore: ...disarming modern servo controller Modern Robotics USB Servo Controller [AL00XLHS] complete
03-12 13:05:36.978 27625 27801 I FIRST   : ======= MODULE DETACH RECOVERY: pretend Modern Robotics USB Servo Controller [AL00XLHS]=======
03-12 13:05:36.979 27625 27801 D RobotCore: arming modern servo controller Modern Robotics USB Servo Controller [AL00XLHS] (pretend)...
03-12 13:05:36.979 27625 27801 V RobotCore: Starting up pretend device AL00XLHS
03-12 13:05:36.983 27625 28002 V RobotCore: thread: 'r/w loop: Modern Robotics USB Servo Controller [AL00XLHS]' starting...
03-12 13:05:36.984 27625 27801 D RobotCore: ...arming modern servo controller Modern Robotics USB Servo Controller [AL00XLHS] complete
03-12 13:05:36.984 27625 27801 I FIRST   : ======= MODULE DETACH RECOVERY: complete Modern Robotics USB Servo Controller [AL00XLHS]=======
03-12 13:05:36.986 27625 27801 D RobotCore: system telemetry: key=$System$Warning$ msg="problem communicating with Modern Robotics USB Legacy Module [AL00XTZO]; problem communicating with Modern Robotics USB Servo Controller [A104OQZS]; problem communicating with Modern Robotics USB Servo Controller [AL00XLHS]; problem communicating with Modern Robotics USB DC Motor Controller [A104OQO9]; problem communicating with Modern Robotics USB Core Device Interface Module [AI041S26]; problem communicating with Modern Robotics USB DC Motor Controller [A104OQW3]; problem communicating with Modern Robotics USB DC Motor Controller [A7008L4K]"
03-12 13:05:36.987 27625 27801 V RobotCore: event loop: device has shutdown abnormally
03-12 13:05:36.987 27625 27801 V RobotCore: event loop: detaching device owner
03-12 13:05:36.987 27625 27801 I FIRST   : ======= MODULE DETACH RECOVERY: disarm Modern Robotics USB DC Motor Controller [A104OQW3]=======
03-12 13:05:36.987 27625 27801 D RobotCore: disarming modern motor controller Modern Robotics USB DC Motor Controller [A104OQW3]...
03-12 13:05:36.987 27625 27801 V RobotCore: waiting for service ReadWriteRunnable for Modern Robotics USB Device
03-12 13:05:36.998 27625 27801 V RobotCore: awaitTermination returned, isTerminated=true
03-12 13:05:36.998 27625 27801 V RobotCore: executive service ReadWriteRunnable for Modern Robotics USB Device is terminated
03-12 13:05:36.998 27625 27801 D RobotCore: ...disarming modern motor controller Modern Robotics USB DC Motor Controller [A104OQW3] complete
03-12 13:05:36.998 27625 27801 I FIRST   : ======= MODULE DETACH RECOVERY: pretend Modern Robotics USB DC Motor Controller [A104OQW3]=======
03-12 13:05:36.998 27625 27801 D RobotCore: arming modern motor controller Modern Robotics USB DC Motor Controller [A104OQW3] (pretend)...
03-12 13:05:36.998 27625 27801 V RobotCore: Starting up pretend device A104OQW3
03-12 13:05:37.001 27625 28011 V RobotCore: thread: 'r/w loop: Modern Robotics USB DC Motor Controller [A104OQW3]' starting...
03-12 13:05:37.001 27625 27801 D RobotCore: ...arming modern motor controller Modern Robotics USB DC Motor Controller [A104OQW3] complete
03-12 13:05:37.002 27625 27801 I FIRST   : ======= MODULE DETACH RECOVERY: complete Modern Robotics USB DC Motor Controller [A104OQW3]=======
03-12 13:05:37.958 27625 27736 W AudioTrack: AUDIO_OUTPUT_FLAG_FAST denied by client; transfer 4, track 44100 Hz, output 48000 Hz
03-12 13:05:45.557 27625 27717 V Robocol : received command: CMD_INIT_OP_MODE(11313) $Stop$Robot$
03-12 13:05:45.566 27625 27801 I RobotCore: Attempting to switch to op mode $Stop$Robot$
03-12 13:05:45.593 27625 27732 V Robocol : sending CMD_INIT_OP_MODE_RESP(1440), attempt: 0
03-12 13:05:45.716 27625 27717 V Robocol : received command: CMD_INIT_OP_MODE_RESP(1440) $Stop$Robot$
03-12 13:05:45.717 27625 27717 V Robocol : received command: CMD_RUN_OP_MODE(11320) $Stop$Robot$
03-12 13:05:45.753 27625 27732 V Robocol : sending CMD_RUN_OP_MODE_RESP(1448), attempt: 0
03-12 13:05:45.756 27625 27717 V Robocol : received command: CMD_RUN_OP_MODE_RESP(1448) $Stop$Robot$
03-12 13:05:48.113 27625 27732 V Robocol : issuing peerDisconnected(): lastRecvPacket=2.036 s
03-12 13:05:48.113 27625 27732 V RobotCore: Network: active, disconnected
03-12 13:05:48.114 27625 27732 I RobotCore: Lost connection while running op mode: $Stop$Robot$
03-12 13:05:48.134 27625 27736 D MediaPlayer: setSubtitleAnchor in MediaPlayer
03-12 13:05:48.135 27625 27625 D MediaPlayer: setSubtitleAnchor in MediaPlayer
03-12 13:05:48.137 27625 27625 E MediaPlayer: invoke failed: wrong state 8
03-12 13:05:48.137 27625 27625 W MediaPlayer: mediaplayer went away with unhandled events
03-12 13:05:48.158 27625 27734 D ExtendedUtils: extended extractor not needed, return default
03-12 13:05:48.161 27625 28091 I OMXClient: Using client-side OMX mux.
03-12 13:05:48.165 27625 28091 E OMXMaster: A component of name 'OMX.qcom.audio.decoder.aac' already exists, ignoring this one.
03-12 13:05:48.178 27625 27736 W AudioTrack: AUDIO_OUTPUT_FLAG_FAST denied by client; transfer 4, track 44100 Hz, output 48000 Hz
03-12 13:05:48.616 27625 27801 I RobotCore: Attempting to switch to op mode $Stop$Robot$
03-12 13:06:11.700 27625 27625 D WifiDirect: broadcast: connection changed: connectStatus=GROUP_OWNER networkInfo.state=CONNECTED
03-12 13:06:11.700 27625 27625 V WifiDirect: NetworkInfo: [type: WIFI_P2P[], state: CONNECTED/CONNECTED, reason: (unspecified), extra: (none), roaming: false, failover: false, isAvailable: true]
03-12 13:06:11.700 27625 27625 V WifiDirect: WifiP2pInfo: groupFormed: true isGroupOwner: true operatingChannel: 2447 groupOwnerAddress: /192.168.49.1 mccMode: false
03-12 13:06:11.700 27625 27625 V WifiDirect: WifiP2pGroup: network: DIRECT-Wp-11260-RC, isGO: true, Operating Channel: 2447, GO: Device: , deviceAddress: 5c:51:88:5e:5d:e4, primary type: null, secondary type: null, wps: 0, grpcapab: 0, devcapab: 0, status: 4, wfdInfo: WFD enabled: falseWFD DeviceInfo: 0, WFD CtrlPort: 0, WFD MaxThroughput: 0, level: 0, interface: p2p0, networkId: 0, mGoOperFreq: 2447
03-12 13:06:11.700 27625 27625 D WifiDirect: broadcast: peers changed
03-12 13:06:11.705 27625 27625 V WifiDirect: peers found: 1
03-12 13:06:11.705 27625 27625 V WifiDirect:     peer: 5c:51:88:5a:98:5c 11260-DS
03-12 13:06:18.615 27625 27625 V RCActivity: onPause()
03-12 13:06:18.624 27625 27625 V RCActivity: onStop()
03-12 13:06:18.624 27625 27625 V RobotCore: executive service robot setup is terminated
03-12 13:06:18.624 27625 27625 V Robocol : EventLoopManager.shutdown()
03-12 13:06:18.625 27625 27801 V RobotCore: EventLoopRunnable interrupted
03-12 13:06:18.625 27625 27801 V RobotCore: EventLoopManager state is STOPPED
03-12 13:06:18.625 27625 27625 V RobotCore: waiting for service EventLoop
03-12 13:06:18.626 27625 27801 V RobotCore: Robot Status: stopped
03-12 13:06:18.626 27625 27801 I FIRST   : ======= TEARDOWN =======
03-12 13:06:18.634 27625 27801 D RobotCore: disarming modern motor controller Modern Robotics USB DC Motor Controller [A104OQO9]...
03-12 13:06:18.641 27625 27979 V RobotCore: thread: ...terminating 'r/w loop: Modern Robotics USB DC Motor Controller [A104OQO9]'
03-12 13:06:18.643 27625 27801 V RobotCore: executive service ReadWriteRunnable for Modern Robotics USB Device is terminated
03-12 13:06:18.643 27625 27801 D RobotCore: ...disarming modern motor controller Modern Robotics USB DC Motor Controller [A104OQO9] complete
03-12 13:06:18.643 27625 27801 D RobotCore: disarming modern motor controller Modern Robotics USB DC Motor Controller [A104OQW3]...
03-12 13:06:18.655 27625 28011 V RobotCore: thread: ...terminating 'r/w loop: Modern Robotics USB DC Motor Controller [A104OQW3]'
03-12 13:06:18.656 27625 27801 V RobotCore: executive service ReadWriteRunnable for Modern Robotics USB Device is terminated
03-12 13:06:18.656 27625 27801 D RobotCore: ...disarming modern motor controller Modern Robotics USB DC Motor Controller [A104OQW3] complete
03-12 13:06:18.656 27625 27801 D RobotCore: disarming modern motor controller Modern Robotics USB DC Motor Controller [A7008L4K]...
03-12 13:06:18.663 27625 27998 V RobotCore: thread: ...terminating 'r/w loop: Modern Robotics USB DC Motor Controller [A7008L4K]'
03-12 13:06:18.664 27625 27801 V RobotCore: executive service ReadWriteRunnable for Modern Robotics USB Device is terminated
03-12 13:06:18.664 27625 27801 D RobotCore: ...disarming modern motor controller Modern Robotics USB DC Motor Controller [A7008L4K] complete
03-12 13:06:18.664 27625 27801 D RobotCore: disarming modern servo controller "Modern Robotics USB Servo Controller [AL00XLHS]"...
03-12 13:06:18.670 27625 28002 V RobotCore: thread: ...terminating 'r/w loop: Modern Robotics USB Servo Controller [AL00XLHS]'
03-12 13:06:18.671 27625 27801 V RobotCore: executive service ReadWriteRunnable for Modern Robotics USB Device is terminated
03-12 13:06:18.671 27625 27801 D RobotCore: ...disarming modern servo controller Modern Robotics USB Servo Controller [AL00XLHS] complete
03-12 13:06:18.671 27625 27801 D RobotCore: disarming modern servo controller "Modern Robotics USB Servo Controller [A104OQZS]"...
03-12 13:06:18.680 27625 27999 V RobotCore: thread: ...terminating 'r/w loop: Modern Robotics USB Servo Controller [A104OQZS]'
03-12 13:06:18.680 27625 27801 V RobotCore: waiting for service ReadWriteRunnable for Modern Robotics USB Device
03-12 13:06:18.680 27625 27801 V RobotCore: awaitTermination returned, isTerminated=true
03-12 13:06:18.680 27625 27801 V RobotCore: executive service ReadWriteRunnable for Modern Robotics USB Device is terminated
03-12 13:06:18.680 27625 27801 D RobotCore: ...disarming modern servo controller Modern Robotics USB Servo Controller [A104OQZS] complete
03-12 13:06:18.684 27625 27801 V RobotCore: waiting for service ReadWriteRunnable for Modern Robotics USB Device
03-12 13:06:18.684 27625 28000 V RobotCore: thread: ...terminating 'r/w loop: Modern Robotics USB Legacy Module [AL00XTZO]'
03-12 13:06:18.685 27625 27801 V RobotCore: awaitTermination returned, isTerminated=true
03-12 13:06:18.685 27625 27801 V RobotCore: executive service ReadWriteRunnable for Modern Robotics USB Device is terminated
03-12 13:06:18.693 27625 27997 V RobotCore: thread: ...terminating 'r/w loop: Modern Robotics USB Core Device Interface Module [AI041S26]'
03-12 13:06:18.694 27625 27801 V RobotCore: executive service ReadWriteRunnable for Modern Robotics USB Device is terminated
03-12 13:06:18.695 27625 27801 I FIRST   : ======= TEARDOWN COMPLETE =======
03-12 13:06:18.695 27625 27801 V RobotCore: thread: ...terminating 'opmode loop()'
03-12 13:06:18.696 27625 27625 V RobotCore: awaitTermination returned, isTerminated=true
03-12 13:06:18.696 27625 27625 V RobotCore: executive service EventLoop is terminated
03-12 13:06:18.697 27625 27625 V RobotCore: EventLoopManager state is STOPPED
03-12 13:06:18.722 27625 27690 E Surface : getSlotFromBufferLocked: unknown buffer: 0xb9726fe8
--------- beginning of main
03-12 13:51:39.121  2355  2355 I art     : Late-enabling -Xcheck:jni
--------- beginning of system
03-12 13:51:39.178  2355  2355 W ActivityThread: Application com.qualcomm.ftcrobotcontroller can be debugged on port 8100...
03-12 13:51:39.198  2355  2355 I InstantRun: Instant Run Runtime started. Android package is com.qualcomm.ftcrobotcontroller, real application class is org.firstinspires.ftc.robotcore.internal.RobotApplication.
03-12 13:51:40.064  2355  2355 V RCActivity: onCreate()
03-12 13:51:40.067  2355  2550 V RobotCore: saving logcat to /storage/emulated/0/com.qualcomm.ftcrobotcontroller.logcat
03-12 13:51:40.067  2355  2550 V RobotCore: logging command line: logcat -f /storage/emulated/0/com.qualcomm.ftcrobotcontroller.logcat -r4096 -n4 -v threadtime UsbRequestJNI:S UsbRequest:S *:V
03-12 13:51:40.109  2355  2355 I WebViewFactory: Loading com.google.android.webview version 53.0.2785.124 (code 278512400)
03-12 13:51:40.113  2554  2554 W ps      : type=1400 audit(0.0:12): avc: denied { getattr } for uid=10117 path="/proc/1" dev="proc" ino=7176 scontext=u:r:untrusted_app:s0:c512,c768 tcontext=u:r:init:s0 tclass=dir permissive=0
03-12 13:51:40.113  2554  2554 W ps      : type=1400 audit(0.0:13): avc: denied { search } for uid=10117 name="1" dev="proc" ino=7176 scontext=u:r:untrusted_app:s0:c512,c768 tcontext=u:r:init:s0 tclass=dir permissive=0
03-12 13:51:40.113  2554  2554 W ps      : type=1400 audit(0.0:14): avc: denied { search } for uid=10117 name="1" dev="proc" ino=7176 scontext=u:r:untrusted_app:s0:c512,c768 tcontext=u:r:init:s0 tclass=dir permissive=0
03-12 13:51:40.113  2554  2554 W ps      : type=1400 audit(0.0:15): avc: denied { getattr } for uid=10117 path="/proc/2" dev="proc" ino=5971 scontext=u:r:untrusted_app:s0:c512,c768 tcontext=u:r:kernel:s0 tclass=dir permissive=0
03-12 13:51:40.113  2554  2554 W ps      : type=1400 audit(0.0:16): avc: denied { search } for uid=10117 name="2" dev="proc" ino=5971 scontext=u:r:untrusted_app:s0:c512,c768 tcontext=u:r:kernel:s0 tclass=dir permissive=0
03-12 13:51:40.113  2554  2554 W ps      : type=1400 audit(0.0:17): avc: denied { search } for uid=10117 name="2" dev="proc" ino=5971 scontext=u:r:untrusted_app:s0:c512,c768 tcontext=u:r:kernel:s0 tclass=dir permissive=0
03-12 13:51:40.113  2554  2554 W ps      : type=1400 audit(0.0:18): avc: denied { getattr } for uid=10117 path="/proc/3" dev="proc" ino=5972 scontext=u:r:untrusted_app:s0:c512,c768 tcontext=u:r:kernel:s0 tclass=dir permissive=0
03-12 13:51:40.113  2554  2554 W ps      : type=1400 audit(0.0:19): avc: denied { search } for uid=10117 name="3" dev="proc" ino=5972 scontext=u:r:untrusted_app:s0:c512,c768 tcontext=u:r:kernel:s0 tclass=dir permissive=0
03-12 13:51:40.113  2554  2554 W ps      : type=1400 audit(0.0:20): avc: denied { search } for uid=10117 name="3" dev="proc" ino=5972 scontext=u:r:untrusted_app:s0:c512,c768 tcontext=u:r:kernel:s0 tclass=dir permissive=0
03-12 13:51:40.113  2554  2554 W ps      : type=1400 audit(0.0:21): avc: denied { getattr } for uid=10117 path="/proc/4" dev="proc" ino=5973 scontext=u:r:untrusted_app:s0:c512,c768 tcontext=u:r:kernel:s0 tclass=dir permissive=0
03-12 13:51:40.113  2554  2554 W ps      : type=1400 audit(0.0:22): avc: denied { search } for uid=10117 name="4" dev="proc" ino=5973 scontext=u:r:untrusted_app:s0:c512,c768 tcontext=u:r:kernel:s0 tclass=dir permissive=0
03-12 13:51:40.113  2554  2554 W ps      : type=1400 audit(0.0:23): avc: denied { search } for uid=10117 name="4" dev="proc" ino=5973 scontext=u:r:untrusted_app:s0:c512,c768 tcontext=u:r:kernel:s0 tclass=dir permissive=0
03-12 13:51:40.113  2554  2554 W ps      : type=1400 audit(0.0:24): avc: denied { getattr } for uid=10117 path="/proc/5" dev="proc" ino=5974 scontext=u:r:untrusted_app:s0:c512,c768 tcontext=u:r:kernel:s0 tclass=dir permissive=0
03-12 13:51:40.113  2554  2554 W ps      : type=1400 audit(0.0:25): avc: denied { search } for uid=10117 name="5" dev="proc" ino=5974 scontext=u:r:untrusted_app:s0:c512,c768 tcontext=u:r:kernel:s0 tclass=dir permissive=0
03-12 13:51:40.113  2554  2554 W ps      : type=1400 audit(0.0:26): avc: denied { search } for uid=10117 name="5" dev="proc" ino=5974 scontext=u:r:untrusted_app:s0:c512,c768 tcontext=u:r:kernel:s0 tclass=dir permissive=0
03-12 13:51:40.113  2554  2554 W ps      : type=1400 audit(0.0:27): avc: denied { getattr } for uid=10117 path="/proc/6" dev="proc" ino=5975 scontext=u:r:untrusted_app:s0:c512,c768 tcontext=u:r:kernel:s0 tclass=dir permissive=0
03-12 13:51:40.113  2554  2554 W ps      : type=1400 audit(0.0:28): avc: denied { search } for uid=10117 name="6" dev="proc" ino=5975 scontext=u:r:untrusted_app:s0:c512,c768 tcontext=u:r:kernel:s0 tclass=dir permissive=0
03-12 13:51:40.113  2554  2554 W ps      : type=1400 audit(0.0:29): avc: denied { search } for uid=10117 name="6" dev="proc" ino=5975 scontext=u:r:untrusted_app:s0:c512,c768 tcontext=u:r:kernel:s0 tclass=dir permissive=0
03-12 13:51:40.113  2554  2554 W ps      : type=1400 audit(0.0:30): avc: denied { getattr } for uid=10117 path="/proc/7" dev="proc" ino=5976 scontext=u:r:untrusted_app:s0:c512,c768 tcontext=u:r:kernel:s0 tclass=dir permissive=0
03-12 13:51:40.113  2554  2554 W ps      : type=1400 audit(0.0:31): avc: denied { search } for uid=10117 name="7" dev="proc" ino=5976 scontext=u:r:untrusted_app:s0:c512,c768 tcontext=u:r:kernel:s0 tclass=dir permissive=0
03-12 13:51:40.113  2554  2554 W ps      : type=1400 audit(0.0:32): avc: denied { search } for uid=10117 name="7" dev="proc" ino=5976 scontext=u:r:untrusted_app:s0:c512,c768 tcontext=u:r:kernel:s0 tclass=dir permissive=0
03-12 13:51:40.113  2554  2554 W ps      : type=1400 audit(0.0:33): avc: denied { getattr } for uid=10117 path="/proc/8" dev="proc" ino=5977 scontext=u:r:untrusted_app:s0:c512,c768 tcontext=u:r:kernel:s0 tclass=dir permissive=0
03-12 13:51:40.113  2554  2554 W ps      : type=1400 audit(0.0:34): avc: denied { search } for uid=10117 name="8" dev="proc" ino=5977 scontext=u:r:untrusted_app:s0:c512,c768 tcontext=u:r:kernel:s0 tclass=dir permissive=0
03-12 13:51:40.113  2554  2554 W ps      : type=1400 audit(0.0:35): avc: denied { search } for uid=10117 name="8" dev="proc" ino=5977 scontext=u:r:untrusted_app:s0:c512,c768 tcontext=u:r:kernel:s0 tclass=dir permissive=0
03-12 13:51:40.113  2554  2554 W ps      : type=1400 audit(0.0:36): avc: denied { getattr } for uid=10117 path="/proc/9" dev="proc" ino=5978 scontext=u:r:untrusted_app:s0:c512,c768 tcontext=u:r:kernel:s0 tclass=dir permissive=0
03-12 13:51:40.113  2554  2554 W ps      : type=1400 audit(0.0:37): avc: denied { search } for uid=10117 name="9" dev="proc" ino=5978 scontext=u:r:untrusted_app:s0:c512,c768 tcontext=u:r:kernel:s0 tclass=dir permissive=0
03-12 13:51:40.113  2554  2554 W ps      : type=1400 audit(0.0:38): avc: denied { search } for uid=10117 name="9" dev="proc" ino=5978 scontext=u:r:untrusted_app:s0:c512,c768 tcontext=u:r:kernel:s0 tclass=dir permissive=0
03-12 13:51:40.123  2554  2554 W ps      : type=1400 audit(0.0:39): avc: denied { getattr } for uid=10117 path="/proc/10" dev="proc" ino=5979 scontext=u:r:untrusted_app:s0:c512,c768 tcontext=u:r:kernel:s0 tclass=dir permissive=0
03-12 13:51:40.123  2554  2554 W ps      : type=1400 audit(0.0:40): avc: denied { search } for uid=10117 name="10" dev="proc" ino=5979 scontext=u:r:untrusted_app:s0:c512,c768 tcontext=u:r:kernel:s0 tclass=dir permissive=0
03-12 13:51:40.123  2554  2554 W ps      : type=1400 audit(0.0:41): avc: denied { search } for uid=10117 name="10" dev="proc" ino=5979 scontext=u:r:untrusted_app:s0:c512,c768 tcontext=u:r:kernel:s0 tclass=dir permissive=0
03-12 13:51:40.123  2554  2554 W ps      : type=1400 audit(0.0:42): avc: denied { getattr } for uid=10117 path="/proc/11" dev="proc" ino=5980 scontext=u:r:untrusted_app:s0:c512,c768 tcontext=u:r:kernel:s0 tclass=dir permissive=0
03-12 13:51:40.196  2355  2355 I art     : Rejecting re-init on previously-failed class java.lang.Class<com.android.webview.chromium.ServiceWorkerControllerAdapter>
03-12 13:51:40.199  2355  2355 I art     : Rejecting re-init on previously-failed class java.lang.Class<com.android.webview.chromium.ServiceWorkerControllerAdapter>
03-12 13:51:40.202  2355  2355 I art     : Rejecting re-init on previously-failed class java.lang.Class<com.android.webview.chromium.TokenBindingManagerAdapter>
03-12 13:51:40.203  2355  2355 I art     : Rejecting re-init on previously-failed class java.lang.Class<com.android.webview.chromium.TokenBindingManagerAdapter>
03-12 13:51:40.234  2355  2355 I cr_LibraryLoader: Time to load native libraries: 4 ms (timestamps 8349-8353)
03-12 13:51:40.234  2355  2355 I cr_LibraryLoader: Expected native library version number "53.0.2785.124", actual native library version number "53.0.2785.124"
03-12 13:51:40.263  2355  2355 V WebViewChromiumFactoryProvider: Binding Chromium to main looper Looper (main, tid 1) {62ef62e}
03-12 13:51:40.263  2355  2355 I cr_LibraryLoader: Expected native library version number "53.0.2785.124", actual native library version number "53.0.2785.124"
03-12 13:51:40.264  2355  2355 I chromium: [INFO:library_loader_hooks.cc(151)] Chromium logging enabled: level = 0, default verbosity = 0
03-12 13:51:40.288  2355  2355 I cr_BrowserStartup: Initializing chromium process, singleProcess=true
03-12 13:51:40.321  2355  2355 I Adreno-EGL: <qeglDrvAPI_eglInitialize:379>: QUALCOMM Build: 10/09/15, 6cbbf7d, I3193f6e94a
03-12 13:51:40.477  2355  2355 W cr_AwContents: onDetachedFromWindow called when already detached. Ignoring
03-12 13:51:44.920  2355  2355 V RobotCore: Network: inactive, disconnected
03-12 13:51:45.042  2355  2355 V RCActivity: onStart()
03-12 13:51:45.055  2355  2355 V RCActivity: onResume()
03-12 13:51:45.066  2355  3263 D OpenGLRenderer: Use EGL_SWAP_BEHAVIOR_PRESERVED: true
03-12 13:51:45.106  2355  2355 V RCActivity: onPause()
03-12 13:51:45.106  2355  2355 V RCActivity: onResume()
03-12 13:51:45.106  2355  2355 V RCActivity: onPause()
03-12 13:51:45.106  2355  2355 V RCActivity: onResume()
03-12 13:51:45.106  2355  2355 V RCActivity: onPause()
03-12 13:51:45.106  2355  2355 V RCActivity: onResume()
03-12 13:51:45.106  2355  2355 V RCActivity: onPause()
03-12 13:51:45.107  2355  2355 V RCActivity: onResume()
03-12 13:51:45.116  2355  2355 V RCActivity: onPause()
03-12 13:51:45.563  2355  2355 V RCActivity: onStop()
03-12 13:51:45.563  2355  2355 D AndroidRuntime: Shutting down VM
--------- beginning of crash
03-12 13:51:45.579  2355  2355 E AndroidRuntime: FATAL EXCEPTION: main
03-12 13:51:45.579  2355  2355 E AndroidRuntime: Process: com.qualcomm.ftcrobotcontroller, PID: 2355
03-12 13:51:45.579  2355  2355 E AndroidRuntime: java.lang.RuntimeException: Unable to stop activity {com.qualcomm.ftcrobotcontroller/org.firstinspires.ftc.robotcontroller.internal.FtcRobotControllerActivity}: java.lang.NullPointerException: Attempt to invoke virtual method 'void com.qualcomm.ftccommon.FtcRobotControllerService.shutdownRobot()' on a null object reference
03-12 13:51:45.579  2355  2355 E AndroidRuntime: 	at android.app.ActivityThread.performStopActivityInner(ActivityThread.java:3521)
03-12 13:51:45.579  2355  2355 E AndroidRuntime: 	at android.app.ActivityThread.handleWindowVisibility(ActivityThread.java:3613)
03-12 13:51:45.579  2355  2355 E AndroidRuntime: 	at android.app.ActivityThread.-wrap24(ActivityThread.java)
03-12 13:51:45.579  2355  2355 E AndroidRuntime: 	at android.app.ActivityThread$H.handleMessage(ActivityThread.java:1393)
03-12 13:51:45.579  2355  2355 E AndroidRuntime: 	at android.os.Handler.dispatchMessage(Handler.java:102)
03-12 13:51:45.579  2355  2355 E AndroidRuntime: 	at android.os.Looper.loop(Looper.java:148)
03-12 13:51:45.579  2355  2355 E AndroidRuntime: 	at android.app.ActivityThread.main(ActivityThread.java:5443)
03-12 13:51:45.579  2355  2355 E AndroidRuntime: 	at java.lang.reflect.Method.invoke(Native Method)
03-12 13:51:45.579  2355  2355 E AndroidRuntime: 	at com.android.internal.os.ZygoteInit$MethodAndArgsCaller.run(ZygoteInit.java:728)
03-12 13:51:45.579  2355  2355 E AndroidRuntime: 	at com.android.internal.os.ZygoteInit.main(ZygoteInit.java:618)
03-12 13:51:45.579  2355  2355 E AndroidRuntime: Caused by: java.lang.NullPointerException: Attempt to invoke virtual method 'void com.qualcomm.ftccommon.FtcRobotControllerService.shutdownRobot()' on a null object reference
03-12 13:51:45.579  2355  2355 E AndroidRuntime: 	at org.firstinspires.ftc.robotcontroller.internal.FtcRobotControllerActivity.onStop(FtcRobotControllerActivity.java:320)
03-12 13:51:45.579  2355  2355 E AndroidRuntime: 	at android.app.Instrumentation.callActivityOnStop(Instrumentation.java:1301)
03-12 13:51:45.579  2355  2355 E AndroidRuntime: 	at android.app.Activity.performStop(Activity.java:6388)
03-12 13:51:45.579  2355  2355 E AndroidRuntime: 	at android.app.ActivityThread.performStopActivityInner(ActivityThread.java:3518)
03-12 13:51:45.579  2355  2355 E AndroidRuntime: 	... 9 more
03-12 13:52:02.723  2355  2355 I Process : Sending signal. PID: 2355 SIG: 9
--------- beginning of system
03-12 13:51:39.178  2355  2355 W ActivityThread: Application com.qualcomm.ftcrobotcontroller can be debugged on port 8100...
--------- beginning of main
03-12 13:51:44.920  2355  2355 V RobotCore: Network: inactive, disconnected
03-12 13:51:45.042  2355  2355 V RCActivity: onStart()
03-12 13:51:45.055  2355  2355 V RCActivity: onResume()
03-12 13:51:45.066  2355  3263 D OpenGLRenderer: Use EGL_SWAP_BEHAVIOR_PRESERVED: true
03-12 13:51:45.106  2355  2355 V RCActivity: onPause()
03-12 13:51:45.106  2355  2355 V RCActivity: onResume()
03-12 13:51:45.106  2355  2355 V RCActivity: onPause()
03-12 13:51:45.106  2355  2355 V RCActivity: onResume()
03-12 13:51:45.106  2355  2355 V RCActivity: onPause()
03-12 13:51:45.106  2355  2355 V RCActivity: onResume()
03-12 13:51:45.106  2355  2355 V RCActivity: onPause()
03-12 13:51:45.107  2355  2355 V RCActivity: onResume()
03-12 13:51:45.116  2355  2355 V RCActivity: onPause()
03-12 13:51:45.563  2355  2355 V RCActivity: onStop()
03-12 13:51:45.563  2355  2355 D AndroidRuntime: Shutting down VM
--------- beginning of crash
03-12 13:51:45.579  2355  2355 E AndroidRuntime: FATAL EXCEPTION: main
03-12 13:51:45.579  2355  2355 E AndroidRuntime: Process: com.qualcomm.ftcrobotcontroller, PID: 2355
03-12 13:51:45.579  2355  2355 E AndroidRuntime: java.lang.RuntimeException: Unable to stop activity {com.qualcomm.ftcrobotcontroller/org.firstinspires.ftc.robotcontroller.internal.FtcRobotControllerActivity}: java.lang.NullPointerException: Attempt to invoke virtual method 'void com.qualcomm.ftccommon.FtcRobotControllerService.shutdownRobot()' on a null object reference
03-12 13:51:45.579  2355  2355 E AndroidRuntime: 	at android.app.ActivityThread.performStopActivityInner(ActivityThread.java:3521)
03-12 13:51:45.579  2355  2355 E AndroidRuntime: 	at android.app.ActivityThread.handleWindowVisibility(ActivityThread.java:3613)
03-12 13:51:45.579  2355  2355 E AndroidRuntime: 	at android.app.ActivityThread.-wrap24(ActivityThread.java)
03-12 13:51:45.579  2355  2355 E AndroidRuntime: 	at android.app.ActivityThread$H.handleMessage(ActivityThread.java:1393)
03-12 13:51:45.579  2355  2355 E AndroidRuntime: 	at android.os.Handler.dispatchMessage(Handler.java:102)
03-12 13:51:45.579  2355  2355 E AndroidRuntime: 	at android.os.Looper.loop(Looper.java:148)
03-12 13:51:45.579  2355  2355 E AndroidRuntime: 	at android.app.ActivityThread.main(ActivityThread.java:5443)
03-12 13:51:45.579  2355  2355 E AndroidRuntime: 	at java.lang.reflect.Method.invoke(Native Method)
03-12 13:51:45.579  2355  2355 E AndroidRuntime: 	at com.android.internal.os.ZygoteInit$MethodAndArgsCaller.run(ZygoteInit.java:728)
03-12 13:51:45.579  2355  2355 E AndroidRuntime: 	at com.android.internal.os.ZygoteInit.main(ZygoteInit.java:618)
03-12 13:51:45.579  2355  2355 E AndroidRuntime: Caused by: java.lang.NullPointerException: Attempt to invoke virtual method 'void com.qualcomm.ftccommon.FtcRobotControllerService.shutdownRobot()' on a null object reference
03-12 13:51:45.579  2355  2355 E AndroidRuntime: 	at org.firstinspires.ftc.robotcontroller.internal.FtcRobotControllerActivity.onStop(FtcRobotControllerActivity.java:320)
03-12 13:51:45.579  2355  2355 E AndroidRuntime: 	at android.app.Instrumentation.callActivityOnStop(Instrumentation.java:1301)
03-12 13:51:45.579  2355  2355 E AndroidRuntime: 	at android.app.Activity.performStop(Activity.java:6388)
03-12 13:51:45.579  2355  2355 E AndroidRuntime: 	at android.app.ActivityThread.performStopActivityInner(ActivityThread.java:3518)
03-12 13:51:45.579  2355  2355 E AndroidRuntime: 	... 9 more
03-12 13:52:02.723  2355  2355 I Process : Sending signal. PID: 2355 SIG: 9
03-12 13:52:08.181  5200  5200 I art     : Late-enabling -Xcheck:jni
03-12 13:52:08.246  5200  5200 W ActivityThread: Application com.qualcomm.ftcrobotcontroller can be debugged on port 8100...
03-12 13:52:08.279  5200  5200 I InstantRun: Instant Run Runtime started. Android package is com.qualcomm.ftcrobotcontroller, real application class is org.firstinspires.ftc.robotcore.internal.RobotApplication.
03-12 13:52:10.168  5200  5200 V RCActivity: onCreate()
03-12 13:52:10.171  5200  5324 V RobotCore: saving logcat to /storage/emulated/0/com.qualcomm.ftcrobotcontroller.logcat
03-12 13:52:10.171  5200  5324 V RobotCore: logging command line: logcat -f /storage/emulated/0/com.qualcomm.ftcrobotcontroller.logcat -r4096 -n4 -v threadtime UsbRequestJNI:S UsbRequest:S *:V
03-12 13:52:10.226  5200  5200 I WebViewFactory: Loading com.google.android.webview version 53.0.2785.124 (code 278512400)
03-12 13:52:10.421  5200  5200 I art     : Rejecting re-init on previously-failed class java.lang.Class<com.android.webview.chromium.ServiceWorkerControllerAdapter>
03-12 13:52:10.422  5200  5200 I art     : Rejecting re-init on previously-failed class java.lang.Class<com.android.webview.chromium.ServiceWorkerControllerAdapter>
03-12 13:52:10.424  5200  5200 I art     : Rejecting re-init on previously-failed class java.lang.Class<com.android.webview.chromium.TokenBindingManagerAdapter>
03-12 13:52:10.424  5200  5200 I art     : Rejecting re-init on previously-failed class java.lang.Class<com.android.webview.chromium.TokenBindingManagerAdapter>
03-12 13:52:10.436  5200  5200 I cr_LibraryLoader: Time to load native libraries: 2 ms (timestamps 8554-8556)
03-12 13:52:10.436  5200  5200 I cr_LibraryLoader: Expected native library version number "53.0.2785.124", actual native library version number "53.0.2785.124"
03-12 13:52:10.457  5200  5200 V WebViewChromiumFactoryProvider: Binding Chromium to main looper Looper (main, tid 1) {62ef62e}
03-12 13:52:10.457  5200  5200 I cr_LibraryLoader: Expected native library version number "53.0.2785.124", actual native library version number "53.0.2785.124"
03-12 13:52:10.458  5200  5200 I chromium: [INFO:library_loader_hooks.cc(151)] Chromium logging enabled: level = 0, default verbosity = 0
03-12 13:52:10.481  5200  5200 I cr_BrowserStartup: Initializing chromium process, singleProcess=true
03-12 13:52:10.514  5200  5200 I Adreno-EGL: <qeglDrvAPI_eglInitialize:379>: QUALCOMM Build: 10/09/15, 6cbbf7d, I3193f6e94a
03-12 13:52:10.713  5200  5200 W cr_AwContents: onDetachedFromWindow called when already detached. Ignoring
03-12 13:52:12.932  5200  5200 V RobotCore: Network: inactive, disconnected
03-12 13:52:12.952  5200  5200 V RCActivity: onStart()
03-12 13:52:12.956  5200  5200 V RCActivity: onResume()
03-12 13:52:12.961  5200  5487 D OpenGLRenderer: Use EGL_SWAP_BEHAVIOR_PRESERVED: true
03-12 13:52:13.145  5200  5200 V RCActivity: onPause()
03-12 13:52:13.145  5200  5200 V RCActivity: onResume()
03-12 13:52:13.145  5200  5200 V RCActivity: onPause()
03-12 13:52:13.145  5200  5200 V RCActivity: onResume()
03-12 13:52:13.148  5200  5200 V RCActivity: onPause()
03-12 13:52:13.149  5200  5200 V RCActivity: onResume()
03-12 13:52:13.149  5200  5200 V RCActivity: onPause()
03-12 13:52:13.149  5200  5200 V RCActivity: onResume()
03-12 13:52:13.149  5200  5200 V RCActivity: onPause()
03-12 13:52:13.149  5200  5200 V RCActivity: onResume()
03-12 13:52:13.149  5200  5200 V RCActivity: onPause()
03-12 13:52:13.149  5200  5200 V RCActivity: onResume()
03-12 13:52:13.164  5200  5200 V FTCService: onCreate()
03-12 13:52:13.165  5200  5200 V FTCService: onBind()
03-12 13:52:13.165  5200  5200 V FTCService: Android device is motorola, XT1064
03-12 13:52:13.166  5200  5200 V RobotCore: Getting network assistant of type: WIFIDIRECT
03-12 13:52:13.173  5200  5200 V WifiDirect: There are 1 Wifi Direct Assistant Clients (+)
03-12 13:52:13.173  5200  5200 V WifiDirect: Enabling Wifi Direct Assistant
03-12 13:52:13.267  5200  5487 I OpenGLRenderer: Initialized EGL, version 1.4
03-12 13:52:13.307  5200  5200 D WifiDirect: broadcast: state - enabled: true
03-12 13:52:13.309  5200  5200 D WifiDirect: broadcast: connection changed: connectStatus=NOT_CONNECTED networkInfo.state=UNKNOWN
03-12 13:52:13.314  5200  5200 V WifiDirect: NetworkInfo: [type: WIFI_P2P[], state: UNKNOWN/IDLE, reason: (unspecified), extra: (none), roaming: false, failover: false, isAvailable: true]
03-12 13:52:13.314  5200  5200 V WifiDirect: WifiP2pInfo: groupFormed: false isGroupOwner: false operatingChannel: 0 groupOwnerAddress: null mccMode: false
03-12 13:52:13.314  5200  5200 V WifiDirect: WifiP2pGroup: network: null, isGO: false, Operating Channel: 0, GO: null, interface: null, networkId: 0, mGoOperFreq: 0
03-12 13:52:13.315  5200  5200 D WifiDirect: broadcast: this device changed
03-12 13:52:13.317  5200  5200 V WifiDirect: device information: 11260-RC 5c:51:88:5e:5d:e4
03-12 13:52:13.317  5200  5200 V FTCService: RCActivity.controllerService=bound
03-12 13:52:13.317  5200  5200 V RobotCore: Network: unknown, disconnected
03-12 13:52:13.318  5200  5200 V RobotCore: Robot Status: stopped
03-12 13:52:13.356  5200  5200 D OpmodeRegistration: registered {DefaultOpMode} as {$Stop$Robot$}
03-12 13:52:13.356  5200  5200 V FTCService: Processing robot setup
03-12 13:52:13.358  5200  5200 V D2xx::  : Start constructor
03-12 13:52:13.360  5200  5500 V RobotCore: thread: 'RobotSetupRunnable.run()' starting...
03-12 13:52:13.361  5200  5500 V RobotCore: Robot Status: stopped, scanning for USB devices
03-12 13:52:13.362  5200  5200 V D2xx::  : End constructor
03-12 13:52:13.362  5200  5200 V D2xx::  : Vendor: 0403, Product: 6001
03-12 13:52:13.362  5200  5200 V D2xx::  : Vendor: 0403, Product: 6001
03-12 13:52:13.366  5200  5200 I FIRST   : ignoring: unable get serial number of attached UsbDevice vendor=0x0403, product=0x6001 device=0x03f4 name=/dev/bus/usb/001/012
03-12 13:52:13.366  5200  5200 V D2xx::  : Vendor: 0403, Product: 6001
03-12 13:52:13.366  5200  5200 V D2xx::  : Vendor: 0403, Product: 6001
03-12 13:52:13.366  5200  5200 I FIRST   : ignoring: unable get serial number of attached UsbDevice vendor=0x0403, product=0x6001 device=0x03f5 name=/dev/bus/usb/001/013
03-12 13:52:13.366  5200  5200 V D2xx::  : Vendor: 0403, Product: 6001
03-12 13:52:13.366  5200  5200 V D2xx::  : Vendor: 0403, Product: 6001
03-12 13:52:13.366  5200  5200 I FIRST   : ignoring: unable get serial number of attached UsbDevice vendor=0x0403, product=0x6001 device=0x03f6 name=/dev/bus/usb/001/014
03-12 13:52:13.366  5200  5200 V D2xx::  : Vendor: 0403, Product: 6001
03-12 13:52:13.366  5200  5200 V D2xx::  : Vendor: 0403, Product: 6001
03-12 13:52:13.366  5200  5200 I FIRST   : ignoring: unable get serial number of attached UsbDevice vendor=0x0403, product=0x6001 device=0x03f7 name=/dev/bus/usb/001/015
03-12 13:52:13.367  5200  5200 V D2xx::  : Vendor: 0403, Product: 6001
03-12 13:52:13.367  5200  5200 V D2xx::  : Vendor: 0403, Product: 6001
03-12 13:52:13.367  5200  5200 I FIRST   : ignoring: unable get serial number of attached UsbDevice vendor=0x0403, product=0x6001 device=0x03f8 name=/dev/bus/usb/001/016
03-12 13:52:13.367  5200  5200 V D2xx::  : Vendor: 0403, Product: 6001
03-12 13:52:13.367  5200  5200 V D2xx::  : Vendor: 0403, Product: 6001
03-12 13:52:13.367  5200  5200 I FIRST   : ignoring: unable get serial number of attached UsbDevice vendor=0x0403, product=0x6001 device=0x03f9 name=/dev/bus/usb/001/017
03-12 13:52:13.443  5200  5200 D WifiDirect: discovering peers
03-12 13:52:13.719  5200  5200 D WifiDirect: created group
03-12 13:52:13.927  5200  5200 D WifiDirect: broadcast: this device changed
03-12 13:52:13.927  5200  5200 V WifiDirect: device information: 11260-RC 5c:51:88:5e:5d:e4
03-12 13:52:13.928  5200  5200 D WifiDirect: broadcast: connection changed: connectStatus=NOT_CONNECTED networkInfo.state=CONNECTED
03-12 13:52:13.928  5200  5200 V WifiDirect: NetworkInfo: [type: WIFI_P2P[], state: CONNECTED/CONNECTED, reason: (unspecified), extra: (none), roaming: false, failover: false, isAvailable: true]
03-12 13:52:13.928  5200  5200 V WifiDirect: WifiP2pInfo: groupFormed: true isGroupOwner: true operatingChannel: 2432 groupOwnerAddress: /192.168.49.1 mccMode: false
03-12 13:52:13.928  5200  5200 V WifiDirect: WifiP2pGroup: network: DIRECT-Wp-11260-RC, isGO: true, Operating Channel: 2432, GO: Device: , deviceAddress: 5c:51:88:5e:5d:e4, primary type: null, secondary type: null, wps: 0, grpcapab: 0, devcapab: 0, status: 4, wfdInfo: WFD enabled: falseWFD DeviceInfo: 0, WFD CtrlPort: 0, WFD MaxThroughput: 0, level: 0, interface: p2p0, networkId: 0, mGoOperFreq: 2432
03-12 13:52:13.930  5200  5200 D WifiDirect: group owners address: /192.168.49.1
03-12 13:52:13.930  5200  5200 D WifiDirect: group formed, this device is the group owner (GO)
03-12 13:52:13.930  5200  5200 I FTCService: Wifi Direct - connected as group owner
03-12 13:52:13.930  5200  5200 D WifiDirect: stop discovering peers
