03-12 13:52:47.871  5200  6359 W RobotCore: Modern Robotics USB header sync bytes are incorrect
03-12 13:52:47.872  5200  6359 W RobotCore: [55 aa 00 40 1e] -> [00 00 00 00 00]
03-12 13:52:47.872  5200  6359 W RobotCore: could not write to Modern Robotics USB DC Motor Controller [A7008L4K]: comm timeout
03-12 13:52:47.878  5200  6359 E FTDI_Device::: UsbConnection.requestWait() == null
03-12 13:52:47.883  5200  5200 D UsbDeviceConnectionJNI: close
03-12 13:52:47.883  5200  6330 D ProcessRequestThread::: Device has been closed.
03-12 13:52:47.883  5200  6330 W System.err: java.lang.InterruptedException
03-12 13:52:47.884  5200  6330 W System.err: 	at java.util.concurrent.locks.AbstractQueuedSynchronizer.doAcquireSharedInterruptibly(AbstractQueuedSynchronizer.java:972)
03-12 13:52:47.884  5200  6330 W System.err: 	at java.util.concurrent.locks.AbstractQueuedSynchronizer.acquireSharedInterruptibly(AbstractQueuedSynchronizer.java:1278)
03-12 13:52:47.884  5200  6330 W System.err: 	at java.util.concurrent.Semaphore.acquire(Semaphore.java:284)
03-12 13:52:47.884  5200  6330 W System.err: 	at com.ftdi.j2xx.ProcessInCtrl.acquireReadableBuffer(FT_Device.java:2294)
03-12 13:52:47.884  5200  6330 W System.err: 	at com.ftdi.j2xx.ProcessRequestWorker.run(FT_Device.java:2764)
03-12 13:52:47.884  5200  6330 W System.err: 	at java.lang.Thread.run(Thread.java:818)
03-12 13:52:47.885  5200  6329 D BulkIn::: Stop BulkIn thread
03-12 13:52:47.885  5200  6329 W System.err: java.lang.NullPointerException: Attempt to invoke virtual method 'int com.ftdi.j2xx.D2xxManager$DriverParameters.getBufferNumber()' on a null object reference
03-12 13:52:47.885  5200  6329 W System.err: 	at com.ftdi.j2xx.ProcessInCtrl.releaseWritableBuffers(FT_Device.java:2672)
03-12 13:52:47.885  5200  6329 W System.err: 	at com.ftdi.j2xx.BulkInWorker.run(FT_Device.java:2879)
03-12 13:52:47.885  5200  6329 W System.err: 	at java.lang.Thread.run(Thread.java:818)
03-12 13:52:47.888  5200  6359 W RobotCore: could not write to Modern Robotics USB DC Motor Controller [A7008L4K]: FTDI Null Pointer Exception
03-12 13:52:47.888  5200  6359 E RobotCore: java.lang.NullPointerException: Attempt to invoke interface method 'void java.util.concurrent.locks.Lock.unlock()' on a null object reference
03-12 13:52:47.888  5200  6359 E RobotCore:     at com.ftdi.j2xx.ProcessInCtrl.readBulkInData(FT_Device.java:2520)
03-12 13:52:47.888  5200  6359 E RobotCore:     at com.ftdi.j2xx.FT_Device.read(FT_Device.java:666)
03-12 13:52:47.888  5200  6359 E RobotCore:     at com.qualcomm.robotcore.hardware.usb.ftdi.RobotUsbDeviceFtdi.read(RobotUsbDeviceFtdi.java:199)
03-12 13:52:47.888  5200  6359 E RobotCore:     at com.qualcomm.robotcore.hardware.usb.ftdi.RobotUsbDeviceFtdi.read(RobotUsbDeviceFtdi.java:176)
03-12 13:52:47.888  5200  6359 E RobotCore:     at com.qualcomm.modernrobotics.ReadWriteRunnableUsbHandler.a(SourceFile:77)
03-12 13:52:47.888  5200  6359 E RobotCore:     at com.qualcomm.modernrobotics.ReadWriteRunnableUsbHandler.read(SourceFile:66)
03-12 13:52:47.888  5200  6359 E RobotCore:     at com.qualcomm.hardware.modernrobotics.ReadWriteRunnableStandard$1.run(ReadWriteRunnableStandard.java:343)
03-12 13:52:47.888  5200  6359 E RobotCore:     at com.qualcomm.robotcore.util.ThreadPool.logThreadLifeCycle(ThreadPool.java:513)
03-12 13:52:47.888  5200  6359 E RobotCore:     at com.qualcomm.hardware.modernrobotics.ReadWriteRunnableStandard.run(ReadWriteRunnableStandard.java:302)
03-12 13:52:47.888  5200  6359 E RobotCore:     at java.util.concurrent.ThreadPoolExecutor.runWorker(ThreadPoolExecutor.java:1113)
03-12 13:52:47.888  5200  6359 E RobotCore:     at java.util.concurrent.ThreadPoolExecutor$Worker.run(ThreadPoolExecutor.java:588)
03-12 13:52:47.888  5200  6359 E RobotCore:     at java.lang.Thread.run(Thread.java:818)
03-12 13:52:47.891  5200  6372 D RobotCore: system telemetry: key=$System$Warning$ msg="problem communicating with Modern Robotics USB DC Motor Controller [A7008L4K]; problem communicating with Modern Robotics USB DC Motor Controller [A104OQO9]"
03-12 13:52:47.895  5200  6372 V RobotCore: event loop: device has shutdown abnormally
03-12 13:52:47.895  5200  6372 V RobotCore: event loop: detaching device owner
03-12 13:52:47.895  5200  6372 I FIRST   : ======= MODULE DETACH RECOVERY: disarm Modern Robotics USB DC Motor Controller [A7008L4K]=======
03-12 13:52:47.895  5200  6372 D RobotCore: disarming modern motor controller Modern Robotics USB DC Motor Controller [A7008L4K]...
03-12 13:52:47.895  5200  6372 V RobotCore: waiting for service ReadWriteRunnable for Modern Robotics USB Device
03-12 13:52:47.896  5200  6359 V RobotCore: thread: ...terminating 'r/w loop: Modern Robotics USB DC Motor Controller [A7008L4K]'
03-12 13:52:47.909  5200  6212 E FTDI_Device::: UsbConnection.requestWait() == null
03-12 13:52:47.911  5200  6372 V RobotCore: awaitTermination returned, isTerminated=true
03-12 13:52:47.911  5200  6372 V RobotCore: executive service ReadWriteRunnable for Modern Robotics USB Device is terminated
03-12 13:52:47.911  5200  6372 D RobotCore: ...disarming modern motor controller Modern Robotics USB DC Motor Controller [A7008L4K] complete
03-12 13:52:47.911  5200  6372 I FIRST   : ======= MODULE DETACH RECOVERY: pretend Modern Robotics USB DC Motor Controller [A7008L4K]=======
03-12 13:52:47.911  5200  6372 D RobotCore: arming modern motor controller Modern Robotics USB DC Motor Controller [A7008L4K] (pretend)...
03-12 13:52:47.911  5200  6372 V RobotCore: Starting up pretend device A7008L4K
03-12 13:52:47.919  5200  6178 D ProcessRequestThread::: Device has been closed.
03-12 13:52:47.919  5200  6178 W System.err: java.lang.InterruptedException
03-12 13:52:47.919  5200  6178 W System.err: 	at java.util.concurrent.locks.AbstractQueuedSynchronizer.doAcquireSharedInterruptibly(AbstractQueuedSynchronizer.java:972)
03-12 13:52:47.919  5200  6178 W System.err: 	at java.util.concurrent.locks.AbstractQueuedSynchronizer.acquireSharedInterruptibly(AbstractQueuedSynchronizer.java:1278)
03-12 13:52:47.919  5200  6178 W System.err: 	at java.util.concurrent.Semaphore.acquire(Semaphore.java:284)
03-12 13:52:47.919  5200  6178 W System.err: 	at com.ftdi.j2xx.ProcessInCtrl.acquireReadableBuffer(FT_Device.java:2294)
03-12 13:52:47.919  5200  6178 W System.err: 	at com.ftdi.j2xx.ProcessRequestWorker.run(FT_Device.java:2764)
03-12 13:52:47.919  5200  6178 W System.err: 	at java.lang.Thread.run(Thread.java:818)
03-12 13:52:47.921  5200  5200 D UsbDeviceConnectionJNI: close
03-12 13:52:47.921  5200  6212 W RobotCore: could not write to Modern Robotics USB Core Device Interface Module [AI041S26]: FTDI Null Pointer Exception
03-12 13:52:47.921  5200  6212 E RobotCore: java.lang.NullPointerException: Attempt to invoke interface method 'void java.util.concurrent.locks.Lock.unlock()' on a null object reference
03-12 13:52:47.921  5200  6212 E RobotCore:     at com.ftdi.j2xx.ProcessInCtrl.readBulkInData(FT_Device.java:2520)
03-12 13:52:47.921  5200  6212 E RobotCore:     at com.ftdi.j2xx.FT_Device.read(FT_Device.java:666)
03-12 13:52:47.922  5200  6212 E RobotCore:     at com.qualcomm.robotcore.hardware.usb.ftdi.RobotUsbDeviceFtdi.read(RobotUsbDeviceFtdi.java:199)
03-12 13:52:47.922  5200  6212 E RobotCore:     at com.qualcomm.robotcore.hardware.usb.ftdi.RobotUsbDeviceFtdi.read(RobotUsbDeviceFtdi.java:176)
03-12 13:52:47.922  5200  6212 E RobotCore:     at com.qualcomm.modernrobotics.ReadWriteRunnableUsbHandler.a(SourceFile:77)
03-12 13:52:47.922  5200  6212 E RobotCore:     at com.qualcomm.modernrobotics.ReadWriteRunnableUsbHandler.read(SourceFile:66)
03-12 13:52:47.922  5200  6212 E RobotCore:     at com.qualcomm.hardware.modernrobotics.ReadWriteRunnableStandard$1.run(ReadWriteRunnableStandard.java:343)
03-12 13:52:47.922  5200  6212 E RobotCore:     at com.qualcomm.robotcore.util.ThreadPool.logThreadLifeCycle(ThreadPool.java:513)
03-12 13:52:47.922  5200  6212 E RobotCore:     at com.qualcomm.hardware.modernrobotics.ReadWriteRunnableStandard.run(ReadWriteRunnableStandard.java:302)
03-12 13:52:47.922  5200  6212 E RobotCore:     at java.util.concurrent.ThreadPoolExecutor.runWorker(ThreadPoolExecutor.java:1113)
03-12 13:52:47.922  5200  6212 E RobotCore:     at java.util.concurrent.ThreadPoolExecutor$Worker.run(ThreadPoolExecutor.java:588)
03-12 13:52:47.922  5200  6212 E RobotCore:     at java.lang.Thread.run(Thread.java:818)
03-12 13:52:47.922  5200  6212 V RobotCore: thread: ...terminating 'r/w loop: Modern Robotics USB Core Device Interface Module [AI041S26]'
03-12 13:52:47.924  5200  6288 E FTDI_Device::: UsbConnection.requestWait() == null
03-12 13:52:47.929  5200  5200 D UsbDeviceConnectionJNI: close
03-12 13:52:47.930  5200  6279 D ProcessRequestThread::: Device has been closed.
03-12 13:52:47.930  5200  6279 W System.err: java.lang.InterruptedException
03-12 13:52:47.930  5200  6279 W System.err: 	at java.util.concurrent.locks.AbstractQueuedSynchronizer.doAcquireSharedInterruptibly(AbstractQueuedSynchronizer.java:972)
03-12 13:52:47.930  5200  6279 W System.err: 	at java.util.concurrent.locks.AbstractQueuedSynchronizer.acquireSharedInterruptibly(AbstractQueuedSynchronizer.java:1278)
03-12 13:52:47.930  5200  6279 W System.err: 	at java.util.concurrent.Semaphore.acquire(Semaphore.java:284)
03-12 13:52:47.930  5200  6279 W System.err: 	at com.ftdi.j2xx.ProcessInCtrl.acquireReadableBuffer(FT_Device.java:2294)
03-12 13:52:47.930  5200  6279 W System.err: 	at com.ftdi.j2xx.ProcessRequestWorker.run(FT_Device.java:2764)
03-12 13:52:47.931  5200  6278 D BulkIn::: Stop BulkIn thread
03-12 13:52:47.930  5200  6279 W System.err: 	at java.lang.Thread.run(Thread.java:818)
03-12 13:52:47.932  5200  6288 W RobotCore: could not write to Modern Robotics USB Legacy Module [AL00XTZO]: FTDI Null Pointer Exception
03-12 13:52:47.932  5200  6288 E RobotCore: java.lang.NullPointerException: Attempt to invoke interface method 'void java.util.concurrent.locks.Lock.unlock()' on a null object reference
03-12 13:52:47.932  5200  6288 E RobotCore:     at com.ftdi.j2xx.ProcessInCtrl.readBulkInData(FT_Device.java:2520)
03-12 13:52:47.932  5200  6288 E RobotCore:     at com.ftdi.j2xx.FT_Device.read(FT_Device.java:666)
03-12 13:52:47.932  5200  6288 E RobotCore:     at com.qualcomm.robotcore.hardware.usb.ftdi.RobotUsbDeviceFtdi.read(RobotUsbDeviceFtdi.java:199)
03-12 13:52:47.932  5200  6288 E RobotCore:     at com.qualcomm.robotcore.hardware.usb.ftdi.RobotUsbDeviceFtdi.read(RobotUsbDeviceFtdi.java:176)
03-12 13:52:47.932  5200  6288 E RobotCore:     at com.qualcomm.modernrobotics.ReadWriteRunnableUsbHandler.b(SourceFile:109)
03-12 13:52:47.932  5200  6288 E RobotCore:     at com.qualcomm.modernrobotics.ReadWriteRunnableUsbHandler.write(SourceFile:98)
03-12 13:52:47.932  5200  6288 E RobotCore:     at com.qualcomm.hardware.modernrobotics.ReadWriteRunnableStandard$1.run(ReadWriteRunnableStandard.java:408)
03-12 13:52:47.932  5200  6288 E RobotCore:     at com.qualcomm.robotcore.util.ThreadPool.logThreadLifeCycle(ThreadPool.java:513)
03-12 13:52:47.932  5200  6288 E RobotCore:     at com.qualcomm.hardware.modernrobotics.ReadWriteRunnableStandard.run(ReadWriteRunnableStandard.java:302)
03-12 13:52:47.932  5200  6288 E RobotCore:     at java.util.concurrent.ThreadPoolExecutor.runWorker(ThreadPoolExecutor.java:1113)
03-12 13:52:47.932  5200  6288 E RobotCore:     at java.util.concurrent.ThreadPoolExecutor$Worker.run(ThreadPoolExecutor.java:588)
03-12 13:52:47.932  5200  6288 E RobotCore:     at java.lang.Thread.run(Thread.java:818)
03-12 13:52:47.933  5200  6278 W System.err: java.lang.NullPointerException: Attempt to invoke virtual method 'int com.ftdi.j2xx.D2xxManager$DriverParameters.getBufferNumber()' on a null object reference
03-12 13:52:47.933  5200  6278 W System.err: 	at com.ftdi.j2xx.ProcessInCtrl.releaseWritableBuffers(FT_Device.java:2672)
03-12 13:52:47.933  5200  6278 W System.err: 	at com.ftdi.j2xx.BulkInWorker.run(FT_Device.java:2879)
03-12 13:52:47.933  5200  6278 W System.err: 	at java.lang.Thread.run(Thread.java:818)
03-12 13:52:47.933  5200  6288 V RobotCore: thread: ...terminating 'r/w loop: Modern Robotics USB Legacy Module [AL00XTZO]'
03-12 13:52:47.933  5200  6238 E FTDI_Device::: UsbConnection.requestWait() == null
03-12 13:52:47.936  5200  5200 D UsbDeviceConnectionJNI: close
03-12 13:52:47.936  5200  6221 D ProcessRequestThread::: Device has been closed.
03-12 13:52:47.937  5200  6221 W System.err: java.lang.InterruptedException
03-12 13:52:47.937  5200  6221 W System.err: 	at java.util.concurrent.locks.AbstractQueuedSynchronizer.doAcquireSharedInterruptibly(AbstractQueuedSynchronizer.java:972)
03-12 13:52:47.937  5200  6221 W System.err: 	at java.util.concurrent.locks.AbstractQueuedSynchronizer.acquireSharedInterruptibly(AbstractQueuedSynchronizer.java:1278)
03-12 13:52:47.937  5200  6221 W System.err: 	at java.util.concurrent.Semaphore.acquire(Semaphore.java:284)
03-12 13:52:47.937  5200  6221 W System.err: 	at com.ftdi.j2xx.ProcessInCtrl.acquireReadableBuffer(FT_Device.java:2294)
03-12 13:52:47.937  5200  6221 W System.err: 	at com.ftdi.j2xx.ProcessRequestWorker.run(FT_Device.java:2764)
03-12 13:52:47.937  5200  6221 W System.err: 	at java.lang.Thread.run(Thread.java:818)
03-12 13:52:47.937  5200  6220 D BulkIn::: Stop BulkIn thread
03-12 13:52:47.938  5200  6220 W System.err: java.lang.NullPointerException: Attempt to invoke virtual method 'int com.ftdi.j2xx.D2xxManager$DriverParameters.getBufferNumber()' on a null object reference
03-12 13:52:47.938  5200  6220 W System.err: 	at com.ftdi.j2xx.ProcessInCtrl.releaseWritableBuffers(FT_Device.java:2672)
03-12 13:52:47.938  5200  6220 W System.err: 	at com.ftdi.j2xx.BulkInWorker.run(FT_Device.java:2879)
03-12 13:52:47.938  5200  6220 W System.err: 	at java.lang.Thread.run(Thread.java:818)
03-12 13:52:47.938  5200  6238 W RobotCore: could not write to Modern Robotics USB Servo Controller [A104OQZS]: FTDI Null Pointer Exception
03-12 13:52:47.938  5200  6238 E RobotCore: java.lang.NullPointerException: Attempt to invoke interface method 'void java.util.concurrent.locks.Lock.unlock()' on a null object reference
03-12 13:52:47.939  5200  6238 E RobotCore:     at com.ftdi.j2xx.ProcessInCtrl.readBulkInData(FT_Device.java:2520)
03-12 13:52:47.939  5200  6238 E RobotCore:     at com.ftdi.j2xx.FT_Device.read(FT_Device.java:666)
03-12 13:52:47.939  5200  6238 E RobotCore:     at com.qualcomm.robotcore.hardware.usb.ftdi.RobotUsbDeviceFtdi.read(RobotUsbDeviceFtdi.java:199)
03-12 13:52:47.939  5200  6238 E RobotCore:     at com.qualcomm.robotcore.hardware.usb.ftdi.RobotUsbDeviceFtdi.read(RobotUsbDeviceFtdi.java:176)
03-12 13:52:47.939  5200  6238 E RobotCore:     at com.qualcomm.modernrobotics.ReadWriteRunnableUsbHandler.b(SourceFile:109)
03-12 13:52:47.939  5200  6238 E RobotCore:     at com.qualcomm.modernrobotics.ReadWriteRunnableUsbHandler.write(SourceFile:98)
03-12 13:52:47.939  5200  6238 E RobotCore:     at com.qualcomm.hardware.modernrobotics.ReadWriteRunnableStandard$1.run(ReadWriteRunnableStandard.java:394)
03-12 13:52:47.939  5200  6238 E RobotCore:     at com.qualcomm.robotcore.util.ThreadPool.logThreadLifeCycle(ThreadPool.java:513)
03-12 13:52:47.939  5200  6238 E RobotCore:     at com.qualcomm.hardware.modernrobotics.ReadWriteRunnableStandard.run(ReadWriteRunnableStandard.java:302)
03-12 13:52:47.939  5200  6238 E RobotCore:     at java.util.concurrent.ThreadPoolExecutor.runWorker(ThreadPoolExecutor.java:1113)
03-12 13:52:47.939  5200  6238 E RobotCore:     at java.util.concurrent.ThreadPoolExecutor$Worker.run(ThreadPoolExecutor.java:588)
03-12 13:52:47.940  5200  6238 E RobotCore:     at java.lang.Thread.run(Thread.java:818)
03-12 13:52:47.940  5200  6238 V RobotCore: thread: ...terminating 'r/w loop: Modern Robotics USB Servo Controller [A104OQZS]'
03-12 13:52:47.942  5200  7063 V RobotCore: thread: 'r/w loop: Modern Robotics USB DC Motor Controller [A7008L4K]' starting...
03-12 13:52:47.942  5200  6372 D RobotCore: ...arming modern motor controller Modern Robotics USB DC Motor Controller [A7008L4K] complete
03-12 13:52:47.942  5200  6372 I FIRST   : ======= MODULE DETACH RECOVERY: complete Modern Robotics USB DC Motor Controller [A7008L4K]=======
03-12 13:52:47.943  5200  6372 D RobotCore: system telemetry: key=$System$Warning$ msg="problem communicating with Modern Robotics USB Core Device Interface Module [AI041S26]; problem communicating with Modern Robotics USB Legacy Module [AL00XTZO]; problem communicating with Modern Robotics USB DC Motor Controller [A7008L4K]; problem communicating with Modern Robotics USB DC Motor Controller [A104OQO9]; problem communicating with Modern Robotics USB Servo Controller [A104OQZS]"
03-12 13:52:47.943  5200  6372 V RobotCore: event loop: device has shutdown abnormally
03-12 13:52:47.943  5200  6372 V RobotCore: event loop: detaching device owner
03-12 13:52:47.943  5200  6372 I FIRST   : ======= MODULE DETACH RECOVERY: disarm Modern Robotics USB Core Device Interface Module [AI041S26]=======
03-12 13:52:47.951  5200  6372 V RobotCore: executive service ReadWriteRunnable for Modern Robotics USB Device is terminated
03-12 13:52:47.951  5200  6372 I FIRST   : ======= MODULE DETACH RECOVERY: pretend Modern Robotics USB Core Device Interface Module [AI041S26]=======
03-12 13:52:47.951  5200  6372 V RobotCore: Starting up pretend device AI041S26
03-12 13:52:47.976  5200  7064 V RobotCore: thread: 'r/w loop: Modern Robotics USB Core Device Interface Module [AI041S26]' starting...
03-12 13:52:47.976  5200  6372 I FIRST   : ======= MODULE DETACH RECOVERY: complete Modern Robotics USB Core Device Interface Module [AI041S26]=======
03-12 13:52:47.976  5200  6372 V RobotCore: event loop: device has shutdown abnormally
03-12 13:52:47.976  5200  6372 V RobotCore: event loop: detaching device owner
03-12 13:52:47.976  5200  6372 I FIRST   : ======= MODULE DETACH RECOVERY: disarm Modern Robotics USB Servo Controller [A104OQZS]=======
03-12 13:52:47.976  5200  6372 D RobotCore: disarming modern servo controller "Modern Robotics USB Servo Controller [A104OQZS]"...
03-12 13:52:47.983  5200  6372 V RobotCore: waiting for service ReadWriteRunnable for Modern Robotics USB Device
03-12 13:52:47.983  5200  6290 D ProcessRequestThread::: Device has been closed.
03-12 13:52:47.983  5200  6290 W System.err: java.lang.InterruptedException
03-12 13:52:47.983  5200  6290 W System.err: 	at java.util.concurrent.locks.AbstractQueuedSynchronizer.doAcquireSharedInterruptibly(AbstractQueuedSynchronizer.java:972)
03-12 13:52:47.983  5200  6290 W System.err: 	at java.util.concurrent.locks.AbstractQueuedSynchronizer.acquireSharedInterruptibly(AbstractQueuedSynchronizer.java:1278)
03-12 13:52:47.984  5200  6290 W System.err: 	at java.util.concurrent.Semaphore.acquire(Semaphore.java:284)
03-12 13:52:47.984  5200  6290 W System.err: 	at com.ftdi.j2xx.ProcessInCtrl.acquireReadableBuffer(FT_Device.java:2294)
03-12 13:52:47.984  5200  6290 W System.err: 	at com.ftdi.j2xx.ProcessRequestWorker.run(FT_Device.java:2764)
03-12 13:52:47.984  5200  6290 W System.err: 	at java.lang.Thread.run(Thread.java:818)
03-12 13:52:47.985  5200  6372 V RobotCore: awaitTermination returned, isTerminated=true
03-12 13:52:47.985  5200  6372 V RobotCore: executive service ReadWriteRunnable for Modern Robotics USB Device is terminated
03-12 13:52:47.985  5200  6372 D RobotCore: ...disarming modern servo controller Modern Robotics USB Servo Controller [A104OQZS] complete
03-12 13:52:47.985  5200  6372 I FIRST   : ======= MODULE DETACH RECOVERY: pretend Modern Robotics USB Servo Controller [A104OQZS]=======
03-12 13:52:47.985  5200  6372 D RobotCore: arming modern servo controller Modern Robotics USB Servo Controller [A104OQZS] (pretend)...
03-12 13:52:47.985  5200  6372 V RobotCore: Starting up pretend device A104OQZS
03-12 13:52:47.986  5200  5200 D UsbDeviceConnectionJNI: close
03-12 13:52:47.986  5200  6289 D BulkIn::: Stop BulkIn thread
03-12 13:52:47.986  5200  6289 W System.err: java.lang.NullPointerException: Null pointer exception during instruction 'monitor-enter v2'
03-12 13:52:47.986  5200  6289 W System.err: 	at com.ftdi.j2xx.ProcessInCtrl.getBuffer(FT_Device.java:2269)
03-12 13:52:47.986  5200  6289 W System.err: 	at com.ftdi.j2xx.ProcessInCtrl.releaseWritableBuffers(FT_Device.java:2675)
03-12 13:52:47.986  5200  6289 W System.err: 	at com.ftdi.j2xx.BulkInWorker.run(FT_Device.java:2879)
03-12 13:52:47.986  5200  6289 W System.err: 	at java.lang.Thread.run(Thread.java:818)
03-12 13:52:47.987  5200  6326 W RobotCore: error: closed: FT_Device.read()=-1
03-12 13:52:47.987  5200  6326 V RobotCore: thread: ...terminating 'r/w loop: Modern Robotics USB Servo Controller [AL00XLHS]'
03-12 13:52:47.988  5200  7074 V RobotCore: thread: 'r/w loop: Modern Robotics USB Servo Controller [A104OQZS]' starting...
03-12 13:52:47.988  5200  6372 D RobotCore: ...arming modern servo controller Modern Robotics USB Servo Controller [A104OQZS] complete
03-12 13:52:47.988  5200  6372 I FIRST   : ======= MODULE DETACH RECOVERY: complete Modern Robotics USB Servo Controller [A104OQZS]=======
03-12 13:52:47.988  5200  6372 V RobotCore: event loop: device has shutdown abnormally
03-12 13:52:47.988  5200  6372 V RobotCore: event loop: detaching device owner
03-12 13:52:47.988  5200  6372 I FIRST   : ======= MODULE DETACH RECOVERY: disarm Modern Robotics USB Legacy Module [AL00XTZO]=======
03-12 13:52:47.988  5200  6372 V RobotCore: waiting for service ReadWriteRunnable for Modern Robotics USB Device
03-12 13:52:47.989  5200  6372 V RobotCore: awaitTermination returned, isTerminated=true
03-12 13:52:47.989  5200  6372 V RobotCore: executive service ReadWriteRunnable for Modern Robotics USB Device is terminated
03-12 13:52:47.989  5200  6372 I FIRST   : ======= MODULE DETACH RECOVERY: pretend Modern Robotics USB Legacy Module [AL00XTZO]=======
03-12 13:52:47.989  5200  6372 V RobotCore: Starting up pretend device AL00XTZO
03-12 13:52:47.990  5200  7075 V RobotCore: thread: 'r/w loop: Modern Robotics USB Legacy Module [AL00XTZO]' starting...
03-12 13:52:47.992  5200  5200 D UsbDeviceConnectionJNI: close
03-12 13:52:47.992  5200  6161 D ProcessRequestThread::: Device has been closed.
03-12 13:52:47.992  5200  6161 W System.err: java.lang.InterruptedException
03-12 13:52:47.992  5200  6161 W System.err: 	at java.util.concurrent.locks.AbstractQueuedSynchronizer.doAcquireSharedInterruptibly(AbstractQueuedSynchronizer.java:972)
03-12 13:52:47.992  5200  6161 W System.err: 	at java.util.concurrent.locks.AbstractQueuedSynchronizer.acquireSharedInterruptibly(AbstractQueuedSynchronizer.java:1278)
03-12 13:52:47.992  5200  6161 W System.err: 	at java.util.concurrent.Semaphore.acquire(Semaphore.java:284)
03-12 13:52:47.992  5200  6161 W System.err: 	at com.ftdi.j2xx.ProcessInCtrl.acquireReadableBuffer(FT_Device.java:2294)
03-12 13:52:47.992  5200  6161 W System.err: 	at com.ftdi.j2xx.ProcessRequestWorker.run(FT_Device.java:2764)
03-12 13:52:47.992  5200  6161 W System.err: 	at java.lang.Thread.run(Thread.java:818)
03-12 13:52:47.992  5200  6176 W RobotCore: could not write to Modern Robotics USB DC Motor Controller [A104OQW3]: FTDI Null Pointer Exception
03-12 13:52:47.992  5200  6176 E RobotCore: java.lang.NullPointerException: Attempt to invoke interface method 'void java.util.concurrent.locks.Lock.unlock()' on a null object reference
03-12 13:52:47.992  5200  6176 E RobotCore:     at com.ftdi.j2xx.ProcessInCtrl.readBulkInData(FT_Device.java:2520)
03-12 13:52:47.992  5200  6176 E RobotCore:     at com.ftdi.j2xx.FT_Device.read(FT_Device.java:666)
03-12 13:52:47.993  5200  6176 E RobotCore:     at com.qualcomm.robotcore.hardware.usb.ftdi.RobotUsbDeviceFtdi.read(RobotUsbDeviceFtdi.java:199)
03-12 13:52:47.993  5200  6176 E RobotCore:     at com.qualcomm.robotcore.hardware.usb.ftdi.RobotUsbDeviceFtdi.read(RobotUsbDeviceFtdi.java:176)
03-12 13:52:47.993  5200  6176 E RobotCore:     at com.qualcomm.modernrobotics.ReadWriteRunnableUsbHandler.b(SourceFile:109)
03-12 13:52:47.993  5200  6176 E RobotCore:     at com.qualcomm.modernrobotics.ReadWriteRunnableUsbHandler.write(SourceFile:98)
03-12 13:52:47.993  5200  6160 D BulkIn::: Stop BulkIn thread
03-12 13:52:47.993  5200  6176 E RobotCore:     at com.qualcomm.hardware.modernrobotics.ReadWriteRunnableStandard$1.run(ReadWriteRunnableStandard.java:394)
03-12 13:52:47.993  5200  6160 W System.err: java.lang.NullPointerException: Attempt to invoke virtual method 'int com.ftdi.j2xx.D2xxManager$DriverParameters.getBufferNumber()' on a null object reference
03-12 13:52:47.993  5200  6176 E RobotCore:     at com.qualcomm.robotcore.util.ThreadPool.logThreadLifeCycle(ThreadPool.java:513)
03-12 13:52:47.993  5200  6160 W System.err: 	at com.ftdi.j2xx.ProcessInCtrl.releaseWritableBuffers(FT_Device.java:2672)
03-12 13:52:47.993  5200  6176 E RobotCore:     at com.qualcomm.hardware.modernrobotics.ReadWriteRunnableStandard.run(ReadWriteRunnableStandard.java:302)
03-12 13:52:47.993  5200  6160 W System.err: 	at com.ftdi.j2xx.BulkInWorker.run(FT_Device.java:2879)
03-12 13:52:47.993  5200  6176 E RobotCore:     at java.util.concurrent.ThreadPoolExecutor.runWorker(ThreadPoolExecutor.java:1113)
03-12 13:52:47.993  5200  6160 W System.err: 	at java.lang.Thread.run(Thread.java:818)
03-12 13:52:47.993  5200  6176 E RobotCore:     at java.util.concurrent.ThreadPoolExecutor$Worker.run(ThreadPoolExecutor.java:588)
03-12 13:52:47.993  5200  6176 E RobotCore:     at java.lang.Thread.run(Thread.java:818)
03-12 13:52:47.993  5200  6176 V RobotCore: thread: ...terminating 'r/w loop: Modern Robotics USB DC Motor Controller [A104OQW3]'
03-12 13:52:47.993  5200  6372 I FIRST   : ======= MODULE DETACH RECOVERY: complete Modern Robotics USB Legacy Module [AL00XTZO]=======
03-12 13:52:47.993  5200  6372 V RobotCore: event loop: device has shutdown abnormally
03-12 13:52:47.993  5200  6372 V RobotCore: event loop: detaching device owner
03-12 13:52:47.993  5200  6372 I FIRST   : ======= MODULE DETACH RECOVERY: disarm Modern Robotics USB Servo Controller [AL00XLHS]=======
03-12 13:52:47.993  5200  6372 D RobotCore: disarming modern servo controller "Modern Robotics USB Servo Controller [AL00XLHS]"...
03-12 13:52:47.994  5200  6372 V RobotCore: executive service ReadWriteRunnable for Modern Robotics USB Device is terminated
03-12 13:52:47.994  5200  6372 D RobotCore: ...disarming modern servo controller Modern Robotics USB Servo Controller [AL00XLHS] complete
03-12 13:52:47.994  5200  6372 I FIRST   : ======= MODULE DETACH RECOVERY: pretend Modern Robotics USB Servo Controller [AL00XLHS]=======
03-12 13:52:47.994  5200  6372 D RobotCore: arming modern servo controller Modern Robotics USB Servo Controller [AL00XLHS] (pretend)...
03-12 13:52:47.994  5200  6372 V RobotCore: Starting up pretend device AL00XLHS
03-12 13:52:47.995  5200  7076 V RobotCore: thread: 'r/w loop: Modern Robotics USB Servo Controller [AL00XLHS]' starting...
03-12 13:52:47.996  5200  6372 D RobotCore: ...arming modern servo controller Modern Robotics USB Servo Controller [AL00XLHS] complete
03-12 13:52:47.996  5200  6372 I FIRST   : ======= MODULE DETACH RECOVERY: complete Modern Robotics USB Servo Controller [AL00XLHS]=======
03-12 13:52:47.996  5200  6372 D RobotCore: system telemetry: key=$System$Warning$ msg="problem communicating with Modern Robotics USB Core Device Interface Module [AI041S26]; problem communicating with Modern Robotics USB Servo Controller [AL00XLHS]; problem communicating with Modern Robotics USB Legacy Module [AL00XTZO]; problem communicating with Modern Robotics USB DC Motor Controller [A7008L4K]; problem communicating with Modern Robotics USB DC Motor Controller [A104OQO9]; problem communicating with Modern Robotics USB Servo Controller [A104OQZS]; problem communicating with Modern Robotics USB DC Motor Controller [A104OQW3]"
03-12 13:52:47.997  5200  6372 V RobotCore: event loop: device has shutdown abnormally
03-12 13:52:47.997  5200  6372 V RobotCore: event loop: detaching device owner
03-12 13:52:47.997  5200  6372 I FIRST   : ======= MODULE DETACH RECOVERY: disarm Modern Robotics USB DC Motor Controller [A104OQW3]=======
03-12 13:52:47.997  5200  6372 D RobotCore: disarming modern motor controller Modern Robotics USB DC Motor Controller [A104OQW3]...
03-12 13:52:47.999  5200  6372 V RobotCore: executive service ReadWriteRunnable for Modern Robotics USB Device is terminated
03-12 13:52:47.999  5200  6372 D RobotCore: ...disarming modern motor controller Modern Robotics USB DC Motor Controller [A104OQW3] complete
03-12 13:52:47.999  5200  6372 I FIRST   : ======= MODULE DETACH RECOVERY: pretend Modern Robotics USB DC Motor Controller [A104OQW3]=======
03-12 13:52:47.999  5200  6372 D RobotCore: arming modern motor controller Modern Robotics USB DC Motor Controller [A104OQW3] (pretend)...
03-12 13:52:48.000  5200  6372 V RobotCore: Starting up pretend device A104OQW3
03-12 13:52:48.001  5200  7077 V RobotCore: thread: 'r/w loop: Modern Robotics USB DC Motor Controller [A104OQW3]' starting...
03-12 13:52:48.001  5200  6372 D RobotCore: ...arming modern motor controller Modern Robotics USB DC Motor Controller [A104OQW3] complete
03-12 13:52:48.001  5200  6372 I FIRST   : ======= MODULE DETACH RECOVERY: complete Modern Robotics USB DC Motor Controller [A104OQW3]=======
03-12 13:52:48.939  5200  6371 W AudioTrack: AUDIO_OUTPUT_FLAG_FAST denied by client; transfer 4, track 44100 Hz, output 48000 Hz
03-12 13:52:54.351  5200  5200 V RCActivity: onPause()
03-12 13:52:54.388  5200  5200 V RCActivity: onStop()
03-12 13:52:54.389  5200  5200 V RobotCore: executive service robot setup is terminated
03-12 13:52:54.389  5200  5200 V Robocol : EventLoopManager.shutdown()
03-12 13:52:54.389  5200  5200 V RobotCore: waiting for service EventLoop
03-12 13:52:54.389  5200  6372 V RobotCore: EventLoopRunnable interrupted
03-12 13:52:54.389  5200  6372 V RobotCore: EventLoopManager state is STOPPED
03-12 13:52:54.389  5200  6372 V RobotCore: Robot Status: stopped
03-12 13:52:54.389  5200  6372 I FIRST   : ======= TEARDOWN =======
03-12 13:52:54.389  5200  6372 D RobotCore: disarming modern motor controller Modern Robotics USB DC Motor Controller [A7008L4K]...
03-12 13:52:54.392  5200  7063 V RobotCore: thread: ...terminating 'r/w loop: Modern Robotics USB DC Motor Controller [A7008L4K]'
03-12 13:52:54.392  5200  6372 V RobotCore: waiting for service ReadWriteRunnable for Modern Robotics USB Device
03-12 13:52:54.393  5200  6372 V RobotCore: awaitTermination returned, isTerminated=true
03-12 13:52:54.393  5200  6372 V RobotCore: executive service ReadWriteRunnable for Modern Robotics USB Device is terminated
03-12 13:52:54.393  5200  6372 D RobotCore: ...disarming modern motor controller Modern Robotics USB DC Motor Controller [A7008L4K] complete
03-12 13:52:54.393  5200  6372 D RobotCore: disarming modern motor controller Modern Robotics USB DC Motor Controller [A104OQW3]...
03-12 13:52:54.399  5200  7077 V RobotCore: thread: ...terminating 'r/w loop: Modern Robotics USB DC Motor Controller [A104OQW3]'
03-12 13:52:54.399  5200  6372 V RobotCore: waiting for service ReadWriteRunnable for Modern Robotics USB Device
03-12 13:52:54.399  5200  6372 V RobotCore: awaitTermination returned, isTerminated=true
03-12 13:52:54.399  5200  6372 V RobotCore: executive service ReadWriteRunnable for Modern Robotics USB Device is terminated
03-12 13:52:54.399  5200  6372 D RobotCore: ...disarming modern motor controller Modern Robotics USB DC Motor Controller [A104OQW3] complete
03-12 13:52:54.400  5200  6372 D RobotCore: disarming modern motor controller Modern Robotics USB DC Motor Controller [A104OQO9]...
03-12 13:52:54.406  5200  7005 V RobotCore: thread: ...terminating 'r/w loop: Modern Robotics USB DC Motor Controller [A104OQO9]'
03-12 13:52:54.406  5200  6372 V RobotCore: waiting for service ReadWriteRunnable for Modern Robotics USB Device
03-12 13:52:54.406  5200  6372 V RobotCore: awaitTermination returned, isTerminated=true
03-12 13:52:54.406  5200  6372 V RobotCore: executive service ReadWriteRunnable for Modern Robotics USB Device is terminated
03-12 13:52:54.407  5200  6372 D RobotCore: ...disarming modern motor controller Modern Robotics USB DC Motor Controller [A104OQO9] complete
03-12 13:52:54.407  5200  6372 D RobotCore: disarming modern servo controller "Modern Robotics USB Servo Controller [AL00XLHS]"...
03-12 13:52:54.410  5200  7076 V RobotCore: thread: ...terminating 'r/w loop: Modern Robotics USB Servo Controller [AL00XLHS]'
03-12 13:52:54.410  5200  6372 V RobotCore: executive service ReadWriteRunnable for Modern Robotics USB Device is terminated
03-12 13:52:54.410  5200  6372 D RobotCore: ...disarming modern servo controller Modern Robotics USB Servo Controller [AL00XLHS] complete
03-12 13:52:54.411  5200  6372 D RobotCore: disarming modern servo controller "Modern Robotics USB Servo Controller [A104OQZS]"...
03-12 13:52:54.414  5200  7074 V RobotCore: thread: ...terminating 'r/w loop: Modern Robotics USB Servo Controller [A104OQZS]'
03-12 13:52:54.414  5200  6372 V RobotCore: executive service ReadWriteRunnable for Modern Robotics USB Device is terminated
03-12 13:52:54.414  5200  6372 D RobotCore: ...disarming modern servo controller Modern Robotics USB Servo Controller [A104OQZS] complete
03-12 13:52:54.418  5200  6372 V RobotCore: waiting for service ReadWriteRunnable for Modern Robotics USB Device
03-12 13:52:54.418  5200  7064 V RobotCore: thread: ...terminating 'r/w loop: Modern Robotics USB Core Device Interface Module [AI041S26]'
03-12 13:52:54.419  5200  6372 V RobotCore: awaitTermination returned, isTerminated=true
03-12 13:52:54.419  5200  6372 V RobotCore: executive service ReadWriteRunnable for Modern Robotics USB Device is terminated
03-12 13:52:54.426  5200  6372 V RobotCore: waiting for service ReadWriteRunnable for Modern Robotics USB Device
03-12 13:52:54.426  5200  7075 V RobotCore: thread: ...terminating 'r/w loop: Modern Robotics USB Legacy Module [AL00XTZO]'
03-12 13:52:54.426  5200  6372 V RobotCore: awaitTermination returned, isTerminated=true
03-12 13:52:54.426  5200  6372 V RobotCore: executive service ReadWriteRunnable for Modern Robotics USB Device is terminated
03-12 13:52:54.426  5200  6372 I FIRST   : ======= TEARDOWN COMPLETE =======
03-12 13:52:54.426  5200  6372 V RobotCore: thread: ...terminating 'opmode loop()'
03-12 13:52:54.426  5200  5200 V RobotCore: awaitTermination returned, isTerminated=true
03-12 13:52:54.426  5200  5200 V RobotCore: executive service EventLoop is terminated
03-12 13:52:54.426  5200  5200 V RobotCore: EventLoopManager state is STOPPED
03-12 13:52:54.449  5200  6157 D RobotCore: system telemetry: key=$System$None$ msg=""
03-12 13:52:55.702  5200  5200 V RCActivity: onStart()
03-12 13:52:55.716  5200  5200 D OpmodeRegistration: registered {DefaultOpMode} as {$Stop$Robot$}
03-12 13:52:55.717  5200  5200 V FTCService: Processing robot setup
03-12 13:52:55.719  5200  7151 V RobotCore: thread: 'RobotSetupRunnable.run()' starting...
03-12 13:52:55.719  5200  7151 V RobotCore: Robot Status: stopped, scanning for USB devices
03-12 13:52:55.735  5200  5200 V RCActivity: onResume()
03-12 13:53:00.720  5200  7151 V RobotCore: Robot Status: stopped, waiting on network
03-12 13:53:00.720  5200  7151 V RobotCore: Robot Status: stopped, starting robot
03-12 13:53:00.720  5200  7151 V Robocol : EventLoopManager.start()
03-12 13:53:00.720  5200  7151 V Robocol : Spoofing a Network Connection event...
03-12 13:53:00.720  5200  7151 V RobotCore: executive service EventLoop is terminated
03-12 13:53:00.720  5200  7151 V RobotCore: EventLoopManager state is STOPPED
03-12 13:53:00.721  5200  7151 V Robocol : eventLoop=FtcEventLoop
03-12 13:53:00.721  5200  7151 V RobotCore: EventLoopManager state is INIT
03-12 13:53:00.721  5200  7151 V RobotCore: Robot Status: initializing, starting robot
03-12 13:53:00.721  5200  7151 I FIRST   : ======= INIT START =======
03-12 13:53:00.725  5200  5200 I RobotCore: Battery Checker, Level Remaining: 99.0
03-12 13:53:00.726  5200  5200 I RobotCore: Battery Checker, Level Remaining: 99.0
03-12 13:53:00.735  5200  7151 D OpmodeRegistration: registered {TestMotor} as {Util LocateMotor 1}
03-12 13:53:00.735  5200  7151 D OpmodeRegistration: registered {TestMotorNoEncoders} as {Util LocateMotor No Encoders}
03-12 13:53:00.736  5200  7151 D OpmodeRegistration: registered {AutonDefensiveExtraButton} as {AutoNomous 02 Defensive EXTRA BUTTON}
03-12 13:53:00.736  5200  7151 D OpmodeRegistration: registered {AutonDoubleShot_00_ToRamp} as {AutoDOUBLE Shot 00 To Ramp}
03-12 13:53:00.737  5200  7151 D OpmodeRegistration: registered {AutonDoubleShot_01_PushCapBall} as {AutoDouble Shot 01 Push Cap Ball}
03-12 13:53:00.743  5200  7151 D OpmodeRegistration: registered {AutonNoBallExtraButton} as {AutoNomous 01 No Ball (To Ramp) EXTRA BUTTON}
03-12 13:53:00.748  5200  7151 D OpmodeRegistration: registered {AutonNoBallExtraButtonSUM} as {AutoNomous 01 No Ball (To Ramp) BEACON SUM}
03-12 13:53:00.748  5200  7151 D OpmodeRegistration: registered {AutonNormalExtraButtonCapBall} as {AutoNomous 00 Normal EXTRA BUTTON CAP BALL717pm}
03-12 13:53:00.749  5200  7151 D OpmodeRegistration: registered {AutonNormalExtraButtonSUM} as {AutoNomous 00 Normal BEACON SUM}
03-12 13:53:00.750  5200  7151 D OpmodeRegistration: registered {AutonSingleShot_00_ToRamp} as {AutoSingle Shot 00 To Ramp}
03-12 13:53:00.750  5200  7151 D OpmodeRegistration: registered {AutonSingleShot_01_PushCapBall} as {AutoSingle Shot 01 Push Cap Ball}
03-12 13:53:00.751  5200  7151 D OpmodeRegistration: registered {AutonSingleShot_02_PushCapBall_Defense} as {AutoSingle Shot 02 Push Cap Ball Defense}
03-12 13:53:00.751  5200  7151 D OpmodeRegistration: registered {AutonNormalExtraButtonCapBallTEST} as {AutoNomous 00 Button TEST 0220 RED ONLY}
03-12 13:53:00.752  5200  7151 D OpmodeRegistration: registered {Chris1231} as {Chris0754}
03-12 13:53:00.752  5200  7151 D OpmodeRegistration: registered {Chris1231NOENCODERS} as {ChrisNOENCODERS}
03-12 13:53:00.753  5200  7151 D OpmodeRegistration: registered {SensorTest} as {Sensor Test}
03-12 13:53:00.757  5200  7151 V RobotCore: Creating Modern Robotics USB DC Motor Controller [A104OQW3]
03-12 13:53:00.757  5200  7151 D RobotCore: arming modern motor controller Modern Robotics USB DC Motor Controller [A104OQW3]...
03-12 13:53:00.757  5200  7151 W System.err: unable to find USB device with serial number A104OQW3
03-12 13:53:00.758  5200  7151 D RobotCore: arming modern motor controller Modern Robotics USB DC Motor Controller [A104OQW3] (pretend)...
03-12 13:53:00.758  5200  7151 V RobotCore: Starting up pretend device A104OQW3
03-12 13:53:00.780  5200  7200 V RobotCore: thread: 'r/w loop: Modern Robotics USB DC Motor Controller [A104OQW3]' starting...
03-12 13:53:00.780  5200  7151 D RobotCore: ...arming modern motor controller Modern Robotics USB DC Motor Controller [A104OQW3] complete
03-12 13:53:00.781  5200  7151 V RobotCore: Creating Modern Robotics USB Core Device Interface Module [AI041S26]
03-12 13:53:00.781  5200  7151 W System.err: unable to find USB device with serial number AI041S26
03-12 13:53:00.781  5200  7151 V RobotCore: Starting up pretend device AI041S26
03-12 13:53:00.783  5200  7201 V RobotCore: thread: 'r/w loop: Modern Robotics USB Core Device Interface Module [AI041S26]' starting...
03-12 13:53:00.783  5200  7151 V RobotCore: Creating I2C Device - Port: 0
03-12 13:53:00.784  5200  7151 V RobotCore: Creating Modern Robotics Analog Optical Distance Sensor - Port: 0
03-12 13:53:00.784  5200  7151 V RobotCore: Creating Analog Input Device - Port: 1
03-12 13:53:00.784  5200  7151 V RobotCore: Creating Analog Input Device - Port: 2
03-12 13:53:00.784  5200  7151 V RobotCore: Creating Modern Robotics Analog Optical Distance Sensor - Port: 6
03-12 13:53:00.784  5200  7151 V RobotCore: Creating Modern Robotics Digital Touch Sensor - Port: 0
03-12 13:53:00.784  5200  7151 V RobotCore: Creating Digital Channel Device - Port: 7
03-12 13:53:00.784  5200  7151 V RobotCore: Creating Modern Robotics USB Servo Controller [A104OQZS]
03-12 13:53:00.784  5200  7151 D RobotCore: arming modern servo controller Modern Robotics USB Servo Controller [A104OQZS]...
03-12 13:53:00.784  5200  6957 V Robocol : sending CMD_SUGGEST_OP_MODE_LIST_REFRESH(304), attempt: 0
03-12 13:53:00.785  5200  7151 W System.err: unable to find USB device with serial number A104OQZS
03-12 13:53:00.785  5200  7151 D RobotCore: arming modern servo controller Modern Robotics USB Servo Controller [A104OQZS] (pretend)...
03-12 13:53:00.785  5200  7151 V RobotCore: Starting up pretend device A104OQZS
03-12 13:53:00.790  5200  7202 V RobotCore: thread: 'r/w loop: Modern Robotics USB Servo Controller [A104OQZS]' starting...
03-12 13:53:00.791  5200  7151 D RobotCore: ...arming modern servo controller Modern Robotics USB Servo Controller [A104OQZS] complete
03-12 13:53:00.791  5200  7151 V RobotCore: Creating Modern Robotics USB DC Motor Controller [A104OQO9]
03-12 13:53:00.791  5200  7151 D RobotCore: arming modern motor controller Modern Robotics USB DC Motor Controller [A104OQO9]...
03-12 13:53:00.791  5200  7151 W System.err: unable to find USB device with serial number A104OQO9
03-12 13:53:00.792  5200  7151 D RobotCore: arming modern motor controller Modern Robotics USB DC Motor Controller [A104OQO9] (pretend)...
03-12 13:53:00.792  5200  7151 V RobotCore: Starting up pretend device A104OQO9
03-12 13:53:00.795  5200  7203 V RobotCore: thread: 'r/w loop: Modern Robotics USB DC Motor Controller [A104OQO9]' starting...
03-12 13:53:00.795  5200  7151 D RobotCore: ...arming modern motor controller Modern Robotics USB DC Motor Controller [A104OQO9] complete
03-12 13:53:00.796  5200  7151 V RobotCore: Creating Modern Robotics USB Legacy Module [AL00XTZO]
03-12 13:53:00.796  5200  7151 W System.err: unable to find USB device with serial number AL00XTZO
03-12 13:53:00.796  5200  7151 V RobotCore: Starting up pretend device AL00XTZO
03-12 13:53:00.798  5200  7204 V RobotCore: thread: 'r/w loop: Modern Robotics USB Legacy Module [AL00XTZO]' starting...
03-12 13:53:00.798  5200  7151 V RobotCore: Creating HiTechnic NXT Light Sensor - Port: 0
03-12 13:53:00.798  5200  7151 V RobotCore: Creating HiTechnic NXT Light Sensor - Port: 1
03-12 13:53:00.798  5200  7151 V RobotCore: Creating Modern Robotics USB Servo Controller [AL00XLHS]
03-12 13:53:00.798  5200  7151 D RobotCore: arming modern servo controller Modern Robotics USB Servo Controller [AL00XLHS]...
03-12 13:53:00.799  5200  7151 W System.err: unable to find USB device with serial number AL00XLHS
03-12 13:53:00.799  5200  7151 D RobotCore: arming modern servo controller Modern Robotics USB Servo Controller [AL00XLHS] (pretend)...
03-12 13:53:00.799  5200  7151 V RobotCore: Starting up pretend device AL00XLHS
03-12 13:53:00.800  5200  7205 V RobotCore: thread: 'r/w loop: Modern Robotics USB Servo Controller [AL00XLHS]' starting...
03-12 13:53:00.801  5200  7151 D RobotCore: ...arming modern servo controller Modern Robotics USB Servo Controller [AL00XLHS] complete
03-12 13:53:00.801  5200  7151 V RobotCore: Creating Modern Robotics USB DC Motor Controller [A7008L4K]
03-12 13:53:00.801  5200  7151 D RobotCore: arming modern motor controller Modern Robotics USB DC Motor Controller [A7008L4K]...
03-12 13:53:00.801  5200  7151 W System.err: unable to find USB device with serial number A7008L4K
03-12 13:53:00.802  5200  7151 D RobotCore: arming modern motor controller Modern Robotics USB DC Motor Controller [A7008L4K] (pretend)...
03-12 13:53:00.802  5200  7151 V RobotCore: Starting up pretend device A7008L4K
03-12 13:53:00.803  5200  7206 V RobotCore: thread: 'r/w loop: Modern Robotics USB DC Motor Controller [A7008L4K]' starting...
03-12 13:53:00.803  5200  7151 D RobotCore: ...arming modern motor controller Modern Robotics USB DC Motor Controller [A7008L4K] complete
03-12 13:53:00.803  5200  7151 I RobotCore: ========= Device Information ===================================================
03-12 13:53:00.804  5200  7151 I RobotCore: Type                                               Name                           Connection
03-12 13:53:00.804  5200  7151 I RobotCore: Modern Robotics USB DC Motor Controller            Ball Collector Motor           USB A104OQW3
03-12 13:53:00.804  5200  7151 I RobotCore: Modern Robotics USB Legacy Module                  Legacy Module 1                USB AL00XTZO
03-12 13:53:00.804  5200  7151 I RobotCore: Modern Robotics Analog Optical Distance Sensor     line                           USB AI041S26; analog port 0
03-12 13:53:00.804  5200  7151 I RobotCore: I2cDevice                                          navx                           USB AI041S26; port 0
03-12 13:53:00.804  5200  7151 I RobotCore: Modern Robotics USB Core Device Interface Module   dim                            USB AI041S26
03-12 13:53:00.804  5200  7151 I RobotCore: DC Motor                                           back_left                      USB A104OQO9; port 1
03-12 13:53:00.804  5200  7151 I RobotCore: Digital Channel                                    switch                         USB AI041S26; digital port 7
03-12 13:53:00.804  5200  7151 I RobotCore: Servo                                              SpinServo                      USB A104OQZS; port 6
03-12 13:53:00.804  5200  7151 I RobotCore: Servo                                              servo                          USB A104OQZS; port 1
03-12 13:53:00.804  5200  7151 I RobotCore: Servo                                              CatServo                       USB AL00XLHS; port 2
03-12 13:53:00.805  5200  7151 I RobotCore: Modern Robotics USB DC Motor Controller            Motor Controller 2             USB A104OQO9
03-12 13:53:00.805  5200  7151 I RobotCore: Modern Robotics Analog Optical Distance Sensor     CatODSensor                    USB AI041S26; analog port 6
03-12 13:53:00.805  5200  7151 I RobotCore: Modern Robotics USB DC Motor Controller            Motor Controller 1             USB A7008L4K
03-12 13:53:00.805  5200  7151 I RobotCore: Servo                                              RampServo                      USB AL00XLHS; port 1
03-12 13:53:00.805  5200  7151 I RobotCore: Modern Robotics USB Servo Controller               Servo Controller 2             USB A104OQZS
03-12 13:53:00.805  5200  7151 I RobotCore: Modern Robotics USB Servo Controller               Servo Controller 1             USB AL00XLHS
03-12 13:53:00.805  5200  7151 I RobotCore: Modern Robotics Digital Touch Sensor               touch                          USB AI041S26; digital port 0
03-12 13:53:00.805  5200  7151 I RobotCore: DC Motor                                           back_right                     USB A104OQO9; port 2
03-12 13:53:00.805  5200  7151 I RobotCore: DC Motor                                           front_right                    USB A7008L4K; port 2
03-12 13:53:00.805  5200  7151 I RobotCore: DC Motor                                           ball_collector                 USB A104OQW3; port 1
03-12 13:53:00.805  5200  7151 I RobotCore: NXT Light Sensor                                   lightL                         USB AL00XTZO; port 0
03-12 13:53:00.805  5200  7151 I RobotCore: DC Motor                                           front_left                     USB A7008L4K; port 1
03-12 13:53:00.805  5200  7151 I RobotCore: Analog Input                                       lineL                          USB AI041S26; analog port 1
03-12 13:53:00.805  5200  7151 I RobotCore: Analog Input                                       lineR                          USB AI041S26; analog port 2
03-12 13:53:00.806  5200  7151 I RobotCore: NXT Light Sensor                                   lightR                         USB AL00XTZO; port 1
03-12 13:53:00.806  5200  7151 I FIRST   : ======= INIT FINISH =======
03-12 13:53:00.806  5200  7151 V RobotCore: EventLoopManager state is RUNNING
03-12 13:53:00.807  5200  6371 W AudioTrack: AUDIO_OUTPUT_FLAG_FAST denied by client; transfer 4, track 8000 Hz, output 48000 Hz
03-12 13:53:00.811  5200  7151 V RobotCore: Robot Status: running, starting robot
03-12 13:53:00.816  5200  6157 D RobotCore: system telemetry: key=$System$Warning$ msg="unable to open Modern Robotics USB DC Motor Controller [A104OQO9]; unable to open Modern Robotics USB Legacy Module [AL00XTZO]; unable to open Modern Robotics USB Servo Controller [AL00XLHS]; unable to open Modern Robotics USB Core Device Interface Module [AI041S26]; unable to open Modern Robotics USB DC Motor Controller [A7008L4K]; unable to open Modern Robotics USB DC Motor Controller [A104OQW3]; unable to open Modern Robotics USB Servo Controller [A104OQZS]"
03-12 13:53:00.816  5200  6157 V Robocol : received command: CMD_SUGGEST_OP_MODE_LIST_REFRESH(304) 
03-12 13:53:00.817  5200  6157 V Robocol : received command: CMD_REQUEST_OP_MODE_LIST(10236) 
03-12 13:53:00.817  5200  6157 V Robocol : received command: CMD_REQUEST_ACTIVE_CONFIGURATION(10237) 
03-12 13:53:00.851  5200  7151 V RobotCore: Robot Status: running
03-12 13:53:00.852  5200  7151 V RobotCore: thread: ...terminating 'RobotSetupRunnable.run()'
03-12 13:53:00.884  5200  7240 V RobotCore: thread: 'opmode loop()' starting...
03-12 13:53:00.893  5200  7240 I RobotCore: Attempting to switch to op mode $Stop$Robot$
03-12 13:53:00.904  5200  6957 V Robocol : sending CMD_REQUEST_OP_MODE_LIST_RESP(313), attempt: 0
03-12 13:53:00.904  5200  6957 V Robocol : sending CMD_REQUEST_USER_SENSOR_LIST_RESP(314), attempt: 0
03-12 13:53:00.905  5200  6957 V Robocol : sending CMD_INIT_OP_MODE_RESP(320), attempt: 0
03-12 13:53:00.905  5200  6957 V Robocol : sending CMD_REQUEST_ACTIVE_CONFIGURATION_RESP(321), attempt: 0
