03-12 12:56:41.432 22436 22436 V D2xx::  : Vendor: 0403, Product: 6001
03-12 12:56:41.432 22436 22436 V D2xx::  : Vendor: 0403, Product: 6001
03-12 12:56:41.432 22436 22436 I FIRST   : ignoring: unable get serial number of attached UsbDevice vendor=0x0403, product=0x6001 device=0x03ee name=/dev/bus/usb/001/006
03-12 12:56:41.432 22436 22436 V D2xx::  : Vendor: 0403, Product: 6001
03-12 12:56:41.432 22436 22436 V D2xx::  : Vendor: 0403, Product: 6001
03-12 12:56:41.432 22436 22436 I FIRST   : ignoring: unable get serial number of attached UsbDevice vendor=0x0403, product=0x6001 device=0x03ef name=/dev/bus/usb/001/007
03-12 12:56:41.432 22436 22436 V D2xx::  : Vendor: 0403, Product: 6001
03-12 12:56:41.432 22436 22436 V D2xx::  : Vendor: 0403, Product: 6001
03-12 12:56:41.433 22436 22436 I FIRST   : ignoring: unable get serial number of attached UsbDevice vendor=0x0403, product=0x6001 device=0x03f0 name=/dev/bus/usb/001/008
03-12 12:56:41.433 22436 22436 V D2xx::  : Vendor: 0403, Product: 6001
03-12 12:56:41.433 22436 22436 V D2xx::  : Vendor: 0403, Product: 6001
03-12 12:56:41.433 22436 22436 I FIRST   : ignoring: unable get serial number of attached UsbDevice vendor=0x0403, product=0x6001 device=0x03f1 name=/dev/bus/usb/001/009
03-12 12:56:41.488 22436 22436 D WifiDirect: group owners address: /192.168.49.1
03-12 12:56:41.488 22436 22436 D WifiDirect: group formed, this device is the group owner (GO)
03-12 12:56:41.488 22436 22436 I FTCService: Wifi Direct - connected as group owner
03-12 12:56:41.488 22436 22436 D WifiDirect: stop discovering peers
03-12 12:56:41.496 22436 22436 V RobotCore: Network: enabled, disconnected
03-12 12:56:41.522 22436 22436 V WifiDirect: connection information available
03-12 12:56:41.522 22436 22436 V WifiDirect: connection information - groupOwnerName = 11260-RC
03-12 12:56:41.522 22436 22436 V WifiDirect: connection information - groupOwnerMacAddress = 5c:51:88:5e:5d:e4
03-12 12:56:41.522 22436 22436 V WifiDirect: connection information - groupInterface = p2p0
03-12 12:56:41.522 22436 22436 V WifiDirect: connection information - groupNetworkName = DIRECT-Wp-11260-RC
03-12 12:56:41.523 22436 22436 I FTCService: Network Connection Passphrase: gktbEwq9
03-12 12:56:41.523 22436 22436 V RobotCore: Network: active, disconnected
03-12 12:56:46.432 22436 22436 I RobotCore: Battery Checker, Level Remaining: 87.0
03-12 12:56:46.433 22436 22500 V RobotCore: EventLoopManager state is NOT_STARTED
03-12 12:56:46.434 22436 22500 V RobotCore: Robot Status: stopped, waiting on network
03-12 12:56:46.434 22436 22500 V RobotCore: Robot Status: stopped, starting robot
03-12 12:56:46.434 22436 22500 V Robocol : EventLoopManager.start()
03-12 12:56:46.434 22436 22500 V RobotCore: Getting network assistant of type: WIFIDIRECT
03-12 12:56:46.434 22436 22500 V Robocol : Spoofing a Network Connection event...
03-12 12:56:46.436 22436 22436 I RobotCore: Battery Checker, Level Remaining: 87.0
03-12 12:56:46.439 22436 22500 V RobotCore: executive service EventLoop is terminated
03-12 12:56:46.439 22436 22500 V RobotCore: EventLoopManager state is STOPPED
03-12 12:56:46.439 22436 22500 V Robocol : eventLoop=FtcEventLoop
03-12 12:56:46.439 22436 22500 V RobotCore: EventLoopManager state is INIT
03-12 12:56:46.439 22436 22500 V RobotCore: Robot Status: initializing, starting robot
03-12 12:56:46.440 22436 22500 I FIRST   : ======= INIT START =======
03-12 12:56:46.446 22436 22506 V RobotCore: thread: 'SetupRunnable.run()' starting...
03-12 12:56:46.490 22436 22500 D OpmodeRegistration: registered {TestMotor} as {Util LocateMotor 1}
03-12 12:56:46.490 22436 22500 D OpmodeRegistration: registered {TestMotorNoEncoders} as {Util LocateMotor No Encoders}
03-12 12:56:46.490 22436 22500 D OpmodeRegistration: registered {AutonDefensiveExtraButton} as {AutoNomous 02 Defensive EXTRA BUTTON}
03-12 12:56:46.491 22436 22500 D OpmodeRegistration: registered {AutonDoubleShot_01_PushCapBall} as {AutoDouble Shot 01 Push Cap Ball}
03-12 12:56:46.491 22436 22500 D OpmodeRegistration: registered {AutonNoBallExtraButton} as {AutoNomous 01 No Ball (To Ramp) EXTRA BUTTON}
03-12 12:56:46.492 22436 22500 D OpmodeRegistration: registered {AutonNoBallExtraButtonSUM} as {AutoNomous 01 No Ball (To Ramp) BEACON SUM}
03-12 12:56:46.492 22436 22500 D OpmodeRegistration: registered {AutonNormalExtraButtonCapBall} as {AutoNomous 00 Normal EXTRA BUTTON CAP BALL717pm}
03-12 12:56:46.493 22436 22500 D OpmodeRegistration: registered {AutonNormalExtraButtonSUM} as {AutoNomous 00 Normal BEACON SUM}
03-12 12:56:46.493 22436 22500 D OpmodeRegistration: registered {AutonSingleShot_00_ToRamp} as {AutoSingle Shot 00 To Ramp}
03-12 12:56:46.494 22436 22500 D OpmodeRegistration: registered {AutonSingleShot_01_PushCapBall} as {AutoSingle Shot 01 Push Cap Ball}
03-12 12:56:46.495 22436 22500 D OpmodeRegistration: registered {AutonSingleShot_02_PushCapBall_Defense} as {AutoSingle Shot 02 Push Cap Ball Defense}
03-12 12:56:46.502 22436 22500 D OpmodeRegistration: registered {AutonNormalExtraButtonCapBallTEST} as {AutoNomous 00 Button TEST 0220 RED ONLY}
03-12 12:56:46.503 22436 22500 D OpmodeRegistration: registered {Chris1231} as {Chris0754}
03-12 12:56:46.503 22436 22500 D OpmodeRegistration: registered {Chris1231NOENCODERS} as {ChrisNOENCODERS}
03-12 12:56:46.503 22436 22500 D OpmodeRegistration: registered {SensorTest} as {Sensor Test}
03-12 12:56:46.518 22436 22506 D Robocol : RobocolDatagramSocket listening addr=/192.168.49.1:20884 cbRec=65520 cbSend=163840 msRecTO=300
03-12 12:56:46.519 22436 22506 V Robocol : RecvLoopRunnable created
03-12 12:56:46.520 22436 22506 V PeerDiscovery: Starting peer discovery
03-12 12:56:46.520 22436 22506 V PeerDiscovery: No need for peer discovery, we are the peer discovery device
03-12 12:56:46.520 22436 22506 V RobotCore: Setup complete
03-12 12:56:46.520 22436 22506 V RobotCore: thread: ...terminating 'SetupRunnable.run()'
03-12 12:56:46.522 22436 22500 V RobotCore: Creating Modern Robotics USB DC Motor Controller [A104OQW3]
03-12 12:56:46.543 22436 22500 D RobotCore: arming modern motor controller Modern Robotics USB DC Motor Controller [A104OQW3]...
03-12 12:56:46.546 22436 22508 V RobotCore: thread: 'RecvLoopRunnable.run()' starting...
03-12 12:56:46.548 22436 22500 V D2xx::  : Vendor: 0403, Product: 6001
03-12 12:56:46.558 22436 22500 D UsbDeviceConnectionJNI: close
03-12 12:56:46.559 22436 22500 V D2xx::  : Vendor: 0403, Product: 6001
03-12 12:56:46.567 22436 22500 D UsbDeviceConnectionJNI: close
03-12 12:56:46.568 22436 22500 V D2xx::  : Vendor: 0403, Product: 6001
03-12 12:56:46.576 22436 22500 D UsbDeviceConnectionJNI: close
03-12 12:56:46.577 22436 22500 V D2xx::  : Vendor: 0403, Product: 6001
03-12 12:56:46.585 22436 22500 D UsbDeviceConnectionJNI: close
03-12 12:56:46.586 22436 22500 V D2xx::  : Vendor: 0403, Product: 6001
03-12 12:56:46.594 22436 22500 D UsbDeviceConnectionJNI: close
03-12 12:56:46.595 22436 22500 V D2xx::  : Vendor: 0403, Product: 6001
03-12 12:56:46.603 22436 22500 D UsbDeviceConnectionJNI: close
03-12 12:56:46.604 22436 22500 V D2xx::  : Vendor: 0403, Product: 6001
03-12 12:56:46.613 22436 22500 D UsbDeviceConnectionJNI: close
03-12 12:56:46.614 22436 22500 D FTDI_Device::: open SUCCESS
03-12 12:56:46.615 22436 22500 I FTDI_Device::: EP: 0x81
03-12 12:56:46.615 22436 22500 I FTDI_Device::: EP: 0x02
03-12 12:56:46.615 22436 22500 D D2XX::  : **********************Device Opened**********************
03-12 12:56:46.735 22436 22508 D RobotCore: system telemetry: key=$System$None$ msg=""
03-12 12:56:46.736 22436 22508 V PeerDiscovery: new remote peer discovered: 192.168.49.12
03-12 12:56:46.736 22436 22508 D Robocol : RobocolDatagramSocket connected to /192.168.49.12:20884
03-12 12:56:46.737 22436 22508 V NetworkConnectionHandler: starting sending loop
03-12 12:56:46.737 22436 22508 V Robocol : SendOnceRunnable created
03-12 12:56:46.748 22436 22508 V RobotCore: Network: active, connected
03-12 12:56:46.774 22436 22529 D MediaPlayer: setSubtitleAnchor in MediaPlayer
03-12 12:56:46.775 22436 22436 D MediaPlayer: setSubtitleAnchor in MediaPlayer
03-12 12:56:46.778 22436 22525 V Robocol : sending CMD_REQUEST_USER_SENSOR_LIST_RESP(10), attempt: 0
03-12 12:56:46.815 22436 22527 D ExtendedUtils: extended extractor not needed, return default
03-12 12:56:46.817 22436 22533 I OMXClient: Using client-side OMX mux.
03-12 12:56:46.821 22436 22533 E OMXMaster: A component of name 'OMX.qcom.audio.decoder.aac' already exists, ignoring this one.
03-12 12:56:46.833 22436 22529 W AudioTrack: AUDIO_OUTPUT_FLAG_FAST denied by client; transfer 4, track 44100 Hz, output 48000 Hz
03-12 12:56:46.896 22436 22508 V Robocol : received command: CMD_REQUEST_OP_MODE_LIST(10001) 
03-12 12:56:46.908 22436 22508 V Robocol : received command: CMD_REQUEST_ACTIVE_CONFIGURATION(10002) 
03-12 12:56:46.908 22436 22508 V Robocol : received command: CMD_REQUEST_USER_SENSOR_LIST_RESP(10) [{"description":"a MR compass sensor","flavor":"I2C","name":"MR Compass Sensor","xmlTag":"ModernRoboticsI2cCompassSensor"},{"description":"an Adafruit IMU","flavor":"I2C","name":"Adafruit IMU","xmlTag":"AdafruitBNO055IMU"},{"description":"a MR range sensor","flavor":"I2C","name":"MR Range Sensor","xmlTag":"ModernRoboticsI2cRangeSensor"}]
03-12 12:56:46.937 22436 22525 V Robocol : sending CMD_REQUEST_OP_MODE_LIST_RESP(14), attempt: 0
03-12 12:56:46.938 22436 22525 V Robocol : sending CMD_REQUEST_USER_SENSOR_LIST_RESP(15), attempt: 0
03-12 12:56:46.938 22436 22525 V Robocol : sending CMD_REQUEST_ACTIVE_CONFIGURATION_RESP(19), attempt: 0
03-12 12:56:47.035 22436 22508 V Robocol : received command: CMD_REQUEST_OP_MODE_LIST_RESP(14) [{"flavor":"TELEOP","group":"Mtr","name":"Util LocateMotor 1"},{"flavor":"TELEOP","group":"Mtr","name":"Util LocateMotor No Encoders"},{"flavor":"AUTONOMOUS","group":"Autonomous","name":"AutoNomous 02 Defensive EXTRA BUTTON"},{"flavor":"AUTONOMOUS","group":"Autonomous","name":"AutoDouble Shot 01 Push Cap Ball"},{"flavor":"AUTONOMOUS","group":"Autonomous","name":"AutoNomous 01 No Ball (To Ramp) EXTRA BUTTON"},{"flavor":"AUTONOMOUS","group":"Autonomous","name":"AutoNomous 01 No Ball (To Ramp) BEACON SUM"},{"flavor":"AUTONOMOUS","group":"Autonomous","name":"AutoNomous 00 Normal EXTRA BUTTON CAP BALL717pm"},{"flavor":"AUTONOMOUS","group":"Autonomous","name":"AutoNomous 00 Normal BEACON SUM"},{"flavor":"AUTONOMOUS","group":"Autonomous","name":"AutoSingle Shot 00 To Ramp"},{"flavor":"AUTONOMOUS","group":"Autonomous","name":"AutoSingle Shot 01 Push Cap Ball"},{"flavor":"AUTONOMOUS","group":"Autonomous","name":"AutoSingle Shot 02 Push Cap Ball Defense"},{"flavor":"TELEOP","group":"TEST","name":"AutoNomous 00 Button TEST 0220 RED ONLY"},{"flavor":"TELEOP","group":"Navx","name":"Chris0754"},{"flavor":"TELEOP","group":"Navx","name":"ChrisNOENCODERS"},{"flavor":"TELEOP","group":"Navx","name":"Sensor Test"}]
03-12 12:56:47.036 22436 22508 V Robocol : received command: CMD_REQUEST_USER_SENSOR_LIST_RESP(15) [{"description":"a MR compass sensor","flavor":"I2C","name":"MR Compass Sensor","xmlTag":"ModernRoboticsI2cCompassSensor"},{"description":"an Adafruit IMU","flavor":"I2C","name":"Adafruit IMU","xmlTag":"AdafruitBNO055IMU"},{"description":"a MR range sensor","flavor":"I2C","name":"MR Range Sensor","xmlTag":"ModernRoboticsI2cRangeSensor"}]
03-12 12:56:47.036 22436 22508 V Robocol : received command: CMD_REQUEST_ACTIVE_CONFIGURATION_RESP(19) {"isDirty":false,"location":"LOCAL_STORAGE","name":"AlexRobot1223","resourceId":0}
03-12 12:56:47.036 22436 22508 V Robocol : received command: CMD_INIT_OP_MODE(10012) $Stop$Robot$
03-12 12:56:47.075 22436 22500 V RobotCore: Starting up device A104OQW3
03-12 12:56:47.080 22436 22540 V RobotCore: thread: 'r/w loop: Modern Robotics USB DC Motor Controller [A104OQW3]' starting...
03-12 12:56:47.080 22436 22500 D RobotCore: ...arming modern motor controller Modern Robotics USB DC Motor Controller [A104OQW3] complete
03-12 12:56:47.115 22436 22500 V RobotCore: Creating Modern Robotics USB Core Device Interface Module [AI041S26]
03-12 12:56:47.131 22436 22500 V D2xx::  : Vendor: 0403, Product: 6001
03-12 12:56:47.132 22436 22500 V D2xx::  : Vendor: 0403, Product: 6001
03-12 12:56:47.133 22436 22500 V D2xx::  : Vendor: 0403, Product: 6001
03-12 12:56:47.134 22436 22500 V D2xx::  : Vendor: 0403, Product: 6001
03-12 12:56:47.136 22436 22500 V D2xx::  : Vendor: 0403, Product: 6001
03-12 12:56:47.137 22436 22500 V D2xx::  : Vendor: 0403, Product: 6001
03-12 12:56:47.138 22436 22500 V D2xx::  : Vendor: 0403, Product: 6001
03-12 12:56:47.139 22436 22500 D FTDI_Device::: open SUCCESS
03-12 12:56:47.139 22436 22500 I FTDI_Device::: EP: 0x81
03-12 12:56:47.139 22436 22500 I FTDI_Device::: EP: 0x02
03-12 12:56:47.139 22436 22500 D D2XX::  : **********************Device Opened**********************
03-12 12:56:47.560 22436 22500 V RobotCore: Starting up device AI041S26
03-12 12:56:47.561 22436 22546 V RobotCore: thread: 'r/w loop: Modern Robotics USB Core Device Interface Module [AI041S26]' starting...
03-12 12:56:47.562 22436 22500 V RobotCore: Creating I2C Device - Port: 0
03-12 12:56:47.562 22436 22500 V RobotCore: Creating Modern Robotics Analog Optical Distance Sensor - Port: 0
03-12 12:56:47.563 22436 22500 V RobotCore: Creating Analog Input Device - Port: 1
03-12 12:56:47.563 22436 22500 V RobotCore: Creating Analog Input Device - Port: 2
03-12 12:56:47.563 22436 22500 V RobotCore: Creating Modern Robotics Analog Optical Distance Sensor - Port: 6
03-12 12:56:47.563 22436 22500 V RobotCore: Creating Modern Robotics Digital Touch Sensor - Port: 0
03-12 12:56:47.564 22436 22500 V RobotCore: Creating Digital Channel Device - Port: 7
03-12 12:56:47.564 22436 22500 V RobotCore: Creating Modern Robotics USB Servo Controller [A104OQZS]
03-12 12:56:47.567 22436 22500 D RobotCore: arming modern servo controller Modern Robotics USB Servo Controller [A104OQZS]...
03-12 12:56:47.571 22436 22500 V D2xx::  : Vendor: 0403, Product: 6001
03-12 12:56:47.572 22436 22500 V D2xx::  : Vendor: 0403, Product: 6001
03-12 12:56:47.573 22436 22500 V D2xx::  : Vendor: 0403, Product: 6001
03-12 12:56:47.574 22436 22500 V D2xx::  : Vendor: 0403, Product: 6001
03-12 12:56:47.575 22436 22500 V D2xx::  : Vendor: 0403, Product: 6001
03-12 12:56:47.577 22436 22500 V D2xx::  : Vendor: 0403, Product: 6001
03-12 12:56:47.578 22436 22500 V D2xx::  : Vendor: 0403, Product: 6001
03-12 12:56:47.579 22436 22500 D FTDI_Device::: open SUCCESS
03-12 12:56:47.579 22436 22500 I FTDI_Device::: EP: 0x81
03-12 12:56:47.579 22436 22500 I FTDI_Device::: EP: 0x02
03-12 12:56:47.579 22436 22500 D D2XX::  : **********************Device Opened**********************
03-12 12:56:47.995 22436 22500 V RobotCore: Starting up device A104OQZS
03-12 12:56:47.996 22436 22558 V RobotCore: thread: 'r/w loop: Modern Robotics USB Servo Controller [A104OQZS]' starting...
03-12 12:56:47.996 22436 22500 D RobotCore: ...arming modern servo controller Modern Robotics USB Servo Controller [A104OQZS] complete
03-12 12:56:47.997 22436 22500 V RobotCore: Creating Modern Robotics USB DC Motor Controller [A104OQO9]
03-12 12:56:47.997 22436 22500 D RobotCore: arming modern motor controller Modern Robotics USB DC Motor Controller [A104OQO9]...
03-12 12:56:47.999 22436 22500 V D2xx::  : Vendor: 0403, Product: 6001
03-12 12:56:48.000 22436 22500 V D2xx::  : Vendor: 0403, Product: 6001
03-12 12:56:48.000 22436 22500 V D2xx::  : Vendor: 0403, Product: 6001
03-12 12:56:48.001 22436 22500 V D2xx::  : Vendor: 0403, Product: 6001
03-12 12:56:48.002 22436 22500 V D2xx::  : Vendor: 0403, Product: 6001
03-12 12:56:48.002 22436 22500 V D2xx::  : Vendor: 0403, Product: 6001
03-12 12:56:48.003 22436 22500 V D2xx::  : Vendor: 0403, Product: 6001
03-12 12:56:48.004 22436 22500 D FTDI_Device::: open SUCCESS
03-12 12:56:48.005 22436 22500 I FTDI_Device::: EP: 0x81
03-12 12:56:48.005 22436 22500 I FTDI_Device::: EP: 0x02
03-12 12:56:48.005 22436 22500 D D2XX::  : **********************Device Opened**********************
03-12 12:56:48.420 22436 22500 V RobotCore: Starting up device A104OQO9
03-12 12:56:48.421 22436 22567 V RobotCore: thread: 'r/w loop: Modern Robotics USB DC Motor Controller [A104OQO9]' starting...
03-12 12:56:48.422 22436 22500 D RobotCore: ...arming modern motor controller Modern Robotics USB DC Motor Controller [A104OQO9] complete
03-12 12:56:48.459 22436 22500 V RobotCore: Creating Modern Robotics USB Legacy Module [AL00XTZO]
03-12 12:56:48.471 22436 22500 V D2xx::  : Vendor: 0403, Product: 6001
03-12 12:56:48.473 22436 22500 V D2xx::  : Vendor: 0403, Product: 6001
03-12 12:56:48.473 22436 22500 V D2xx::  : Vendor: 0403, Product: 6001
03-12 12:56:48.476 22436 22500 V D2xx::  : Vendor: 0403, Product: 6001
03-12 12:56:48.476 22436 22500 V D2xx::  : Vendor: 0403, Product: 6001
03-12 12:56:48.478 22436 22500 V D2xx::  : Vendor: 0403, Product: 6001
03-12 12:56:48.478 22436 22500 V D2xx::  : Vendor: 0403, Product: 6001
03-12 12:56:48.480 22436 22500 D FTDI_Device::: open SUCCESS
03-12 12:56:48.480 22436 22500 I FTDI_Device::: EP: 0x81
03-12 12:56:48.480 22436 22500 I FTDI_Device::: EP: 0x02
03-12 12:56:48.480 22436 22500 D D2XX::  : **********************Device Opened**********************
03-12 12:56:48.897 22436 22500 V RobotCore: Starting up device AL00XTZO
03-12 12:56:48.899 22436 22570 V RobotCore: thread: 'r/w loop: Modern Robotics USB Legacy Module [AL00XTZO]' starting...
03-12 12:56:48.899 22436 22500 V RobotCore: Creating HiTechnic NXT Light Sensor - Port: 0
03-12 12:56:48.901 22436 22500 V RobotCore: Creating HiTechnic NXT Light Sensor - Port: 1
03-12 12:56:48.901 22436 22500 V RobotCore: Creating Modern Robotics USB Servo Controller [AL00XLHS]
03-12 12:56:48.901 22436 22500 D RobotCore: arming modern servo controller Modern Robotics USB Servo Controller [AL00XLHS]...
03-12 12:56:48.904 22436 22500 V D2xx::  : Vendor: 0403, Product: 6001
03-12 12:56:48.906 22436 22500 V D2xx::  : Vendor: 0403, Product: 6001
03-12 12:56:48.908 22436 22500 V D2xx::  : Vendor: 0403, Product: 6001
03-12 12:56:48.909 22436 22500 V D2xx::  : Vendor: 0403, Product: 6001
03-12 12:56:48.910 22436 22500 V D2xx::  : Vendor: 0403, Product: 6001
03-12 12:56:48.911 22436 22500 V D2xx::  : Vendor: 0403, Product: 6001
03-12 12:56:48.912 22436 22500 V D2xx::  : Vendor: 0403, Product: 6001
03-12 12:56:48.914 22436 22500 D FTDI_Device::: open SUCCESS
03-12 12:56:48.914 22436 22500 I FTDI_Device::: EP: 0x81
03-12 12:56:48.914 22436 22500 I FTDI_Device::: EP: 0x02
03-12 12:56:48.914 22436 22500 D D2XX::  : **********************Device Opened**********************
03-12 12:56:49.333 22436 22500 V RobotCore: Starting up device AL00XLHS
03-12 12:56:49.336 22436 22580 V RobotCore: thread: 'r/w loop: Modern Robotics USB Servo Controller [AL00XLHS]' starting...
03-12 12:56:49.337 22436 22500 D RobotCore: ...arming modern servo controller Modern Robotics USB Servo Controller [AL00XLHS] complete
03-12 12:56:49.339 22436 22500 V RobotCore: Creating Modern Robotics USB DC Motor Controller [A7008L4K]
03-12 12:56:49.339 22436 22500 D RobotCore: arming modern motor controller Modern Robotics USB DC Motor Controller [A7008L4K]...
03-12 12:56:49.341 22436 22500 V D2xx::  : Vendor: 0403, Product: 6001
03-12 12:56:49.343 22436 22500 V D2xx::  : Vendor: 0403, Product: 6001
03-12 12:56:49.345 22436 22500 V D2xx::  : Vendor: 0403, Product: 6001
03-12 12:56:49.348 22436 22500 V D2xx::  : Vendor: 0403, Product: 6001
03-12 12:56:49.352 22436 22500 V D2xx::  : Vendor: 0403, Product: 6001
03-12 12:56:49.353 22436 22500 V D2xx::  : Vendor: 0403, Product: 6001
03-12 12:56:49.355 22436 22500 V D2xx::  : Vendor: 0403, Product: 6001
03-12 12:56:49.357 22436 22500 D FTDI_Device::: open SUCCESS
03-12 12:56:49.357 22436 22500 I FTDI_Device::: EP: 0x81
03-12 12:56:49.358 22436 22500 I FTDI_Device::: EP: 0x02
03-12 12:56:49.358 22436 22500 D D2XX::  : **********************Device Opened**********************
03-12 12:56:49.555 22436 22508 V Robocol : received command: CMD_INIT_OP_MODE(10035) $Stop$Robot$
03-12 12:56:49.779 22436 22500 V RobotCore: Starting up device A7008L4K
03-12 12:56:49.787 22436 22584 V RobotCore: thread: 'r/w loop: Modern Robotics USB DC Motor Controller [A7008L4K]' starting...
03-12 12:56:49.788 22436 22500 D RobotCore: ...arming modern motor controller Modern Robotics USB DC Motor Controller [A7008L4K] complete
03-12 12:56:49.866 22436 22500 I RobotCore: Analytics has completed initialization.
03-12 12:56:49.866 22436 22500 I RobotCore: ========= Device Information ===================================================
03-12 12:56:49.867 22436 22500 I RobotCore: Type                                               Name                           Connection
03-12 12:56:49.868 22436 22500 I RobotCore: Modern Robotics USB DC Motor Controller v2.0       Ball Collector Motor           USB A104OQW3
03-12 12:56:49.868 22436 22500 I RobotCore: Modern Robotics USB Legacy Module v2.0             Legacy Module 1                USB AL00XTZO
03-12 12:56:49.868 22436 22500 I RobotCore: Modern Robotics Analog Optical Distance Sensor     line                           USB AI041S26; analog port 0
03-12 12:56:49.868 22436 22500 I RobotCore: I2cDevice                                          navx                           USB AI041S26; port 0
03-12 12:56:49.868 22436 22500 I RobotCore: Modern Robotics USB Core Device Interface Module v2.0 dim                            USB AI041S26
03-12 12:56:49.869 22436 22500 I RobotCore: DC Motor                                           back_left                      USB A104OQO9; port 1
03-12 12:56:49.869 22436 22500 I RobotCore: Digital Channel                                    switch                         USB AI041S26; digital port 7
03-12 12:56:49.869 22436 22500 I RobotCore: Servo                                              SpinServo                      USB A104OQZS; port 6
03-12 12:56:49.869 22436 22500 I RobotCore: Servo                                              servo                          USB A104OQZS; port 1
03-12 12:56:49.869 22436 22500 I RobotCore: Servo                                              CatServo                       USB AL00XLHS; port 2
03-12 12:56:49.869 22436 22500 I RobotCore: Modern Robotics USB DC Motor Controller v2.0       Motor Controller 2             USB A104OQO9
03-12 12:56:49.869 22436 22500 I RobotCore: Modern Robotics Analog Optical Distance Sensor     CatODSensor                    USB AI041S26; analog port 6
03-12 12:56:49.869 22436 22500 I RobotCore: Modern Robotics USB DC Motor Controller v2.0       Motor Controller 1             USB A7008L4K
03-12 12:56:49.869 22436 22500 I RobotCore: Servo                                              RampServo                      USB AL00XLHS; port 1
03-12 12:56:49.870 22436 22500 I RobotCore: Modern Robotics USB Servo Controller v2.0          Servo Controller 2             USB A104OQZS
03-12 12:56:49.870 22436 22500 I RobotCore: Modern Robotics USB Servo Controller v2.0          Servo Controller 1             USB AL00XLHS
03-12 12:56:49.870 22436 22500 I RobotCore: Modern Robotics Digital Touch Sensor               touch                          USB AI041S26; digital port 0
03-12 12:56:49.870 22436 22500 I RobotCore: DC Motor                                           back_right                     USB A104OQO9; port 2
03-12 12:56:49.870 22436 22500 I RobotCore: DC Motor                                           front_right                    USB A7008L4K; port 2
03-12 12:56:49.870 22436 22500 I RobotCore: DC Motor                                           ball_collector                 USB A104OQW3; port 1
03-12 12:56:49.870 22436 22500 I RobotCore: NXT Light Sensor                                   lightL                         USB AL00XTZO; port 0
03-12 12:56:49.870 22436 22500 I RobotCore: DC Motor                                           front_left                     USB A7008L4K; port 1
03-12 12:56:49.870 22436 22500 I RobotCore: Analog Input                                       lineL                          USB AI041S26; analog port 1
03-12 12:56:49.870 22436 22500 I RobotCore: Analog Input                                       lineR                          USB AI041S26; analog port 2
03-12 12:56:49.870 22436 22500 I RobotCore: NXT Light Sensor                                   lightR                         USB AL00XTZO; port 1
03-12 12:56:49.870 22436 22500 I FIRST   : ======= INIT FINISH =======
03-12 12:56:49.870 22436 22500 V RobotCore: EventLoopManager state is RUNNING
03-12 12:56:49.872 22436 22500 V RobotCore: Robot Status: running, starting robot
03-12 12:56:49.873 22436 22500 V RobotCore: Robot Status: running
03-12 12:56:49.874 22436 22500 V RobotCore: thread: ...terminating 'RobotSetupRunnable.run()'
03-12 12:56:49.875 22436 22594 V RobotCore: thread: 'opmode loop()' starting...
03-12 12:56:49.883 22436 22529 D MediaPlayer: setSubtitleAnchor in MediaPlayer
03-12 12:56:49.887 22436 22436 W MediaPlayer: mediaplayer went away with unhandled events
03-12 12:56:49.894 22436 22527 D ExtendedUtils: extended extractor not needed, return default
03-12 12:56:49.897 22436 22598 I OMXClient: Using client-side OMX mux.
03-12 12:56:49.911 22436 22598 E OMXMaster: A component of name 'OMX.qcom.audio.decoder.aac' already exists, ignoring this one.
03-12 12:56:49.928 22436 22529 W AudioTrack: AUDIO_OUTPUT_FLAG_FAST denied by client; transfer 4, track 8000 Hz, output 48000 Hz
03-12 12:56:50.382 22436 22594 I RobotCore: Attempting to switch to op mode $Stop$Robot$
03-12 12:56:50.418 22436 22525 V Robocol : sending CMD_INIT_OP_MODE_RESP(75), attempt: 0
03-12 12:56:50.437 22436 22508 V Robocol : received command: CMD_INIT_OP_MODE_RESP(75) $Stop$Robot$
03-12 12:56:50.633 22436 22594 I RobotCore: robot battery read duration: n=3, mean=0.018ms sd=0.006ms
03-12 12:56:57.656 22436 22454 I art     : Background sticky concurrent mark sweep GC freed 215276(7MB) AllocSpace objects, 0(0B) LOS objects, 35% free, 12MB/19MB, paused 15.264ms total 94.283ms
03-12 12:57:04.614 22436 22454 I art     : Background partial concurrent mark sweep GC freed 256638(8MB) AllocSpace objects, 0(0B) LOS objects, 40% free, 12MB/21MB, paused 1.840ms total 102.455ms
03-12 12:57:14.718 22436 22454 I art     : Background sticky concurrent mark sweep GC freed 261902(8MB) AllocSpace objects, 0(0B) LOS objects, 40% free, 12MB/21MB, paused 1.874ms total 117.656ms
03-12 12:57:25.037 22436 22454 I art     : Background sticky concurrent mark sweep GC freed 268577(8MB) AllocSpace objects, 0(0B) LOS objects, 40% free, 12MB/21MB, paused 1.823ms total 147.291ms
03-12 12:57:27.772 22436 22454 I art     : Background partial concurrent mark sweep GC freed 264891(8MB) AllocSpace objects, 0(0B) LOS objects, 39% free, 12MB/20MB, paused 1.696ms total 103.896ms
03-12 12:57:35.478 22436 22508 V Robocol : received command: CMD_INIT_OP_MODE(10626) AutoSingle Shot 00 To Ramp
03-12 12:57:35.484 22436 22594 I RobotCore: Attempting to switch to op mode AutoSingle Shot 00 To Ramp
03-12 12:57:35.638 22436 23123 V RobotCore: thread: 'LinearOpMode main' starting...
03-12 12:57:35.658 22436 22525 V Robocol : sending CMD_INIT_OP_MODE_RESP(686), attempt: 0
03-12 12:57:35.677 22436 22508 V Robocol : received command: CMD_INIT_OP_MODE_RESP(686) AutoSingle Shot 00 To Ramp
03-12 12:57:56.095 22436 22508 D Robocol : no packet received: SocketTimeoutException
03-12 12:58:05.976 22436 22454 I art     : Background partial concurrent mark sweep GC freed 259400(8MB) AllocSpace objects, 1(64KB) LOS objects, 40% free, 12MB/20MB, paused 1.899ms total 105.325ms
03-12 12:58:08.815 22436 22454 I art     : Background sticky concurrent mark sweep GC freed 259004(8MB) AllocSpace objects, 0(0B) LOS objects, 39% free, 12MB/20MB, paused 1.872ms total 103.267ms
03-12 12:58:19.322 22436 22454 I art     : Background sticky concurrent mark sweep GC freed 261985(8MB) AllocSpace objects, 0(0B) LOS objects, 39% free, 12MB/21MB, paused 1.938ms total 102.230ms
03-12 12:58:22.057 22436 22454 I art     : Background partial concurrent mark sweep GC freed 262914(8MB) AllocSpace objects, 1(64KB) LOS objects, 40% free, 12MB/21MB, paused 2.187ms total 106.061ms
03-12 12:58:32.334 22436 22454 W art     : Suspending all threads took: 6.439ms
03-12 12:58:32.419 22436 22454 I art     : Background sticky concurrent mark sweep GC freed 262553(8MB) AllocSpace objects, 0(0B) LOS objects, 39% free, 12MB/21MB, paused 8.619ms total 134.013ms
03-12 12:58:34.899 22436 22454 I art     : Background partial concurrent mark sweep GC freed 263577(8MB) AllocSpace objects, 1(64KB) LOS objects, 39% free, 12MB/20MB, paused 1.706ms total 103.333ms
03-12 12:58:42.604 22436 22454 I art     : Background sticky concurrent mark sweep GC freed 257264(8MB) AllocSpace objects, 1(64KB) LOS objects, 39% free, 12MB/20MB, paused 2.074ms total 101.404ms
03-12 12:58:45.235 22436 22454 I art     : Background partial concurrent mark sweep GC freed 256638(8MB) AllocSpace objects, 1(64KB) LOS objects, 40% free, 12MB/20MB, paused 1.995ms total 100.222ms
03-12 12:58:47.551 22436 22454 I art     : Background sticky concurrent mark sweep GC freed 265311(8MB) AllocSpace objects, 0(0B) LOS objects, 39% free, 12MB/20MB, paused 1.801ms total 120.019ms
03-12 12:58:50.877 22436 22508 V Robocol : received command: CMD_RUN_OP_MODE(11276) AutoSingle Shot 00 To Ramp
03-12 12:58:50.898 22436 22525 V Robocol : sending CMD_RUN_OP_MODE_RESP(1410), attempt: 0
03-12 12:58:50.917 22436 22508 V Robocol : received command: CMD_RUN_OP_MODE_RESP(1410) AutoSingle Shot 00 To Ramp
03-12 12:59:00.661 22436 22454 I art     : Background partial concurrent mark sweep GC freed 260515(8MB) AllocSpace objects, 0(0B) LOS objects, 40% free, 12MB/20MB, paused 2.077ms total 110.043ms
03-12 12:59:07.259 22436 22454 I art     : Background sticky concurrent mark sweep GC freed 259579(8MB) AllocSpace objects, 0(0B) LOS objects, 39% free, 12MB/20MB, paused 2.177ms total 100.095ms
03-12 12:59:08.887 22436 23123 D MRMotorController: mode resend: motor=[A7008L4K,1] mode=STOP_AND_RESET_ENCODER
03-12 12:59:10.292 22436 23123 V RobotCore: thread: ...terminating 'LinearOpMode main'
03-12 12:59:10.296 22436 22594 I FIRST   : auto-stopping OpMode 'AutoSingle Shot 00 To Ramp'
03-12 12:59:10.296 22436 22594 V RobotCore: waiting for service user linear op mode
03-12 12:59:10.297 22436 22594 V RobotCore: awaitTermination returned, isTerminated=true
03-12 12:59:10.297 22436 22594 V RobotCore: executive service user linear op mode is terminated
03-12 12:59:10.298 22436 22594 V RobotCore: executive service user linear op mode is terminated
03-12 12:59:10.298 22436 22594 I RobotCore: Attempting to switch to op mode $Stop$Robot$
03-12 12:59:10.338 22436 22525 V Robocol : sending CMD_INIT_OP_MODE_RESP(1622), attempt: 0
03-12 12:59:10.357 22436 22508 V Robocol : received command: CMD_INIT_OP_MODE_RESP(1622) $Stop$Robot$
03-12 12:59:10.359 22436 22508 V Robocol : received command: CMD_RUN_OP_MODE(11481) $Stop$Robot$
03-12 12:59:10.378 22436 22525 V Robocol : sending CMD_RUN_OP_MODE_RESP(1628), attempt: 0
03-12 12:59:10.437 22436 22508 V Robocol : received command: CMD_RUN_OP_MODE_RESP(1628) $Stop$Robot$
03-12 12:59:11.556 22436 22454 I art     : Background sticky concurrent mark sweep GC freed 257823(8MB) AllocSpace objects, 0(0B) LOS objects, 39% free, 12MB/20MB, paused 1.976ms total 102.888ms
03-12 12:59:16.737 22436 22454 I art     : Background sticky concurrent mark sweep GC freed 257725(8MB) AllocSpace objects, 0(0B) LOS objects, 38% free, 12MB/20MB, paused 2.020ms total 161.260ms
03-12 12:59:19.295 22436 22454 I art     : Background partial concurrent mark sweep GC freed 255931(8MB) AllocSpace objects, 0(0B) LOS objects, 40% free, 12MB/20MB, paused 1.896ms total 109.498ms
03-12 12:59:27.161 22436 22454 I art     : Background partial concurrent mark sweep GC freed 261395(8MB) AllocSpace objects, 0(0B) LOS objects, 40% free, 12MB/20MB, paused 4.225ms total 100.890ms
03-12 12:59:35.027 22436 22454 I art     : Background sticky concurrent mark sweep GC freed 260132(8MB) AllocSpace objects, 0(0B) LOS objects, 39% free, 12MB/20MB, paused 1.785ms total 107.290ms
03-12 12:59:40.157 22436 22454 I art     : Background sticky concurrent mark sweep GC freed 260991(8MB) AllocSpace objects, 0(0B) LOS objects, 40% free, 12MB/20MB, paused 1.751ms total 100.427ms
03-12 12:59:46.433 22436 22436 I RobotCore: Battery Checker, Level Remaining: 85.0
03-12 12:59:46.438 22436 22436 I RobotCore: Battery Checker, Level Remaining: 85.0
03-12 12:59:53.362 22436 22594 I RobotCore: robot battery read duration: n=10, mean=6.727ms sd=12.507ms
03-12 13:00:40.518 22436 22508 V Robocol : received command: CMD_INIT_OP_MODE(12601) AutoSingle Shot 00 To Ramp
03-12 13:00:40.523 22436 22594 I RobotCore: Attempting to switch to op mode AutoSingle Shot 00 To Ramp
03-12 13:00:40.628 22436 25111 V RobotCore: thread: 'LinearOpMode main' starting...
03-12 13:00:40.658 22436 22525 V Robocol : sending CMD_INIT_OP_MODE_RESP(2844), attempt: 0
03-12 13:00:40.678 22436 22508 V Robocol : received command: CMD_INIT_OP_MODE_RESP(2844) AutoSingle Shot 00 To Ramp
03-12 13:00:40.797 22436 22508 V Robocol : received command: CMD_RUN_OP_MODE(12609) AutoSingle Shot 00 To Ramp
03-12 13:00:40.818 22436 22525 V Robocol : sending CMD_RUN_OP_MODE_RESP(2851), attempt: 0
03-12 13:00:40.836 22436 22508 V Robocol : received command: CMD_RUN_OP_MODE_RESP(2851) AutoSingle Shot 00 To Ramp
03-12 13:00:44.021 22436 22454 I art     : Background sticky concurrent mark sweep GC freed 247602(8MB) AllocSpace objects, 0(0B) LOS objects, 37% free, 13MB/20MB, paused 1.842ms total 102.652ms
03-12 13:00:44.929 22436 25111 D MRMotorController: mode resend: motor=[A7008L4K,1] mode=STOP_AND_RESET_ENCODER
03-12 13:00:59.687 22436 25111 D MRMotorController: mode resend: motor=[A7008L4K,1] mode=STOP_AND_RESET_ENCODER
03-12 13:01:01.163 22436 25111 V RobotCore: thread: ...terminating 'LinearOpMode main'
03-12 13:01:01.166 22436 22594 I FIRST   : auto-stopping OpMode 'AutoSingle Shot 00 To Ramp'
03-12 13:01:01.167 22436 22594 V RobotCore: waiting for service user linear op mode
03-12 13:01:01.167 22436 22594 V RobotCore: awaitTermination returned, isTerminated=true
03-12 13:01:01.167 22436 22594 V RobotCore: executive service user linear op mode is terminated
03-12 13:01:01.168 22436 22594 V RobotCore: executive service user linear op mode is terminated
03-12 13:01:01.168 22436 22594 I RobotCore: Attempting to switch to op mode $Stop$Robot$
03-12 13:01:01.178 22436 22525 V Robocol : sending CMD_INIT_OP_MODE_RESP(3078), attempt: 0
03-12 13:01:01.200 22436 22508 V Robocol : received command: CMD_INIT_OP_MODE_RESP(3078) $Stop$Robot$
03-12 13:01:01.200 22436 22508 V Robocol : received command: CMD_RUN_OP_MODE(12823) $Stop$Robot$
03-12 13:01:01.218 22436 22525 V Robocol : sending CMD_RUN_OP_MODE_RESP(3084), attempt: 0
03-12 13:01:01.236 22436 22508 V Robocol : received command: CMD_RUN_OP_MODE_RESP(3084) $Stop$Robot$
03-12 13:01:04.024 22436 22454 I art     : Background sticky concurrent mark sweep GC freed 259661(8MB) AllocSpace objects, 0(0B) LOS objects, 38% free, 12MB/20MB, paused 2.129ms total 149.681ms
03-12 13:01:09.169 22436 22454 I art     : Background sticky concurrent mark sweep GC freed 263705(8MB) AllocSpace objects, 0(0B) LOS objects, 40% free, 12MB/21MB, paused 1.798ms total 114.250ms
03-12 13:01:14.484 22436 22454 I art     : Background sticky concurrent mark sweep GC freed 256096(8MB) AllocSpace objects, 0(0B) LOS objects, 39% free, 12MB/20MB, paused 1.874ms total 103.039ms
03-12 13:01:19.466 22436 22454 I art     : Background sticky concurrent mark sweep GC freed 263163(8MB) AllocSpace objects, 0(0B) LOS objects, 40% free, 12MB/20MB, paused 1.916ms total 106.769ms
03-12 13:01:25.998 22436 22508 V Robocol : received command: CMD_INIT_OP_MODE(13136) $Stop$Robot$
03-12 13:01:26.018 22436 22594 I RobotCore: Attempting to switch to op mode $Stop$Robot$
03-12 13:01:26.058 22436 22525 V Robocol : sending CMD_INIT_OP_MODE_RESP(3415), attempt: 0
03-12 13:01:26.117 22436 22508 V Robocol : received command: CMD_INIT_OP_MODE_RESP(3415) $Stop$Robot$
03-12 13:01:26.117 22436 22508 V Robocol : received command: CMD_RUN_OP_MODE(13142) $Stop$Robot$
03-12 13:01:26.138 22436 22525 V Robocol : sending CMD_RUN_OP_MODE_RESP(3421), attempt: 0
03-12 13:01:26.164 22436 22508 V Robocol : received command: CMD_RUN_OP_MODE_RESP(3421) $Stop$Robot$
03-12 13:01:44.712 22436 22454 I art     : Background sticky concurrent mark sweep GC freed 253024(8MB) AllocSpace objects, 0(0B) LOS objects, 38% free, 12MB/20MB, paused 1.621ms total 126.626ms
03-12 13:01:47.238 22436 22454 I art     : Background partial concurrent mark sweep GC freed 255426(8MB) AllocSpace objects, 0(0B) LOS objects, 39% free, 12MB/20MB, paused 1.728ms total 103.664ms
03-12 13:01:54.157 22436 22508 V Robocol : received command: CMD_INIT_OP_MODE(13494) AutoDouble Shot 01 Push Cap Ball
03-12 13:01:54.159 22436 22594 I RobotCore: Attempting to switch to op mode AutoDouble Shot 01 Push Cap Ball
03-12 13:01:54.359 22436 25954 V RobotCore: thread: 'LinearOpMode main' starting...
03-12 13:01:54.378 22436 22525 V Robocol : sending CMD_INIT_OP_MODE_RESP(3807), attempt: 0
03-12 13:01:54.398 22436 22508 V Robocol : received command: CMD_INIT_OP_MODE_RESP(3807) AutoDouble Shot 01 Push Cap Ball
03-12 13:01:56.124 22436 22508 V Robocol : received command: CMD_RUN_OP_MODE(13518) AutoDouble Shot 01 Push Cap Ball
03-12 13:01:56.138 22436 22525 V Robocol : sending CMD_RUN_OP_MODE_RESP(3831), attempt: 0
03-12 13:01:56.157 22436 22508 V Robocol : received command: CMD_RUN_OP_MODE_RESP(3831) AutoDouble Shot 01 Push Cap Ball
03-12 13:02:01.726 22436 22454 I art     : Background sticky concurrent mark sweep GC freed 248234(8MB) AllocSpace objects, 0(0B) LOS objects, 39% free, 12MB/20MB, paused 1.995ms total 117.983ms
03-12 13:02:13.938 22436 22454 I art     : Background sticky concurrent mark sweep GC freed 265054(8MB) AllocSpace objects, 0(0B) LOS objects, 39% free, 12MB/21MB, paused 1.941ms total 144.878ms
03-12 13:02:14.385 22436 22594 I FIRST   : auto-stopping OpMode 'AutoDouble Shot 01 Push Cap Ball'
03-12 13:02:14.385 22436 22594 V RobotCore: waiting for service user linear op mode
03-12 13:02:14.385 22436 25954 V RobotCore: thread: ...terminating 'LinearOpMode main'
03-12 13:02:14.385 22436 22594 V RobotCore: awaitTermination returned, isTerminated=true
03-12 13:02:14.385 22436 22594 V RobotCore: executive service user linear op mode is terminated
03-12 13:02:14.387 22436 22594 V RobotCore: executive service user linear op mode is terminated
03-12 13:02:14.387 22436 22594 I RobotCore: Attempting to switch to op mode $Stop$Robot$
03-12 13:02:14.417 22436 22525 V Robocol : sending CMD_INIT_OP_MODE_RESP(4032), attempt: 0
03-12 13:02:14.477 22436 22508 V Robocol : received command: CMD_INIT_OP_MODE_RESP(4032) $Stop$Robot$
03-12 13:02:14.478 22436 22508 V Robocol : received command: CMD_RUN_OP_MODE(13704) $Stop$Robot$
03-12 13:02:14.498 22436 22525 V Robocol : sending CMD_RUN_OP_MODE_RESP(4038), attempt: 0
03-12 13:02:14.518 22436 22508 V Robocol : received command: CMD_RUN_OP_MODE_RESP(4038) $Stop$Robot$
03-12 13:02:16.461 22436 22454 I art     : Background partial concurrent mark sweep GC freed 260146(8MB) AllocSpace objects, 2(128KB) LOS objects, 39% free, 12MB/20MB, paused 1.685ms total 107.199ms
03-12 13:02:24.459 22436 22454 I art     : Background sticky concurrent mark sweep GC freed 259102(8MB) AllocSpace objects, 0(0B) LOS objects, 39% free, 12MB/20MB, paused 1.658ms total 117.660ms
03-12 13:02:28.451 22436 22570 W RobotCore: Modern Robotics USB header sync bytes are incorrect
03-12 13:02:28.452 22436 22570 W RobotCore: [55 aa 80 03 0d] -> [00 00 00 00 00]
03-12 13:02:28.452 22436 22570 W RobotCore: could not read Modern Robotics USB Legacy Module [AL00XTZO]: comm timeout
03-12 13:02:28.453 22436 22584 W RobotCore: [55 aa 80 40 1e] -> [33 cc 80 40 1e]
03-12 13:02:28.453 22436 22584 W RobotCore: could not read Modern Robotics USB DC Motor Controller [A7008L4K]: comm timeout on payload
03-12 13:02:28.479 22436 22546 W RobotCore: Modern Robotics USB header sync bytes are incorrect
03-12 13:02:28.480 22436 22546 W RobotCore: [55 aa 80 03 15] -> [00 00 00 00 00]
03-12 13:02:28.480 22436 22546 W RobotCore: could not read Modern Robotics USB Core Device Interface Module [AI041S26]: comm timeout
03-12 13:02:28.512 22436 22567 W RobotCore: Modern Robotics USB header sync bytes are incorrect
03-12 13:02:28.512 22436 22567 W RobotCore: [55 aa 80 40 1e] -> [00 00 00 00 00]
03-12 13:02:28.512 22436 22567 W RobotCore: could not read Modern Robotics USB DC Motor Controller [A104OQO9]: comm timeout
03-12 13:02:28.544 22436 22558 W RobotCore: Modern Robotics USB header sync bytes are incorrect
03-12 13:02:28.544 22436 22558 W RobotCore: [55 aa 80 40 09] -> [00 00 00 00 00]
03-12 13:02:28.544 22436 22558 W RobotCore: could not read Modern Robotics USB Servo Controller [A104OQZS]: comm timeout
03-12 13:02:28.609 22436 22580 W RobotCore: Modern Robotics USB header sync bytes are incorrect
03-12 13:02:28.609 22436 22580 W RobotCore: [55 aa 80 40 09] -> [00 00 00 00 00]
03-12 13:02:28.610 22436 22580 W RobotCore: could not read Modern Robotics USB Servo Controller [AL00XLHS]: comm timeout
03-12 13:02:28.610 22436 22540 W RobotCore: Modern Robotics USB header sync bytes are incorrect
03-12 13:02:28.610 22436 22540 W RobotCore: [55 aa 80 40 1e] -> [00 00 00 00 00]
03-12 13:02:28.610 22436 22540 W RobotCore: could not read Modern Robotics USB DC Motor Controller [A104OQW3]: comm timeout
03-12 13:02:28.909 22436 22570 W RobotCore: Modern Robotics USB header sync bytes are incorrect
03-12 13:02:28.910 22436 22570 W RobotCore: [55 aa 80 03 0d] -> [00 00 00 00 00]
03-12 13:02:28.910 22436 22570 W RobotCore: could not read Modern Robotics USB Legacy Module [AL00XTZO]: comm timeout
03-12 13:02:28.957 22436 22584 W RobotCore: Modern Robotics USB header sync bytes are incorrect
03-12 13:02:28.958 22436 22584 W RobotCore: [55 aa 80 40 1e] -> [00 00 00 00 00]
03-12 13:02:28.958 22436 22584 W RobotCore: could not read Modern Robotics USB DC Motor Controller [A7008L4K]: comm timeout
03-12 13:02:29.002 22436 22546 W RobotCore: Modern Robotics USB header sync bytes are incorrect
03-12 13:02:29.003 22436 22546 W RobotCore: [55 aa 80 03 15] -> [00 00 00 00 00]
03-12 13:02:29.003 22436 22546 W RobotCore: could not read Modern Robotics USB Core Device Interface Module [AI041S26]: comm timeout
03-12 13:02:29.051 22436 22567 W RobotCore: Modern Robotics USB header sync bytes are incorrect
03-12 13:02:29.052 22436 22567 W RobotCore: [55 aa 00 40 1e] -> [00 00 00 00 00]
03-12 13:02:29.052 22436 22567 W RobotCore: could not write to Modern Robotics USB DC Motor Controller [A104OQO9]: comm timeout
03-12 13:02:29.091 22436 22580 W RobotCore: Modern Robotics USB header sync bytes are incorrect
03-12 13:02:29.092 22436 22580 W RobotCore: [55 aa 80 40 09] -> [00 00 00 00 00]
03-12 13:02:29.092 22436 22580 W RobotCore: could not read Modern Robotics USB Servo Controller [AL00XLHS]: comm timeout
03-12 13:02:29.135 22436 22540 W RobotCore: Modern Robotics USB header sync bytes are incorrect
03-12 13:02:29.136 22436 22540 W RobotCore: [55 aa 80 40 1e] -> [00 00 00 00 00]
03-12 13:02:29.136 22436 22540 W RobotCore: could not read Modern Robotics USB DC Motor Controller [A104OQW3]: comm timeout
03-12 13:02:29.169 22436 22558 W RobotCore: Modern Robotics USB header sync bytes are incorrect
03-12 13:02:29.169 22436 22558 W RobotCore: [55 aa 80 40 09] -> [00 00 00 00 00]
03-12 13:02:29.169 22436 22558 W RobotCore: could not read Modern Robotics USB Servo Controller [A104OQZS]: comm timeout
03-12 13:02:29.370 22436 22570 W RobotCore: Modern Robotics USB header sync bytes are incorrect
03-12 13:02:29.371 22436 22570 W RobotCore: [55 aa 80 03 0d] -> [00 00 00 00 00]
03-12 13:02:29.371 22436 22570 W RobotCore: could not read Modern Robotics USB Legacy Module [AL00XTZO]: comm timeout
03-12 13:02:29.433 22436 22584 W RobotCore: Modern Robotics USB header sync bytes are incorrect
03-12 13:02:29.434 22436 22584 W RobotCore: [55 aa 80 40 1e] -> [00 00 00 00 00]
03-12 13:02:29.434 22436 22584 W RobotCore: could not read Modern Robotics USB DC Motor Controller [A7008L4K]: comm timeout
03-12 13:02:29.507 22436 22546 W RobotCore: Modern Robotics USB header sync bytes are incorrect
03-12 13:02:29.507 22436 22546 W RobotCore: [55 aa 80 03 15] -> [00 00 00 00 00]
03-12 13:02:29.508 22436 22546 W RobotCore: could not read Modern Robotics USB Core Device Interface Module [AI041S26]: comm timeout
03-12 13:02:29.531 22436 22567 W RobotCore: Modern Robotics USB header sync bytes are incorrect
03-12 13:02:29.532 22436 22567 W RobotCore: [55 aa 80 40 1e] -> [00 00 00 00 00]
03-12 13:02:29.532 22436 22567 W RobotCore: could not read Modern Robotics USB DC Motor Controller [A104OQO9]: comm timeout
03-12 13:02:29.565 22436 22580 W RobotCore: Modern Robotics USB header sync bytes are incorrect
03-12 13:02:29.565 22436 22580 W RobotCore: [55 aa 80 40 09] -> [00 00 00 00 00]
03-12 13:02:29.566 22436 22580 W RobotCore: could not read Modern Robotics USB Servo Controller [AL00XLHS]: comm timeout
03-12 13:02:29.599 22436 22540 W RobotCore: Modern Robotics USB header sync bytes are incorrect
03-12 13:02:29.599 22436 22540 W RobotCore: [55 aa 80 40 1e] -> [00 00 00 00 00]
03-12 13:02:29.600 22436 22540 W RobotCore: could not read Modern Robotics USB DC Motor Controller [A104OQW3]: comm timeout
03-12 13:02:29.640 22436 22558 W RobotCore: Modern Robotics USB header sync bytes are incorrect
03-12 13:02:29.641 22436 22558 W RobotCore: [55 aa 80 40 09] -> [00 00 00 00 00]
03-12 13:02:29.641 22436 22558 W RobotCore: could not read Modern Robotics USB Servo Controller [A104OQZS]: comm timeout
03-12 13:02:29.829 22436 22570 W RobotCore: Modern Robotics USB header sync bytes are incorrect
03-12 13:02:29.829 22436 22570 W RobotCore: [55 aa 80 03 0d] -> [00 00 00 00 00]
03-12 13:02:29.829 22436 22570 W RobotCore: could not read Modern Robotics USB Legacy Module [AL00XTZO]: comm timeout
03-12 13:02:29.892 22436 22584 W RobotCore: Modern Robotics USB header sync bytes are incorrect
03-12 13:02:29.893 22436 22584 W RobotCore: [55 aa 00 40 1e] -> [00 00 00 00 00]
03-12 13:02:29.893 22436 22584 W RobotCore: could not write to Modern Robotics USB DC Motor Controller [A7008L4K]: comm timeout
03-12 13:02:29.955 22436 22546 W RobotCore: Modern Robotics USB header sync bytes are incorrect
03-12 13:02:29.955 22436 22546 W RobotCore: [55 aa 80 03 15] -> [00 00 00 00 00]
03-12 13:02:29.955 22436 22546 W RobotCore: could not read Modern Robotics USB Core Device Interface Module [AI041S26]: comm timeout
03-12 13:02:30.015 22436 22580 W RobotCore: Modern Robotics USB header sync bytes are incorrect
03-12 13:02:30.016 22436 22580 W RobotCore: [55 aa 80 40 09] -> [00 00 00 00 00]
03-12 13:02:30.016 22436 22580 W RobotCore: could not read Modern Robotics USB Servo Controller [AL00XLHS]: comm timeout
03-12 13:02:30.017 22436 22567 W RobotCore: Modern Robotics USB header sync bytes are incorrect
03-12 13:02:30.017 22436 22567 W RobotCore: [55 aa 00 40 1e] -> [00 00 00 00 00]
03-12 13:02:30.017 22436 22567 W RobotCore: could not write to Modern Robotics USB DC Motor Controller [A104OQO9]: comm timeout
03-12 13:02:30.046 22436 22540 W RobotCore: Modern Robotics USB header sync bytes are incorrect
03-12 13:02:30.047 22436 22540 W RobotCore: [55 aa 80 40 1e] -> [00 00 00 00 00]
03-12 13:02:30.047 22436 22540 W RobotCore: could not read Modern Robotics USB DC Motor Controller [A104OQW3]: comm timeout
03-12 13:02:30.130 22436 22558 W RobotCore: Modern Robotics USB header sync bytes are incorrect
03-12 13:02:30.130 22436 22558 W RobotCore: [55 aa 80 40 09] -> [00 00 00 00 00]
03-12 13:02:30.130 22436 22558 W RobotCore: could not read Modern Robotics USB Servo Controller [A104OQZS]: comm timeout
03-12 13:02:30.215 22436 22570 W RobotCore: Modern Robotics USB header sync bytes are incorrect
03-12 13:02:30.216 22436 22570 W RobotCore: [55 aa 80 03 0d] -> [00 00 00 00 00]
03-12 13:02:30.216 22436 22570 W RobotCore: could not read Modern Robotics USB Legacy Module [AL00XTZO]: comm timeout
03-12 13:02:30.268 22436 22584 W RobotCore: Modern Robotics USB header sync bytes are incorrect
03-12 13:02:30.269 22436 22584 W RobotCore: [55 aa 80 40 1e] -> [00 00 00 00 00]
03-12 13:02:30.269 22436 22584 W RobotCore: could not read Modern Robotics USB DC Motor Controller [A7008L4K]: comm timeout
03-12 13:02:30.341 22436 22546 W RobotCore: Modern Robotics USB header sync bytes are incorrect
03-12 13:02:30.341 22436 22546 W RobotCore: [55 aa 80 03 15] -> [00 00 00 00 00]
03-12 13:02:30.341 22436 22546 W RobotCore: could not read Modern Robotics USB Core Device Interface Module [AI041S26]: comm timeout
03-12 13:02:30.382 22436 22580 W RobotCore: Modern Robotics USB header sync bytes are incorrect
03-12 13:02:30.382 22436 22580 W RobotCore: [55 aa 80 40 09] -> [00 00 00 00 00]
03-12 13:02:30.382 22436 22580 W RobotCore: could not read Modern Robotics USB Servo Controller [AL00XLHS]: comm timeout
03-12 13:02:30.410 22436 22567 W RobotCore: Modern Robotics USB header sync bytes are incorrect
03-12 13:02:30.411 22436 22567 W RobotCore: [55 aa 80 40 1e] -> [00 00 00 00 00]
03-12 13:02:30.411 22436 22567 W RobotCore: could not read Modern Robotics USB DC Motor Controller [A104OQO9]: comm timeout
03-12 13:02:30.439 22436 22540 W RobotCore: Modern Robotics USB header sync bytes are incorrect
03-12 13:02:30.439 22436 22540 W RobotCore: [55 aa 80 40 1e] -> [00 00 00 00 00]
03-12 13:02:30.440 22436 22540 W RobotCore: could not read Modern Robotics USB DC Motor Controller [A104OQW3]: comm timeout
03-12 13:02:30.494 22436 22436 D UsbDeviceConnectionJNI: close
03-12 13:02:30.495 22436 22560 D ProcessRequestThread::: Device has been closed.
03-12 13:02:30.495 22436 22560 W System.err: java.lang.InterruptedException
