03-12 13:02:30.495 22436 22559 D BulkIn::: Stop BulkIn thread
03-12 13:02:30.495 22436 22559 W System.err: java.lang.NullPointerException: Attempt to invoke virtual method 'int com.ftdi.j2xx.D2xxManager$DriverParameters.getBufferNumber()' on a null object reference
03-12 13:02:30.495 22436 22559 W System.err: 	at com.ftdi.j2xx.ProcessInCtrl.releaseWritableBuffers(FT_Device.java:2672)
03-12 13:02:30.495 22436 22559 W System.err: 	at com.ftdi.j2xx.BulkInWorker.run(FT_Device.java:2879)
03-12 13:02:30.495 22436 22559 W System.err: 	at java.lang.Thread.run(Thread.java:818)
03-12 13:02:30.497 22436 22558 W RobotCore: Modern Robotics USB header sync bytes are incorrect
03-12 13:02:30.498 22436 22558 W RobotCore: [55 aa 80 40 09] -> [00 00 00 00 00]
03-12 13:02:30.498 22436 22558 W RobotCore: could not read Modern Robotics USB Servo Controller [A104OQZS]: comm timeout
03-12 13:02:30.499 22436 22560 W System.err: 	at java.util.concurrent.locks.AbstractQueuedSynchronizer.doAcquireSharedInterruptibly(AbstractQueuedSynchronizer.java:972)
03-12 13:02:30.499 22436 22560 W System.err: 	at java.util.concurrent.locks.AbstractQueuedSynchronizer.acquireSharedInterruptibly(AbstractQueuedSynchronizer.java:1278)
03-12 13:02:30.499 22436 22560 W System.err: 	at java.util.concurrent.Semaphore.acquire(Semaphore.java:284)
03-12 13:02:30.499 22436 22560 W System.err: 	at com.ftdi.j2xx.ProcessInCtrl.acquireReadableBuffer(FT_Device.java:2294)
03-12 13:02:30.499 22436 22560 W System.err: 	at com.ftdi.j2xx.ProcessRequestWorker.run(FT_Device.java:2764)
03-12 13:02:30.499 22436 22560 W System.err: 	at java.lang.Thread.run(Thread.java:818)
03-12 13:02:30.504 22436 22567 W RobotCore: error: closed: FT_Device.read()=-1
03-12 13:02:30.504 22436 22540 E FTDI_Device::: UsbConnection.requestWait() == null
03-12 13:02:30.505 22436 22580 E FTDI_Device::: UsbConnection.requestWait() == null
03-12 13:02:30.506 22436 22558 E FTDI_Device::: UsbConnection.requestWait() == null
03-12 13:02:30.506 22436 22567 V RobotCore: thread: ...terminating 'r/w loop: Modern Robotics USB DC Motor Controller [A104OQO9]'
03-12 13:02:30.508 22436 22546 E FTDI_Device::: UsbConnection.requestWait() == null
03-12 13:02:30.538 22436 22436 D UsbDeviceConnectionJNI: close
03-12 13:02:30.538 22436 22581 D BulkIn::: Stop BulkIn thread
03-12 13:02:30.538 22436 22581 W System.err: java.lang.NullPointerException: Attempt to invoke virtual method 'void java.util.concurrent.Semaphore.release()' on a null object reference
03-12 13:02:30.538 22436 22581 W System.err: 	at com.ftdi.j2xx.ProcessInCtrl.releaseWritableBuffer(FT_Device.java:2306)
03-12 13:02:30.538 22436 22581 W System.err: 	at com.ftdi.j2xx.ProcessInCtrl.releaseWritableBuffers(FT_Device.java:2676)
03-12 13:02:30.538 22436 22581 W System.err: 	at com.ftdi.j2xx.BulkInWorker.run(FT_Device.java:2879)
03-12 13:02:30.538 22436 22581 W System.err: 	at java.lang.Thread.run(Thread.java:818)
03-12 13:02:30.539 22436 22582 D ProcessRequestThread::: Device has been closed.
03-12 13:02:30.539 22436 22582 W System.err: java.lang.InterruptedException
03-12 13:02:30.539 22436 22582 W System.err: 	at java.util.concurrent.locks.AbstractQueuedSynchronizer.doAcquireSharedInterruptibly(AbstractQueuedSynchronizer.java:972)
03-12 13:02:30.539 22436 22582 W System.err: 	at java.util.concurrent.locks.AbstractQueuedSynchronizer.acquireSharedInterruptibly(AbstractQueuedSynchronizer.java:1278)
03-12 13:02:30.539 22436 22582 W System.err: 	at java.util.concurrent.Semaphore.acquire(Semaphore.java:284)
03-12 13:02:30.539 22436 22582 W System.err: 	at com.ftdi.j2xx.ProcessInCtrl.acquireReadableBuffer(FT_Device.java:2294)
03-12 13:02:30.539 22436 22582 W System.err: 	at com.ftdi.j2xx.ProcessRequestWorker.run(FT_Device.java:2764)
03-12 13:02:30.539 22436 22582 W System.err: 	at java.lang.Thread.run(Thread.java:818)
03-12 13:02:30.540 22436 22584 W RobotCore: Modern Robotics USB header sync bytes are incorrect
03-12 13:02:30.540 22436 22584 W RobotCore: [55 aa 00 40 1e] -> [00 00 00 00 00]
03-12 13:02:30.540 22436 22584 W RobotCore: could not write to Modern Robotics USB DC Motor Controller [A7008L4K]: comm timeout
03-12 13:02:30.540 22436 22584 W RobotCore: error: closed: FT_Device.read()=-1
03-12 13:02:30.540 22436 22584 V RobotCore: thread: ...terminating 'r/w loop: Modern Robotics USB DC Motor Controller [A7008L4K]'
03-12 13:02:30.541 22436 22545 D ProcessRequestThread::: Device has been closed.
03-12 13:02:30.541 22436 22545 W System.err: java.lang.InterruptedException
03-12 13:02:30.541 22436 22545 W System.err: 	at java.util.concurrent.locks.AbstractQueuedSynchronizer.doAcquireSharedInterruptibly(AbstractQueuedSynchronizer.java:972)
03-12 13:02:30.541 22436 22545 W System.err: 	at java.util.concurrent.locks.AbstractQueuedSynchronizer.acquireSharedInterruptibly(AbstractQueuedSynchronizer.java:1278)
03-12 13:02:30.541 22436 22545 W System.err: 	at java.util.concurrent.Semaphore.acquire(Semaphore.java:284)
03-12 13:02:30.541 22436 22545 W System.err: 	at com.ftdi.j2xx.ProcessInCtrl.acquireReadableBuffer(FT_Device.java:2294)
03-12 13:02:30.541 22436 22545 W System.err: 	at com.ftdi.j2xx.ProcessRequestWorker.run(FT_Device.java:2764)
03-12 13:02:30.541 22436 22545 W System.err: 	at java.lang.Thread.run(Thread.java:818)
03-12 13:02:30.542 22436 22436 D UsbDeviceConnectionJNI: close
03-12 13:02:30.542 22436 22546 W RobotCore: Modern Robotics USB header sync bytes are incorrect
03-12 13:02:30.542 22436 22546 W RobotCore: [55 aa 80 03 15] -> [00 00 00 00 00]
03-12 13:02:30.542 22436 22436 D UsbDeviceConnectionJNI: close
03-12 13:02:30.542 22436 22546 W RobotCore: could not read Modern Robotics USB Core Device Interface Module [AI041S26]: comm timeout
03-12 13:02:30.542 22436 22546 W RobotCore: error: closed: FT_Device.read()=-1
03-12 13:02:30.543 22436 22546 V RobotCore: thread: ...terminating 'r/w loop: Modern Robotics USB Core Device Interface Module [AI041S26]'
03-12 13:02:30.543 22436 22436 D UsbDeviceConnectionJNI: close
03-12 13:02:30.543 22436 22568 D BulkIn::: Stop BulkIn thread
03-12 13:02:30.543 22436 22568 W System.err: java.lang.NullPointerException: Attempt to invoke virtual method 'int com.ftdi.j2xx.D2xxManager$DriverParameters.getBufferNumber()' on a null object reference
03-12 13:02:30.543 22436 22568 W System.err: 	at com.ftdi.j2xx.ProcessInCtrl.releaseWritableBuffers(FT_Device.java:2672)
03-12 13:02:30.543 22436 22568 W System.err: 	at com.ftdi.j2xx.BulkInWorker.run(FT_Device.java:2879)
03-12 13:02:30.543 22436 22436 D UsbDeviceConnectionJNI: close
03-12 13:02:30.543 22436 22568 W System.err: 	at java.lang.Thread.run(Thread.java:818)
03-12 13:02:30.543 22436 22548 D ProcessRequestThread::: Device has been closed.
03-12 13:02:30.544 22436 22548 W System.err: java.lang.InterruptedException
03-12 13:02:30.544 22436 22436 D UsbDeviceConnectionJNI: close
03-12 13:02:30.544 22436 22548 W System.err: 	at java.util.concurrent.locks.AbstractQueuedSynchronizer.doAcquireSharedInterruptibly(AbstractQueuedSynchronizer.java:972)
03-12 13:02:30.544 22436 22548 W System.err: 	at java.util.concurrent.locks.AbstractQueuedSynchronizer.acquireSharedInterruptibly(AbstractQueuedSynchronizer.java:1278)
03-12 13:02:30.544 22436 22548 W System.err: 	at java.util.concurrent.Semaphore.acquire(Semaphore.java:284)
03-12 13:02:30.544 22436 22548 W System.err: 	at com.ftdi.j2xx.ProcessInCtrl.acquireReadableBuffer(FT_Device.java:2294)
03-12 13:02:30.544 22436 22548 W System.err: 	at com.ftdi.j2xx.ProcessRequestWorker.run(FT_Device.java:2764)
03-12 13:02:30.544 22436 22548 W System.err: 	at java.lang.Thread.run(Thread.java:818)
03-12 13:02:30.544 22436 22569 D ProcessRequestThread::: Device has been closed.
03-12 13:02:30.544 22436 22569 W System.err: java.lang.InterruptedException
03-12 13:02:30.544 22436 22569 W System.err: 	at java.util.concurrent.locks.AbstractQueuedSynchronizer.doAcquireSharedInterruptibly(AbstractQueuedSynchronizer.java:972)
03-12 13:02:30.544 22436 22569 W System.err: 	at java.util.concurrent.locks.AbstractQueuedSynchronizer.acquireSharedInterruptibly(AbstractQueuedSynchronizer.java:1278)
03-12 13:02:30.544 22436 22569 W System.err: 	at java.util.concurrent.Semaphore.acquire(Semaphore.java:284)
03-12 13:02:30.544 22436 22569 W System.err: 	at com.ftdi.j2xx.ProcessInCtrl.acquireReadableBuffer(FT_Device.java:2294)
03-12 13:02:30.544 22436 22569 W System.err: 	at com.ftdi.j2xx.ProcessRequestWorker.run(FT_Device.java:2764)
03-12 13:02:30.544 22436 22569 W System.err: 	at java.lang.Thread.run(Thread.java:818)
03-12 13:02:30.544 22436 22547 D BulkIn::: Stop BulkIn thread
03-12 13:02:30.544 22436 22547 W System.err: java.lang.NullPointerException: Attempt to invoke virtual method 'int com.ftdi.j2xx.D2xxManager$DriverParameters.getBufferNumber()' on a null object reference
03-12 13:02:30.544 22436 22547 W System.err: 	at com.ftdi.j2xx.ProcessInCtrl.releaseWritableBuffers(FT_Device.java:2672)
03-12 13:02:30.544 22436 22547 W System.err: 	at com.ftdi.j2xx.BulkInWorker.run(FT_Device.java:2879)
03-12 13:02:30.545 22436 22547 W System.err: 	at java.lang.Thread.run(Thread.java:818)
03-12 13:02:30.545 22436 22570 W RobotCore: could not write to Modern Robotics USB Legacy Module [AL00XTZO]: FTDI Null Pointer Exception
03-12 13:02:30.545 22436 22570 E RobotCore: java.lang.NullPointerException: Attempt to invoke interface method 'void java.util.concurrent.locks.Lock.unlock()' on a null object reference
03-12 13:02:30.545 22436 22572 D ProcessRequestThread::: Device has been closed.
03-12 13:02:30.545 22436 22572 W System.err: java.lang.InterruptedException
03-12 13:02:30.545 22436 22572 W System.err: 	at java.util.concurrent.locks.AbstractQueuedSynchronizer.doAcquireSharedInterruptibly(AbstractQueuedSynchronizer.java:972)
03-12 13:02:30.545 22436 22570 E RobotCore:     at com.ftdi.j2xx.ProcessInCtrl.readBulkInData(FT_Device.java:2520)
03-12 13:02:30.545 22436 22572 W System.err: 	at java.util.concurrent.locks.AbstractQueuedSynchronizer.acquireSharedInterruptibly(AbstractQueuedSynchronizer.java:1278)
03-12 13:02:30.545 22436 22572 W System.err: 	at java.util.concurrent.Semaphore.acquire(Semaphore.java:284)
03-12 13:02:30.545 22436 22570 E RobotCore:     at com.ftdi.j2xx.FT_Device.read(FT_Device.java:666)
03-12 13:02:30.545 22436 22572 W System.err: 	at com.ftdi.j2xx.ProcessInCtrl.acquireReadableBuffer(FT_Device.java:2294)
03-12 13:02:30.545 22436 22570 E RobotCore:     at com.qualcomm.robotcore.hardware.usb.ftdi.RobotUsbDeviceFtdi.read(RobotUsbDeviceFtdi.java:199)
03-12 13:02:30.545 22436 22572 W System.err: 	at com.ftdi.j2xx.ProcessRequestWorker.run(FT_Device.java:2764)
03-12 13:02:30.545 22436 22570 E RobotCore:     at com.qualcomm.robotcore.hardware.usb.ftdi.RobotUsbDeviceFtdi.read(RobotUsbDeviceFtdi.java:176)
03-12 13:02:30.545 22436 22572 W System.err: 	at java.lang.Thread.run(Thread.java:818)
03-12 13:02:30.545 22436 22570 E RobotCore:     at com.qualcomm.modernrobotics.ReadWriteRunnableUsbHandler.a(SourceFile:77)
03-12 13:02:30.545 22436 22570 E RobotCore:     at com.qualcomm.modernrobotics.ReadWriteRunnableUsbHandler.read(SourceFile:66)
03-12 13:02:30.546 22436 22524 D ProcessRequestThread::: Device has been closed.
03-12 13:02:30.546 22436 22524 W System.err: java.lang.InterruptedException
03-12 13:02:30.546 22436 22558 W RobotCore: could not write to Modern Robotics USB Servo Controller [A104OQZS]: FTDI Null Pointer Exception
03-12 13:02:30.546 22436 22570 E RobotCore:     at com.qualcomm.hardware.modernrobotics.ReadWriteRunnableStandard$1.run(ReadWriteRunnableStandard.java:343)
03-12 13:02:30.546 22436 22558 E RobotCore: java.lang.NullPointerException: Attempt to invoke interface method 'void java.util.concurrent.locks.Lock.unlock()' on a null object reference
03-12 13:02:30.546 22436 22570 E RobotCore:     at com.qualcomm.robotcore.util.ThreadPool.logThreadLifeCycle(ThreadPool.java:513)
03-12 13:02:30.546 22436 22570 E RobotCore:     at com.qualcomm.hardware.modernrobotics.ReadWriteRunnableStandard.run(ReadWriteRunnableStandard.java:302)
03-12 13:02:30.546 22436 22570 E RobotCore:     at java.util.concurrent.ThreadPoolExecutor.runWorker(ThreadPoolExecutor.java:1113)
03-12 13:02:30.546 22436 22558 E RobotCore:     at com.ftdi.j2xx.ProcessInCtrl.readBulkInData(FT_Device.java:2520)
03-12 13:02:30.546 22436 22570 E RobotCore:     at java.util.concurrent.ThreadPoolExecutor$Worker.run(ThreadPoolExecutor.java:588)
03-12 13:02:30.546 22436 22558 E RobotCore:     at com.ftdi.j2xx.FT_Device.read(FT_Device.java:666)
03-12 13:02:30.546 22436 22570 E RobotCore:     at java.lang.Thread.run(Thread.java:818)
03-12 13:02:30.546 22436 22558 E RobotCore:     at com.qualcomm.robotcore.hardware.usb.ftdi.RobotUsbDeviceFtdi.read(RobotUsbDeviceFtdi.java:199)
03-12 13:02:30.546 22436 22558 E RobotCore:     at com.qualcomm.robotcore.hardware.usb.ftdi.RobotUsbDeviceFtdi.read(RobotUsbDeviceFtdi.java:176)
03-12 13:02:30.546 22436 22558 E RobotCore:     at com.qualcomm.modernrobotics.ReadWriteRunnableUsbHandler.a(SourceFile:77)
03-12 13:02:30.546 22436 22570 V RobotCore: thread: ...terminating 'r/w loop: Modern Robotics USB Legacy Module [AL00XTZO]'
03-12 13:02:30.546 22436 22558 E RobotCore:     at com.qualcomm.modernrobotics.ReadWriteRunnableUsbHandler.read(SourceFile:66)
03-12 13:02:30.546 22436 22558 E RobotCore:     at com.qualcomm.hardware.modernrobotics.ReadWriteRunnableStandard$1.run(ReadWriteRunnableStandard.java:343)
03-12 13:02:30.546 22436 22558 E RobotCore:     at com.qualcomm.robotcore.util.ThreadPool.logThreadLifeCycle(ThreadPool.java:513)
03-12 13:02:30.546 22436 22558 E RobotCore:     at com.qualcomm.hardware.modernrobotics.ReadWriteRunnableStandard.run(ReadWriteRunnableStandard.java:302)
03-12 13:02:30.546 22436 22558 E RobotCore:     at java.util.concurrent.ThreadPoolExecutor.runWorker(ThreadPoolExecutor.java:1113)
03-12 13:02:30.546 22436 22558 E RobotCore:     at java.util.concurrent.ThreadPoolExecutor$Worker.run(ThreadPoolExecutor.java:588)
03-12 13:02:30.546 22436 22558 E RobotCore:     at java.lang.Thread.run(Thread.java:818)
03-12 13:02:30.547 22436 22558 V RobotCore: thread: ...terminating 'r/w loop: Modern Robotics USB Servo Controller [A104OQZS]'
03-12 13:02:30.547 22436 22524 W System.err: 	at java.util.concurrent.locks.AbstractQueuedSynchronizer.doAcquireSharedInterruptibly(AbstractQueuedSynchronizer.java:972)
03-12 13:02:30.547 22436 22524 W System.err: 	at java.util.concurrent.locks.AbstractQueuedSynchronizer.acquireSharedInterruptibly(AbstractQueuedSynchronizer.java:1278)
03-12 13:02:30.547 22436 22524 W System.err: 	at java.util.concurrent.Semaphore.acquire(Semaphore.java:284)
03-12 13:02:30.547 22436 22524 W System.err: 	at com.ftdi.j2xx.ProcessInCtrl.acquireReadableBuffer(FT_Device.java:2294)
03-12 13:02:30.547 22436 22524 W System.err: 	at com.ftdi.j2xx.ProcessRequestWorker.run(FT_Device.java:2764)
03-12 13:02:30.547 22436 22524 W System.err: 	at java.lang.Thread.run(Thread.java:818)
03-12 13:02:30.548 22436 22580 W RobotCore: could not write to Modern Robotics USB Servo Controller [AL00XLHS]: FTDI Null Pointer Exception
03-12 13:02:30.548 22436 22580 E RobotCore: java.lang.NullPointerException: Attempt to invoke interface method 'void java.util.concurrent.locks.Lock.unlock()' on a null object reference
03-12 13:02:30.548 22436 22580 E RobotCore:     at com.ftdi.j2xx.ProcessInCtrl.readBulkInData(FT_Device.java:2520)
03-12 13:02:30.548 22436 22580 E RobotCore:     at com.ftdi.j2xx.FT_Device.read(FT_Device.java:666)
03-12 13:02:30.548 22436 22580 E RobotCore:     at com.qualcomm.robotcore.hardware.usb.ftdi.RobotUsbDeviceFtdi.read(RobotUsbDeviceFtdi.java:199)
03-12 13:02:30.548 22436 22580 E RobotCore:     at com.qualcomm.robotcore.hardware.usb.ftdi.RobotUsbDeviceFtdi.read(RobotUsbDeviceFtdi.java:176)
03-12 13:02:30.548 22436 22580 E RobotCore:     at com.qualcomm.modernrobotics.ReadWriteRunnableUsbHandler.a(SourceFile:77)
03-12 13:02:30.548 22436 22580 E RobotCore:     at com.qualcomm.modernrobotics.ReadWriteRunnableUsbHandler.read(SourceFile:66)
03-12 13:02:30.548 22436 22580 E RobotCore:     at com.qualcomm.hardware.modernrobotics.ReadWriteRunnableStandard$1.run(ReadWriteRunnableStandard.java:343)
03-12 13:02:30.548 22436 22580 E RobotCore:     at com.qualcomm.robotcore.util.ThreadPool.logThreadLifeCycle(ThreadPool.java:513)
03-12 13:02:30.548 22436 22580 E RobotCore:     at com.qualcomm.hardware.modernrobotics.ReadWriteRunnableStandard.run(ReadWriteRunnableStandard.java:302)
03-12 13:02:30.548 22436 22580 E RobotCore:     at java.util.concurrent.ThreadPoolExecutor.runWorker(ThreadPoolExecutor.java:1113)
03-12 13:02:30.548 22436 22580 E RobotCore:     at java.util.concurrent.ThreadPoolExecutor$Worker.run(ThreadPoolExecutor.java:588)
03-12 13:02:30.548 22436 22580 E RobotCore:     at java.lang.Thread.run(Thread.java:818)
03-12 13:02:30.549 22436 22580 V RobotCore: thread: ...terminating 'r/w loop: Modern Robotics USB Servo Controller [AL00XLHS]'
03-12 13:02:30.549 22436 22540 W RobotCore: could not write to Modern Robotics USB DC Motor Controller [A104OQW3]: FTDI Null Pointer Exception
03-12 13:02:30.549 22436 22540 E RobotCore: java.lang.NullPointerException: Attempt to invoke interface method 'void java.util.concurrent.locks.Lock.unlock()' on a null object reference
03-12 13:02:30.553 22436 22571 D BulkIn::: Stop BulkIn thread
03-12 13:02:30.553 22436 22571 W System.err: java.lang.NullPointerException: Attempt to invoke virtual method 'int com.ftdi.j2xx.D2xxManager$DriverParameters.getBufferNumber()' on a null object reference
03-12 13:02:30.553 22436 22571 W System.err: 	at com.ftdi.j2xx.ProcessInCtrl.releaseWritableBuffers(FT_Device.java:2672)
03-12 13:02:30.553 22436 22571 W System.err: 	at com.ftdi.j2xx.BulkInWorker.run(FT_Device.java:2879)
03-12 13:02:30.553 22436 22571 W System.err: 	at java.lang.Thread.run(Thread.java:818)
03-12 13:02:30.554 22436 22540 E RobotCore:     at com.ftdi.j2xx.ProcessInCtrl.readBulkInData(FT_Device.java:2520)
03-12 13:02:30.554 22436 22523 D BulkIn::: Stop BulkIn thread
03-12 13:02:30.554 22436 22540 E RobotCore:     at com.ftdi.j2xx.FT_Device.read(FT_Device.java:666)
03-12 13:02:30.554 22436 22523 W System.err: java.lang.NullPointerException: Attempt to invoke virtual method 'int com.ftdi.j2xx.D2xxManager$DriverParameters.getBufferNumber()' on a null object reference
03-12 13:02:30.554 22436 22540 E RobotCore:     at com.qualcomm.robotcore.hardware.usb.ftdi.RobotUsbDeviceFtdi.read(RobotUsbDeviceFtdi.java:199)
03-12 13:02:30.554 22436 22523 W System.err: 	at com.ftdi.j2xx.ProcessInCtrl.releaseWritableBuffers(FT_Device.java:2672)
03-12 13:02:30.554 22436 22523 W System.err: 	at com.ftdi.j2xx.BulkInWorker.run(FT_Device.java:2879)
03-12 13:02:30.554 22436 22523 W System.err: 	at java.lang.Thread.run(Thread.java:818)
03-12 13:02:30.554 22436 22540 E RobotCore:     at com.qualcomm.robotcore.hardware.usb.ftdi.RobotUsbDeviceFtdi.read(RobotUsbDeviceFtdi.java:176)
03-12 13:02:30.554 22436 22540 E RobotCore:     at com.qualcomm.modernrobotics.ReadWriteRunnableUsbHandler.a(SourceFile:77)
03-12 13:02:30.554 22436 22540 E RobotCore:     at com.qualcomm.modernrobotics.ReadWriteRunnableUsbHandler.read(SourceFile:66)
03-12 13:02:30.554 22436 22540 E RobotCore:     at com.qualcomm.hardware.modernrobotics.ReadWriteRunnableStandard$1.run(ReadWriteRunnableStandard.java:343)
03-12 13:02:30.554 22436 22540 E RobotCore:     at com.qualcomm.robotcore.util.ThreadPool.logThreadLifeCycle(ThreadPool.java:513)
03-12 13:02:30.554 22436 22540 E RobotCore:     at com.qualcomm.hardware.modernrobotics.ReadWriteRunnableStandard.run(ReadWriteRunnableStandard.java:302)
03-12 13:02:30.554 22436 22540 E RobotCore:     at java.util.concurrent.ThreadPoolExecutor.runWorker(ThreadPoolExecutor.java:1113)
03-12 13:02:30.554 22436 22540 E RobotCore:     at java.util.concurrent.ThreadPoolExecutor$Worker.run(ThreadPoolExecutor.java:588)
03-12 13:02:30.554 22436 22540 E RobotCore:     at java.lang.Thread.run(Thread.java:818)
03-12 13:02:30.556 22436 22594 D RobotCore: system telemetry: key=$System$Warning$ msg="problem communicating with Modern Robotics USB Legacy Module [AL00XTZO]; problem communicating with Modern Robotics USB Core Device Interface Module [AI041S26]; problem communicating with Modern Robotics USB DC Motor Controller [A7008L4K]; problem communicating with Modern Robotics USB Servo Controller [A104OQZS]; problem communicating with Modern Robotics USB DC Motor Controller [A104OQW3]; problem communicating with Modern Robotics USB DC Motor Controller [A104OQO9]; problem communicating with Modern Robotics USB Servo Controller [AL00XLHS]"
03-12 13:02:30.565 22436 22594 V RobotCore: event loop: device has shutdown abnormally
03-12 13:02:30.565 22436 22594 V RobotCore: event loop: detaching device owner
03-12 13:02:30.565 22436 22540 V RobotCore: thread: ...terminating 'r/w loop: Modern Robotics USB DC Motor Controller [A104OQW3]'
03-12 13:02:30.565 22436 22594 I FIRST   : ======= MODULE DETACH RECOVERY: disarm Modern Robotics USB DC Motor Controller [A104OQW3]=======
03-12 13:02:30.565 22436 22594 D RobotCore: disarming modern motor controller Modern Robotics USB DC Motor Controller [A104OQW3]...
03-12 13:02:30.565 22436 22594 V RobotCore: waiting for service ReadWriteRunnable for Modern Robotics USB Device
03-12 13:02:30.566 22436 22594 V RobotCore: awaitTermination returned, isTerminated=true
03-12 13:02:30.566 22436 22594 V RobotCore: executive service ReadWriteRunnable for Modern Robotics USB Device is terminated
03-12 13:02:30.566 22436 22594 D RobotCore: ...disarming modern motor controller Modern Robotics USB DC Motor Controller [A104OQW3] complete
03-12 13:02:30.566 22436 22594 I FIRST   : ======= MODULE DETACH RECOVERY: pretend Modern Robotics USB DC Motor Controller [A104OQW3]=======
03-12 13:02:30.566 22436 22594 D RobotCore: arming modern motor controller Modern Robotics USB DC Motor Controller [A104OQW3] (pretend)...
03-12 13:02:30.567 22436 22594 V RobotCore: Starting up pretend device A104OQW3
03-12 13:02:30.572 22436 26360 V RobotCore: thread: 'r/w loop: Modern Robotics USB DC Motor Controller [A104OQW3]' starting...
03-12 13:02:30.573 22436 22594 D RobotCore: ...arming modern motor controller Modern Robotics USB DC Motor Controller [A104OQW3] complete
03-12 13:02:30.573 22436 22594 I FIRST   : ======= MODULE DETACH RECOVERY: complete Modern Robotics USB DC Motor Controller [A104OQW3]=======
03-12 13:02:30.573 22436 22594 V RobotCore: event loop: device has shutdown abnormally
03-12 13:02:30.573 22436 22594 V RobotCore: event loop: detaching device owner
03-12 13:02:30.573 22436 22594 I FIRST   : ======= MODULE DETACH RECOVERY: disarm Modern Robotics USB Core Device Interface Module [AI041S26]=======
03-12 13:02:30.573 22436 22594 V RobotCore: waiting for service ReadWriteRunnable for Modern Robotics USB Device
03-12 13:02:30.574 22436 22594 V RobotCore: awaitTermination returned, isTerminated=true
03-12 13:02:30.574 22436 22594 V RobotCore: executive service ReadWriteRunnable for Modern Robotics USB Device is terminated
03-12 13:02:30.574 22436 22594 I FIRST   : ======= MODULE DETACH RECOVERY: pretend Modern Robotics USB Core Device Interface Module [AI041S26]=======
03-12 13:02:30.574 22436 22594 V RobotCore: Starting up pretend device AI041S26
03-12 13:02:30.575 22436 26361 V RobotCore: thread: 'r/w loop: Modern Robotics USB Core Device Interface Module [AI041S26]' starting...
03-12 13:02:30.584 22436 22594 I FIRST   : ======= MODULE DETACH RECOVERY: complete Modern Robotics USB Core Device Interface Module [AI041S26]=======
03-12 13:02:30.584 22436 22594 V RobotCore: event loop: device has shutdown abnormally
03-12 13:02:30.584 22436 22594 V RobotCore: event loop: detaching device owner
03-12 13:02:30.584 22436 22594 I FIRST   : ======= MODULE DETACH RECOVERY: disarm Modern Robotics USB Servo Controller [A104OQZS]=======
03-12 13:02:30.584 22436 22594 D RobotCore: disarming modern servo controller "Modern Robotics USB Servo Controller [A104OQZS]"...
03-12 13:02:30.584 22436 22594 V RobotCore: waiting for service ReadWriteRunnable for Modern Robotics USB Device
03-12 13:02:30.585 22436 22594 V RobotCore: awaitTermination returned, isTerminated=true
03-12 13:02:30.585 22436 22594 V RobotCore: executive service ReadWriteRunnable for Modern Robotics USB Device is terminated
03-12 13:02:30.585 22436 22594 D RobotCore: ...disarming modern servo controller Modern Robotics USB Servo Controller [A104OQZS] complete
03-12 13:02:30.585 22436 22594 I FIRST   : ======= MODULE DETACH RECOVERY: pretend Modern Robotics USB Servo Controller [A104OQZS]=======
03-12 13:02:30.585 22436 22594 D RobotCore: arming modern servo controller Modern Robotics USB Servo Controller [A104OQZS] (pretend)...
03-12 13:02:30.585 22436 22594 V RobotCore: Starting up pretend device A104OQZS
03-12 13:02:30.589 22436 26371 V RobotCore: thread: 'r/w loop: Modern Robotics USB Servo Controller [A104OQZS]' starting...
03-12 13:02:30.589 22436 22594 D RobotCore: ...arming modern servo controller Modern Robotics USB Servo Controller [A104OQZS] complete
03-12 13:02:30.590 22436 22594 I FIRST   : ======= MODULE DETACH RECOVERY: complete Modern Robotics USB Servo Controller [A104OQZS]=======
03-12 13:02:30.590 22436 22594 V RobotCore: event loop: device has shutdown abnormally
03-12 13:02:30.590 22436 22594 V RobotCore: event loop: detaching device owner
03-12 13:02:30.590 22436 22594 I FIRST   : ======= MODULE DETACH RECOVERY: disarm Modern Robotics USB DC Motor Controller [A104OQO9]=======
03-12 13:02:30.590 22436 22594 D RobotCore: disarming modern motor controller Modern Robotics USB DC Motor Controller [A104OQO9]...
03-12 13:02:30.590 22436 22594 V RobotCore: waiting for service ReadWriteRunnable for Modern Robotics USB Device
03-12 13:02:30.590 22436 22594 V RobotCore: awaitTermination returned, isTerminated=true
03-12 13:02:30.590 22436 22594 V RobotCore: executive service ReadWriteRunnable for Modern Robotics USB Device is terminated
03-12 13:02:30.591 22436 22594 D RobotCore: ...disarming modern motor controller Modern Robotics USB DC Motor Controller [A104OQO9] complete
03-12 13:02:30.591 22436 22594 I FIRST   : ======= MODULE DETACH RECOVERY: pretend Modern Robotics USB DC Motor Controller [A104OQO9]=======
03-12 13:02:30.591 22436 22594 D RobotCore: arming modern motor controller Modern Robotics USB DC Motor Controller [A104OQO9] (pretend)...
03-12 13:02:30.591 22436 22594 V RobotCore: Starting up pretend device A104OQO9
03-12 13:02:30.592 22436 26373 V RobotCore: thread: 'r/w loop: Modern Robotics USB DC Motor Controller [A104OQO9]' starting...
03-12 13:02:30.595 22436 22594 D RobotCore: ...arming modern motor controller Modern Robotics USB DC Motor Controller [A104OQO9] complete
03-12 13:02:30.595 22436 22594 I FIRST   : ======= MODULE DETACH RECOVERY: complete Modern Robotics USB DC Motor Controller [A104OQO9]=======
03-12 13:02:30.595 22436 22594 V RobotCore: event loop: device has shutdown abnormally
03-12 13:02:30.595 22436 22594 V RobotCore: event loop: detaching device owner
03-12 13:02:30.595 22436 22594 I FIRST   : ======= MODULE DETACH RECOVERY: disarm Modern Robotics USB Legacy Module [AL00XTZO]=======
03-12 13:02:30.596 22436 22594 V RobotCore: waiting for service ReadWriteRunnable for Modern Robotics USB Device
03-12 13:02:30.596 22436 22594 V RobotCore: awaitTermination returned, isTerminated=true
03-12 13:02:30.596 22436 22594 V RobotCore: executive service ReadWriteRunnable for Modern Robotics USB Device is terminated
03-12 13:02:30.596 22436 22594 I FIRST   : ======= MODULE DETACH RECOVERY: pretend Modern Robotics USB Legacy Module [AL00XTZO]=======
03-12 13:02:30.596 22436 22594 V RobotCore: Starting up pretend device AL00XTZO
03-12 13:02:30.601 22436 26374 V RobotCore: thread: 'r/w loop: Modern Robotics USB Legacy Module [AL00XTZO]' starting...
03-12 13:02:30.602 22436 22594 I FIRST   : ======= MODULE DETACH RECOVERY: complete Modern Robotics USB Legacy Module [AL00XTZO]=======
03-12 13:02:30.602 22436 22594 V RobotCore: event loop: device has shutdown abnormally
03-12 13:02:30.602 22436 22594 V RobotCore: event loop: detaching device owner
03-12 13:02:30.602 22436 22594 I FIRST   : ======= MODULE DETACH RECOVERY: disarm Modern Robotics USB Servo Controller [AL00XLHS]=======
03-12 13:02:30.602 22436 22594 D RobotCore: disarming modern servo controller "Modern Robotics USB Servo Controller [AL00XLHS]"...
03-12 13:02:30.602 22436 22594 V RobotCore: waiting for service ReadWriteRunnable for Modern Robotics USB Device
03-12 13:02:30.604 22436 22594 V RobotCore: awaitTermination returned, isTerminated=true
03-12 13:02:30.604 22436 22594 V RobotCore: executive service ReadWriteRunnable for Modern Robotics USB Device is terminated
03-12 13:02:30.604 22436 22594 D RobotCore: ...disarming modern servo controller Modern Robotics USB Servo Controller [AL00XLHS] complete
03-12 13:02:30.604 22436 22594 I FIRST   : ======= MODULE DETACH RECOVERY: pretend Modern Robotics USB Servo Controller [AL00XLHS]=======
03-12 13:02:30.605 22436 22594 D RobotCore: arming modern servo controller Modern Robotics USB Servo Controller [AL00XLHS] (pretend)...
03-12 13:02:30.605 22436 22594 V RobotCore: Starting up pretend device AL00XLHS
03-12 13:02:30.606 22436 26375 V RobotCore: thread: 'r/w loop: Modern Robotics USB Servo Controller [AL00XLHS]' starting...
03-12 13:02:30.607 22436 22594 D RobotCore: ...arming modern servo controller Modern Robotics USB Servo Controller [AL00XLHS] complete
03-12 13:02:30.607 22436 22594 I FIRST   : ======= MODULE DETACH RECOVERY: complete Modern Robotics USB Servo Controller [AL00XLHS]=======
03-12 13:02:30.607 22436 22594 V RobotCore: event loop: device has shutdown abnormally
03-12 13:02:30.607 22436 22594 V RobotCore: event loop: detaching device owner
03-12 13:02:30.607 22436 22594 I FIRST   : ======= MODULE DETACH RECOVERY: disarm Modern Robotics USB DC Motor Controller [A7008L4K]=======
03-12 13:02:30.607 22436 22594 D RobotCore: disarming modern motor controller Modern Robotics USB DC Motor Controller [A7008L4K]...
03-12 13:02:30.607 22436 22594 V RobotCore: waiting for service ReadWriteRunnable for Modern Robotics USB Device
03-12 13:02:30.607 22436 22594 V RobotCore: awaitTermination returned, isTerminated=true
03-12 13:02:30.607 22436 22594 V RobotCore: executive service ReadWriteRunnable for Modern Robotics USB Device is terminated
03-12 13:02:30.607 22436 22594 D RobotCore: ...disarming modern motor controller Modern Robotics USB DC Motor Controller [A7008L4K] complete
03-12 13:02:30.607 22436 22594 I FIRST   : ======= MODULE DETACH RECOVERY: pretend Modern Robotics USB DC Motor Controller [A7008L4K]=======
03-12 13:02:30.607 22436 22594 D RobotCore: arming modern motor controller Modern Robotics USB DC Motor Controller [A7008L4K] (pretend)...
03-12 13:02:30.607 22436 22594 V RobotCore: Starting up pretend device A7008L4K
03-12 13:02:30.609 22436 26376 V RobotCore: thread: 'r/w loop: Modern Robotics USB DC Motor Controller [A7008L4K]' starting...
03-12 13:02:30.609 22436 22594 D RobotCore: ...arming modern motor controller Modern Robotics USB DC Motor Controller [A7008L4K] complete
03-12 13:02:30.609 22436 22594 I FIRST   : ======= MODULE DETACH RECOVERY: complete Modern Robotics USB DC Motor Controller [A7008L4K]=======
03-12 13:02:30.614 22436 22529 D MediaPlayer: setSubtitleAnchor in MediaPlayer
03-12 13:02:30.624 22436 22436 W MediaPlayer: mediaplayer went away with unhandled events
03-12 13:02:30.640 22436 22527 D ExtendedUtils: extended extractor not needed, return default
03-12 13:02:30.642 22436 26379 I OMXClient: Using client-side OMX mux.
03-12 13:02:30.647 22436 26379 E OMXMaster: A component of name 'OMX.qcom.audio.decoder.aac' already exists, ignoring this one.
03-12 13:02:30.668 22436 22529 W AudioTrack: AUDIO_OUTPUT_FLAG_FAST denied by client; transfer 4, track 44100 Hz, output 48000 Hz
03-12 13:02:46.435 22436 22436 I RobotCore: Battery Checker, Level Remaining: 84.0
03-12 13:02:46.438 22436 22436 I RobotCore: Battery Checker, Level Remaining: 84.0
03-12 13:02:51.566 22436 22436 V RCActivity: onPause()
03-12 13:02:51.577 22436 22436 V RCActivity: onStop()
03-12 13:02:51.577 22436 22436 V RobotCore: executive service robot setup is terminated
03-12 13:02:51.577 22436 22436 V Robocol : EventLoopManager.shutdown()
03-12 13:02:51.577 22436 22436 V RobotCore: waiting for service EventLoop
03-12 13:02:51.578 22436 22594 V RobotCore: EventLoopRunnable interrupted
03-12 13:02:51.578 22436 22594 V RobotCore: EventLoopManager state is STOPPED
03-12 13:02:51.578 22436 22594 V RobotCore: Robot Status: stopped
03-12 13:02:51.578 22436 22594 I FIRST   : ======= TEARDOWN =======
03-12 13:02:51.578 22436 22594 D RobotCore: disarming modern motor controller Modern Robotics USB DC Motor Controller [A104OQW3]...
03-12 13:02:51.584 22436 26360 V RobotCore: thread: ...terminating 'r/w loop: Modern Robotics USB DC Motor Controller [A104OQW3]'
03-12 13:02:51.608 22436 22594 V RobotCore: executive service ReadWriteRunnable for Modern Robotics USB Device is terminated
03-12 13:02:51.625 22436 22594 D RobotCore: ...disarming modern motor controller Modern Robotics USB DC Motor Controller [A104OQW3] complete
03-12 13:02:51.626 22436 22594 D RobotCore: disarming modern motor controller Modern Robotics USB DC Motor Controller [A104OQO9]...
03-12 13:02:51.632 22436 26373 V RobotCore: thread: ...terminating 'r/w loop: Modern Robotics USB DC Motor Controller [A104OQO9]'
03-12 13:02:51.633 22436 22594 V RobotCore: executive service ReadWriteRunnable for Modern Robotics USB Device is terminated
03-12 13:02:51.633 22436 22594 D RobotCore: ...disarming modern motor controller Modern Robotics USB DC Motor Controller [A104OQO9] complete
03-12 13:02:51.633 22436 22594 D RobotCore: disarming modern motor controller Modern Robotics USB DC Motor Controller [A7008L4K]...
03-12 13:02:51.641 22436 26376 V RobotCore: thread: ...terminating 'r/w loop: Modern Robotics USB DC Motor Controller [A7008L4K]'
03-12 13:02:51.641 22436 22594 V RobotCore: executive service ReadWriteRunnable for Modern Robotics USB Device is terminated
03-12 13:02:51.641 22436 22594 D RobotCore: ...disarming modern motor controller Modern Robotics USB DC Motor Controller [A7008L4K] complete
03-12 13:02:51.642 22436 22594 D RobotCore: disarming modern servo controller "Modern Robotics USB Servo Controller [AL00XLHS]"...
03-12 13:02:51.645 22436 26375 V RobotCore: thread: ...terminating 'r/w loop: Modern Robotics USB Servo Controller [AL00XLHS]'
03-12 13:02:51.646 22436 22594 V RobotCore: executive service ReadWriteRunnable for Modern Robotics USB Device is terminated
03-12 13:02:51.646 22436 22594 D RobotCore: ...disarming modern servo controller Modern Robotics USB Servo Controller [AL00XLHS] complete
03-12 13:02:51.646 22436 22594 D RobotCore: disarming modern servo controller "Modern Robotics USB Servo Controller [A104OQZS]"...
03-12 13:02:51.653 22436 26371 V RobotCore: thread: ...terminating 'r/w loop: Modern Robotics USB Servo Controller [A104OQZS]'
03-12 13:02:51.653 22436 22594 V RobotCore: executive service ReadWriteRunnable for Modern Robotics USB Device is terminated
03-12 13:02:51.653 22436 22594 D RobotCore: ...disarming modern servo controller Modern Robotics USB Servo Controller [A104OQZS] complete
03-12 13:02:51.657 22436 26361 V RobotCore: thread: ...terminating 'r/w loop: Modern Robotics USB Core Device Interface Module [AI041S26]'
03-12 13:02:51.657 22436 22594 V RobotCore: executive service ReadWriteRunnable for Modern Robotics USB Device is terminated
03-12 13:02:51.660 22436 26374 V RobotCore: thread: ...terminating 'r/w loop: Modern Robotics USB Legacy Module [AL00XTZO]'
03-12 13:02:51.660 22436 22594 V RobotCore: executive service ReadWriteRunnable for Modern Robotics USB Device is terminated
03-12 13:02:51.661 22436 22594 I FIRST   : ======= TEARDOWN COMPLETE =======
03-12 13:02:51.661 22436 22594 V RobotCore: thread: ...terminating 'opmode loop()'
03-12 13:02:51.661 22436 22436 V RobotCore: awaitTermination returned, isTerminated=true
03-12 13:02:51.661 22436 22436 V RobotCore: executive service EventLoop is terminated
03-12 13:02:51.661 22436 22436 V RobotCore: EventLoopManager state is STOPPED
03-12 13:02:51.686 22436 22497 E Surface : getSlotFromBufferLocked: unknown buffer: 0xb98abe48
03-12 13:02:51.716 22436 22508 D RobotCore: system telemetry: key=$System$None$ msg=""
03-12 13:02:52.226 22436 22436 V RCActivity: onDestroy()
03-12 13:03:12.727 27051 27051 I art     : Late-enabling -Xcheck:jni
03-12 13:03:12.776 27051 27051 W ActivityThread: Application com.qualcomm.ftcrobotcontroller can be debugged on port 8100...
03-12 13:03:12.796 27051 27051 I InstantRun: Instant Run Runtime started. Android package is com.qualcomm.ftcrobotcontroller, real application class is org.firstinspires.ftc.robotcore.internal.RobotApplication.
03-12 13:03:14.302 27123 27123 I dex2oat : /system/bin/dex2oat -j4 --dex-file=/data/data/com.qualcomm.ftcrobotcontroller/files/instant-run/dex/slice-slice_2-classes.dex --oat-file=/data/user/0/com.qualcomm.ftcrobotcontroller/cache/slice-slice_2-classes.dex
03-12 13:03:14.736 27123 27123 I dex2oat : dex2oat took 434.702ms (threads: 4) arena alloc=105KB java alloc=69KB native alloc=2040KB free=63KB
03-12 13:03:15.220 27051 27051 V RCActivity: onCreate()
03-12 13:03:15.223 27051 27191 V RobotCore: saving logcat to /storage/emulated/0/com.qualcomm.ftcrobotcontroller.logcat
03-12 13:03:15.223 27051 27191 V RobotCore: logging command line: logcat -f /storage/emulated/0/com.qualcomm.ftcrobotcontroller.logcat -r4096 -n4 -v threadtime UsbRequestJNI:S UsbRequest:S *:V
03-12 13:03:15.267 27051 27051 I WebViewFactory: Loading com.google.android.webview version 53.0.2785.124 (code 278512400)
03-12 13:03:15.268 27193 27193 W ps      : type=1400 audit(0.0:1321214): avc: denied { getattr } for uid=10117 path="/proc/1" dev="proc" ino=8200 scontext=u:r:untrusted_app:s0:c512,c768 tcontext=u:r:init:s0 tclass=dir permissive=0
03-12 13:03:15.268 27193 27193 W ps      : type=1400 audit(0.0:1321215): avc: denied { search } for uid=10117 name="1" dev="proc" ino=8200 scontext=u:r:untrusted_app:s0:c512,c768 tcontext=u:r:init:s0 tclass=dir permissive=0
03-12 13:03:15.268 27193 27193 W ps      : type=1400 audit(0.0:1321216): avc: denied { search } for uid=10117 name="1" dev="proc" ino=8200 scontext=u:r:untrusted_app:s0:c512,c768 tcontext=u:r:init:s0 tclass=dir permissive=0
03-12 13:03:15.268 27193 27193 W ps      : type=1400 audit(0.0:1321217): avc: denied { getattr } for uid=10117 path="/proc/2" dev="proc" ino=10846 scontext=u:r:untrusted_app:s0:c512,c768 tcontext=u:r:kernel:s0 tclass=dir permissive=0
03-12 13:03:15.268 27193 27193 W ps      : type=1400 audit(0.0:1321218): avc: denied { search } for uid=10117 name="2" dev="proc" ino=10846 scontext=u:r:untrusted_app:s0:c512,c768 tcontext=u:r:kernel:s0 tclass=dir permissive=0
03-12 13:03:15.268 27193 27193 W ps      : type=1400 audit(0.0:1321219): avc: denied { search } for uid=10117 name="2" dev="proc" ino=10846 scontext=u:r:untrusted_app:s0:c512,c768 tcontext=u:r:kernel:s0 tclass=dir permissive=0
03-12 13:03:15.268 27193 27193 W ps      : type=1400 audit(0.0:1321220): avc: denied { getattr } for uid=10117 path="/proc/3" dev="proc" ino=10847 scontext=u:r:untrusted_app:s0:c512,c768 tcontext=u:r:kernel:s0 tclass=dir permissive=0
03-12 13:03:15.268 27193 27193 W ps      : type=1400 audit(0.0:1321221): avc: denied { search } for uid=10117 name="3" dev="proc" ino=10847 scontext=u:r:untrusted_app:s0:c512,c768 tcontext=u:r:kernel:s0 tclass=dir permissive=0
03-12 13:03:15.268 27193 27193 W ps      : type=1400 audit(0.0:1321222): avc: denied { search } for uid=10117 name="3" dev="proc" ino=10847 scontext=u:r:untrusted_app:s0:c512,c768 tcontext=u:r:kernel:s0 tclass=dir permissive=0
03-12 13:03:15.268 27193 27193 W ps      : type=1400 audit(0.0:1321223): avc: denied { getattr } for uid=10117 path="/proc/4" dev="proc" ino=10848 scontext=u:r:untrusted_app:s0:c512,c768 tcontext=u:r:kernel:s0 tclass=dir permissive=0
03-12 13:03:15.268 27193 27193 W ps      : type=1400 audit(0.0:1321224): avc: denied { search } for uid=10117 name="4" dev="proc" ino=10848 scontext=u:r:untrusted_app:s0:c512,c768 tcontext=u:r:kernel:s0 tclass=dir permissive=0
03-12 13:03:15.268 27193 27193 W ps      : type=1400 audit(0.0:1321225): avc: denied { search } for uid=10117 name="4" dev="proc" ino=10848 scontext=u:r:untrusted_app:s0:c512,c768 tcontext=u:r:kernel:s0 tclass=dir permissive=0
03-12 13:03:15.268 27193 27193 W ps      : type=1400 audit(0.0:1321226): avc: denied { getattr } for uid=10117 path="/proc/5" dev="proc" ino=10849 scontext=u:r:untrusted_app:s0:c512,c768 tcontext=u:r:kernel:s0 tclass=dir permissive=0
03-12 13:03:15.268 27193 27193 W ps      : type=1400 audit(0.0:1321227): avc: denied { search } for uid=10117 name="5" dev="proc" ino=10849 scontext=u:r:untrusted_app:s0:c512,c768 tcontext=u:r:kernel:s0 tclass=dir permissive=0
03-12 13:03:15.268 27193 27193 W ps      : type=1400 audit(0.0:1321228): avc: denied { search } for uid=10117 name="5" dev="proc" ino=10849 scontext=u:r:untrusted_app:s0:c512,c768 tcontext=u:r:kernel:s0 tclass=dir permissive=0
03-12 13:03:15.268 27193 27193 W ps      : type=1400 audit(0.0:1321229): avc: denied { getattr } for uid=10117 path="/proc/6" dev="proc" ino=10850 scontext=u:r:untrusted_app:s0:c512,c768 tcontext=u:r:kernel:s0 tclass=dir permissive=0
03-12 13:03:15.268 27193 27193 W ps      : type=1400 audit(0.0:1321230): avc: denied { search } for uid=10117 name="6" dev="proc" ino=10850 scontext=u:r:untrusted_app:s0:c512,c768 tcontext=u:r:kernel:s0 tclass=dir permissive=0
03-12 13:03:15.268 27193 27193 W ps      : type=1400 audit(0.0:1321231): avc: denied { search } for uid=10117 name="6" dev="proc" ino=10850 scontext=u:r:untrusted_app:s0:c512,c768 tcontext=u:r:kernel:s0 tclass=dir permissive=0
03-12 13:03:15.268 27193 27193 W ps      : type=1400 audit(0.0:1321232): avc: denied { getattr } for uid=10117 path="/proc/7" dev="proc" ino=10851 scontext=u:r:untrusted_app:s0:c512,c768 tcontext=u:r:kernel:s0 tclass=dir permissive=0
03-12 13:03:15.268 27193 27193 W ps      : type=1400 audit(0.0:1321233): avc: denied { search } for uid=10117 name="7" dev="proc" ino=10851 scontext=u:r:untrusted_app:s0:c512,c768 tcontext=u:r:kernel:s0 tclass=dir permissive=0
03-12 13:03:15.335 27051 27051 I art     : Rejecting re-init on previously-failed class java.lang.Class<com.android.webview.chromium.ServiceWorkerControllerAdapter>
03-12 13:03:15.336 27051 27051 I art     : Rejecting re-init on previously-failed class java.lang.Class<com.android.webview.chromium.ServiceWorkerControllerAdapter>
03-12 13:03:15.339 27051 27051 I art     : Rejecting re-init on previously-failed class java.lang.Class<com.android.webview.chromium.TokenBindingManagerAdapter>
03-12 13:03:15.339 27051 27051 I art     : Rejecting re-init on previously-failed class java.lang.Class<com.android.webview.chromium.TokenBindingManagerAdapter>
03-12 13:03:15.353 27051 27051 I cr_LibraryLoader: Time to load native libraries: 5 ms (timestamps 483-488)
03-12 13:03:15.354 27051 27051 I cr_LibraryLoader: Expected native library version number "53.0.2785.124", actual native library version number "53.0.2785.124"
03-12 13:03:15.382 27051 27051 V WebViewChromiumFactoryProvider: Binding Chromium to main looper Looper (main, tid 1) {7152695}
03-12 13:03:15.382 27051 27051 I cr_LibraryLoader: Expected native library version number "53.0.2785.124", actual native library version number "53.0.2785.124"
03-12 13:03:15.385 27051 27051 I chromium: [INFO:library_loader_hooks.cc(151)] Chromium logging enabled: level = 0, default verbosity = 0
03-12 13:03:15.403 27051 27051 I cr_BrowserStartup: Initializing chromium process, singleProcess=true
03-12 13:03:15.443 27051 27051 I Adreno-EGL: <qeglDrvAPI_eglInitialize:379>: QUALCOMM Build: 10/09/15, 6cbbf7d, I3193f6e94a
03-12 13:03:15.537 27051 27061 I art     : Debugger is no longer active
03-12 13:03:15.598 27051 27051 W cr_AwContents: onDetachedFromWindow called when already detached. Ignoring
03-12 13:03:17.855 27051 27051 V RobotCore: Network: inactive, disconnected
03-12 13:03:17.864 27051 27051 V RCActivity: onStart()
03-12 13:03:17.867 27051 27051 V RCActivity: onResume()
03-12 13:03:17.883 27051 27350 D OpenGLRenderer: Use EGL_SWAP_BEHAVIOR_PRESERVED: true
03-12 13:03:17.943 27051 27051 V FTCService: onCreate()
03-12 13:03:17.944 27051 27051 V FTCService: onBind()
03-12 13:03:17.944 27051 27051 V FTCService: Android device is motorola, XT1064
03-12 13:03:17.945 27051 27051 V RobotCore: Getting network assistant of type: WIFIDIRECT
03-12 13:03:17.947 27051 27051 V WifiDirect: There are 1 Wifi Direct Assistant Clients (+)
03-12 13:03:17.947 27051 27051 V WifiDirect: Enabling Wifi Direct Assistant
03-12 13:03:17.992 27051 27350 I OpenGLRenderer: Initialized EGL, version 1.4
03-12 13:03:18.020 27051 27051 D WifiDirect: broadcast: state - enabled: true
03-12 13:03:18.024 27051 27051 D WifiDirect: broadcast: connection changed: connectStatus=NOT_CONNECTED networkInfo.state=CONNECTED
03-12 13:03:18.025 27051 27051 V WifiDirect: NetworkInfo: [type: WIFI_P2P[], state: CONNECTED/CONNECTED, reason: (unspecified), extra: (none), roaming: false, failover: false, isAvailable: true]
03-12 13:03:18.025 27051 27051 V WifiDirect: WifiP2pInfo: groupFormed: true isGroupOwner: true operatingChannel: 2447 groupOwnerAddress: /192.168.49.1 mccMode: false
03-12 13:03:18.026 27051 27051 V WifiDirect: WifiP2pGroup: network: DIRECT-Wp-11260-RC, isGO: true, Operating Channel: 2447, GO: Device: , deviceAddress: 5c:51:88:5e:5d:e4, primary type: null, secondary type: null, wps: 0, grpcapab: 0, devcapab: 0, status: 4, wfdInfo: WFD enabled: falseWFD DeviceInfo: 0, WFD CtrlPort: 0, WFD MaxThroughput: 0, level: 0, Client: Device: 11260-DS, deviceAddress: 5c:51:88:5a:98:5c, primary type: 10-0050F204-5, secondary type: null, wps: 392, grpcapab: 0, devcapab: 33, status: 0, wfdInfo: null, level: 60, interface: p2p0, networkId: 0, mGoOperFreq: 2447
03-12 13:03:18.026 27051 27051 D WifiDirect: broadcast: this device changed
03-12 13:03:18.026 27051 27051 V WifiDirect: device information: 11260-RC 5c:51:88:5e:5d:e4
03-12 13:03:18.026 27051 27051 D WifiDirect: cannot create group, does group already exist?
03-12 13:03:18.026 27051 27051 V FTCService: RCActivity.controllerService=bound
03-12 13:03:18.027 27051 27051 V RobotCore: Network: unknown, disconnected
03-12 13:03:18.028 27051 27051 V RobotCore: Robot Status: stopped
03-12 13:03:18.050 27051 27051 D OpmodeRegistration: registered {DefaultOpMode} as {$Stop$Robot$}
03-12 13:03:18.051 27051 27051 V FTCService: Processing robot setup
03-12 13:03:18.054 27051 27354 V RobotCore: thread: 'RobotSetupRunnable.run()' starting...
03-12 13:03:18.054 27051 27354 V RobotCore: Robot Status: stopped, scanning for USB devices
03-12 13:03:18.189 27051 27051 D WifiDirect: group owners address: /192.168.49.1
03-12 13:03:18.189 27051 27051 D WifiDirect: group formed, this device is the group owner (GO)
03-12 13:03:18.190 27051 27051 I FTCService: Wifi Direct - connected as group owner
03-12 13:03:18.190 27051 27051 D WifiDirect: stop discovering peers
03-12 13:03:18.198 27051 27051 V RobotCore: Network: enabled, disconnected
03-12 13:03:18.254 27051 27051 V WifiDirect: connection information available
03-12 13:03:18.254 27051 27051 V WifiDirect: connection information - groupOwnerName = 11260-RC
03-12 13:03:18.254 27051 27051 V WifiDirect: connection information - groupOwnerMacAddress = 5c:51:88:5e:5d:e4
03-12 13:03:18.254 27051 27051 V WifiDirect: connection information - groupInterface = p2p0
03-12 13:03:18.254 27051 27051 V WifiDirect: connection information - groupNetworkName = DIRECT-Wp-11260-RC
03-12 13:03:18.254 27051 27051 I FTCService: Network Connection Passphrase: gktbEwq9
03-12 13:03:18.255 27051 27051 V RobotCore: Network: active, disconnected
03-12 13:03:23.055 27051 27051 I RobotCore: Battery Checker, Level Remaining: 84.0
03-12 13:03:23.056 27051 27354 V RobotCore: EventLoopManager state is NOT_STARTED
03-12 13:03:23.056 27051 27354 V RobotCore: Robot Status: stopped, waiting on network
03-12 13:03:23.057 27051 27354 V RobotCore: Robot Status: stopped, starting robot
03-12 13:03:23.057 27051 27354 V Robocol : EventLoopManager.start()
03-12 13:03:23.057 27051 27354 V RobotCore: Getting network assistant of type: WIFIDIRECT
03-12 13:03:23.057 27051 27354 V Robocol : Spoofing a Network Connection event...
03-12 13:03:23.057 27051 27051 I RobotCore: Battery Checker, Level Remaining: 84.0
03-12 13:03:23.060 27051 27354 V RobotCore: executive service EventLoop is terminated
03-12 13:03:23.060 27051 27354 V RobotCore: EventLoopManager state is STOPPED
03-12 13:03:23.060 27051 27354 V Robocol : eventLoop=FtcEventLoop
03-12 13:03:23.060 27051 27354 V RobotCore: EventLoopManager state is INIT
03-12 13:03:23.061 27051 27354 V RobotCore: Robot Status: initializing, starting robot
03-12 13:03:23.061 27051 27354 I FIRST   : ======= INIT START =======
03-12 13:03:23.062 27051 27398 V RobotCore: thread: 'SetupRunnable.run()' starting...
03-12 13:03:23.093 27051 27354 D OpmodeRegistration: registered {TestMotor} as {Util LocateMotor 1}
03-12 13:03:23.093 27051 27354 D OpmodeRegistration: registered {TestMotorNoEncoders} as {Util LocateMotor No Encoders}
03-12 13:03:23.094 27051 27354 D OpmodeRegistration: registered {AutonDefensiveExtraButton} as {AutoNomous 02 Defensive EXTRA BUTTON}
03-12 13:03:23.095 27051 27354 D OpmodeRegistration: registered {AutonDoubleShot_00_ToRamp} as {AutoDOUBLE Shot 00 To Ramp}
03-12 13:03:23.095 27051 27354 D OpmodeRegistration: registered {AutonDoubleShot_01_PushCapBall} as {AutoDouble Shot 01 Push Cap Ball}
03-12 13:03:23.096 27051 27354 D OpmodeRegistration: registered {AutonNoBallExtraButton} as {AutoNomous 01 No Ball (To Ramp) EXTRA BUTTON}
